Archive member included to satisfy reference by file (symbol)

app/libapp.a(main.c.obj)      (--whole-archive)
zephyr/libzephyr.a(cbprintf_packaged.c.obj)
                              (--whole-archive)
zephyr/libzephyr.a(crc32c_sw.c.obj)
                              (--whole-archive)
zephyr/libzephyr.a(crc32_sw.c.obj)
                              (--whole-archive)
zephyr/libzephyr.a(crc16_sw.c.obj)
                              (--whole-archive)
zephyr/libzephyr.a(crc8_sw.c.obj)
                              (--whole-archive)
zephyr/libzephyr.a(crc7_sw.c.obj)
                              (--whole-archive)
zephyr/libzephyr.a(dec.c.obj)
                              (--whole-archive)
zephyr/libzephyr.a(fdtable.c.obj)
                              (--whole-archive)
zephyr/libzephyr.a(hex.c.obj)
                              (--whole-archive)
zephyr/libzephyr.a(notify.c.obj)
                              (--whole-archive)
zephyr/libzephyr.a(printk.c.obj)
                              (--whole-archive)
zephyr/libzephyr.a(onoff.c.obj)
                              (--whole-archive)
zephyr/libzephyr.a(rb.c.obj)  (--whole-archive)
zephyr/libzephyr.a(sem.c.obj)
                              (--whole-archive)
zephyr/libzephyr.a(thread_entry.c.obj)
                              (--whole-archive)
zephyr/libzephyr.a(timeutil.c.obj)
                              (--whole-archive)
zephyr/libzephyr.a(heap.c.obj)
                              (--whole-archive)
zephyr/libzephyr.a(heap-validate.c.obj)
                              (--whole-archive)
zephyr/libzephyr.a(bitarray.c.obj)
                              (--whole-archive)
zephyr/libzephyr.a(multi_heap.c.obj)
                              (--whole-archive)
zephyr/libzephyr.a(cbprintf_complete.c.obj)
                              (--whole-archive)
zephyr/libzephyr.a(cbprintf.c.obj)
                              (--whole-archive)
zephyr/libzephyr.a(assert.c.obj)
                              (--whole-archive)
zephyr/libzephyr.a(mpsc_pbuf.c.obj)
                              (--whole-archive)
zephyr/libzephyr.a(configs.c.obj)
                              (--whole-archive)
zephyr/libzephyr.a(soc.c.obj)
                              (--whole-archive)
zephyr/libzephyr.a(power.c.obj)
                              (--whole-archive)
zephyr/libzephyr.a(sync_rtc.c.obj)
                              (--whole-archive)
zephyr/libzephyr.a(soc_nrf_common.S.obj)
                              (--whole-archive)
zephyr/libzephyr.a(validate_base_addresses.c.obj)
                              (--whole-archive)
zephyr/libzephyr.a(validate_enabled_instances.c.obj)
                              (--whole-archive)
zephyr/libzephyr.a(thread_info.c.obj)
                              (--whole-archive)
zephyr/libzephyr.a(log_core.c.obj)
                              (--whole-archive)
zephyr/libzephyr.a(log_mgmt.c.obj)
                              (--whole-archive)
zephyr/libzephyr.a(log_msg.c.obj)
                              (--whole-archive)
zephyr/libzephyr.a(log_output.c.obj)
                              (--whole-archive)
zephyr/libzephyr.a(log_backend_rtt.c.obj)
                              (--whole-archive)
zephyr/libzephyr.a(ipc_service.c.obj)
                              (--whole-archive)
zephyr/libzephyr.a(ipc_rpmsg_static_vrings.c.obj)
                              (--whole-archive)
zephyr/libzephyr.a(ipc_rpmsg.c.obj)
                              (--whole-archive)
zephyr/libzephyr.a(ipc_static_vrings.c.obj)
                              (--whole-archive)
zephyr/libzephyr.a(pm.c.obj)  (--whole-archive)
zephyr/libzephyr.a(policy.c.obj)
                              (--whole-archive)
zephyr/libzephyr.a(state.c.obj)
                              (--whole-archive)
zephyr/libzephyr.a(tracing_none.c.obj)
                              (--whole-archive)
zephyr/libzephyr.a(flash_map_partition_manager.c.obj)
                              (--whole-archive)
zephyr/libzephyr.a(nrf_cc3xx_platform_abort_zephyr.c.obj)
                              (--whole-archive)
zephyr/libzephyr.a(nrf_cc3xx_platform_mutex_zephyr.c.obj)
                              (--whole-archive)
zephyr/arch/common/libarch__common.a(sw_isr_common.c.obj)
                              (--whole-archive)
zephyr/arch/arch/arm/core/aarch32/libarch__arm__core__aarch32.a(cpu_idle.S.obj)
                              (--whole-archive)
zephyr/arch/arch/arm/core/aarch32/libarch__arm__core__aarch32.a(fatal.c.obj)
                              (--whole-archive)
zephyr/arch/arch/arm/core/aarch32/libarch__arm__core__aarch32.a(irq_manage.c.obj)
                              (--whole-archive)
zephyr/arch/arch/arm/core/aarch32/libarch__arm__core__aarch32.a(nmi.c.obj)
                              (--whole-archive)
zephyr/arch/arch/arm/core/aarch32/libarch__arm__core__aarch32.a(nmi_on_reset.S.obj)
                              (--whole-archive)
zephyr/arch/arch/arm/core/aarch32/libarch__arm__core__aarch32.a(prep_c.c.obj)
[...]
Memory Configuration

Name             Origin             Length             Attributes
FLASH            0x0000000000000000 0x0000000000100000 xr
SRAM             0x0000000020000000 0x0000000000070000 xw
IDT_LIST         0x00000000fffff7ff 0x0000000000000800 xw
*default*        0x0000000000000000 0xffffffffffffffff

Linker script and memory map

LOAD zephyr/CMakeFiles/zephyr_pre0.dir/misc/empty_file.c.obj
LOAD zephyr/CMakeFiles/offsets.dir/./arch/arm/core/offsets/offsets.c.obj
                0x0000000000000020                _region_min_align = 0x20

.rel.plt        0x0000000000000000        0x0
 *(SORT_BY_ALIGNMENT(.rel.plt))
                [!provide]                        PROVIDE (__rel_iplt_start = .)
 *(SORT_BY_ALIGNMENT(.rel.iplt))
 .rel.iplt      0x0000000000000000        0x0 app/libapp.a(main.c.obj)
                [!provide]                        PROVIDE (__rel_iplt_end = .)

.rela.plt       0x0000000000000000        0x0
 *(SORT_BY_ALIGNMENT(.rela.plt))
                [!provide]                        PROVIDE (__rela_iplt_start = .)
 *(SORT_BY_ALIGNMENT(.rela.iplt))
                [!provide]                        PROVIDE (__rela_iplt_end = .)

.rel.dyn
 *(SORT_BY_ALIGNMENT(.rel.*))

.rela.dyn
 *(SORT_BY_ALIGNMENT(.rela.*))

/DISCARD/
 *(SORT_BY_ALIGNMENT(.plt))

/DISCARD/
 *(SORT_BY_ALIGNMENT(.iplt))
                0x0000000000000000                __rom_region_start = 0x0

rom_start       0x0000000000000000      0x154
                0x0000000000000000                . = 0x0
                0x0000000000000000                . = ALIGN (0x4)
                0x0000000000000000                . = ALIGN (0x80)
                0x0000000000000000                . = ALIGN (0x200)
                0x0000000000000000                _vector_start = .
 *(SORT_BY_ALIGNMENT(.exc_vector_table))
 *(SORT_BY_ALIGNMENT(.exc_vector_table.*))
 .exc_vector_table._vector_table_section
                0x0000000000000000       0x40 zephyr/arch/arch/arm/core/aarch32/cortex_m/libarch__arm__core__aarch32__cortex_m.a(vector_table.S.obj)
                0x0000000000000000                _vector_table
 *(SORT_BY_ALIGNMENT(.vectors))
                0x0000000000000154                _vector_end = .
                0x0000000000000040                . = ALIGN (0x4)
 *(SORT_BY_ALIGNMENT(.gnu.linkonce.irq_vector_table*))
 .gnu.linkonce.irq_vector_table
                0x0000000000000040      0x114 zephyr/arch/common/libisr_tables.a(isr_tables.c.obj)
                0x0000000000000040                _irq_vector_table
                0x0000000000000154                _vector_end = .

text            0x0000000000000154    0x134f0
                0x0000000000000154                __text_region_start = .
 *(SORT_BY_ALIGNMENT(.text))
 .text          0x0000000000000154       0x30 /home/neuberfran/zephyr-sdk-0.16.0/arm-zephyr-eabi/bin/../lib/gcc/arm-zephyr-eabi/12.2.0/thumb/v8-m.main/nofp/libgcc.a(_aeabi_uldivmod.o)
                0x0000000000000154                __aeabi_uldivmod
 .text          0x0000000000000184        0x4 /home/neuberfran/zephyr-sdk-0.16.0/arm-zephyr-eabi/bin/../lib/gcc/arm-zephyr-eabi/12.2.0/thumb/v8-m.main/nofp/libgcc.a(_dvmd_tls.o)
                0x0000000000000184                __aeabi_ldiv0
                0x0000000000000184                __aeabi_idiv0
 .text          0x0000000000000188      0x29c /home/neuberfran/zephyr-sdk-0.16.0/arm-zephyr-eabi/bin/../lib/gcc/arm-zephyr-eabi/12.2.0/thumb/v8-m.main/nofp/libgcc.a(_udivmoddi4.o)
                0x0000000000000188                __udivmoddi4
 *(SORT_BY_ALIGNMENT(.text.*))
 .text.ep_recv  0x0000000000000424       0x1c app/libapp.a(main.c.obj)
 .text.ep_bound
                0x0000000000000440       0x10 app/libapp.a(main.c.obj)
 .text.main     0x0000000000000450      0x438 app/libapp.a(main.c.obj)
                0x0000000000000450                main
 .text.get_package_len
                0x0000000000000888       0x50 zephyr/libzephyr.a(cbprintf_packaged.c.obj)
 .text.cbvprintf_package
                0x00000000000008d8      0x508 zephyr/libzephyr.a(cbprintf_packaged.c.obj)
                0x00000000000008d8                cbvprintf_package
 .text.cbprintf_package_convert
                0x0000000000000de0      0x3f0 zephyr/libzephyr.a(cbprintf_packaged.c.obj)
                0x0000000000000de0                cbprintf_package_convert
 .text.sys_notify_finalize
                0x00000000000011d0       0x48 zephyr/libzephyr.a(notify.c.obj)
                0x00000000000011d0                sys_notify_finalize
 .text.__printk_hook_install
                0x0000000000001218        0xc zephyr/libzephyr.a(printk.c.obj)
                0x0000000000001218                __printk_hook_install
 .text.vsnprintk
                0x0000000000001224       0x30 zephyr/libzephyr.a(printk.c.obj)
                0x0000000000001224                vsnprintk
 .text.process_complete
                0x0000000000001254       0xec zephyr/libzephyr.a(onoff.c.obj)
 .text.process_event
                0x0000000000001340      0x3c8 zephyr/libzephyr.a(onoff.c.obj)
 .text.transition_complete
                0x0000000000001708       0x6c zephyr/libzephyr.a(onoff.c.obj)
 .text.onoff_request
                0x0000000000001774      0x17c zephyr/libzephyr.a(onoff.c.obj)
                0x0000000000001774                onoff_request
 .text.onoff_sync_lock
                0x00000000000018f0       0x58 zephyr/libzephyr.a(onoff.c.obj)
                0x00000000000018f0                onoff_sync_lock
 .text.onoff_sync_finalize
                0x0000000000001948       0xc8 zephyr/libzephyr.a(onoff.c.obj)
                0x0000000000001948                onoff_sync_finalize
 .text.sys_heap_aligned_alloc
                0x0000000000001a10      0x158 zephyr/libzephyr.a(heap.c.obj)
                0x0000000000001a10                sys_heap_aligned_alloc
 .text.sys_heap_init
                0x0000000000001b68      0x1a4 zephyr/libzephyr.a(heap.c.obj)
                0x0000000000001b68                sys_heap_init
 .text.extract_flags
                0x0000000000001d0c       0xc4 zephyr/libzephyr.a(cbprintf_complete.c.obj)
 .text.z_cbvprintf_impl
                0x0000000000001dd0      0x598 zephyr/libzephyr.a(cbprintf_complete.c.obj)
                0x0000000000001dd0                z_cbvprintf_impl
 .text.mpsc_pbuf_init
                0x0000000000002368       0x68 zephyr/libzephyr.a(mpsc_pbuf.c.obj)
                0x0000000000002368                mpsc_pbuf_init
 .text.mpsc_pbuf_alloc
                0x00000000000023d0      0x200 zephyr/libzephyr.a(mpsc_pbuf.c.obj)
                0x00000000000023d0                mpsc_pbuf_alloc
 .text.mpsc_pbuf_commit
                0x00000000000025d0       0xd0 zephyr/libzephyr.a(mpsc_pbuf.c.obj)
                0x00000000000025d0                mpsc_pbuf_commit
 .text.mpsc_pbuf_claim
                0x00000000000026a0      0x16c zephyr/libzephyr.a(mpsc_pbuf.c.obj)
                0x00000000000026a0                mpsc_pbuf_claim
 .text.mpsc_pbuf_free
                0x000000000000280c       0xf4 zephyr/libzephyr.a(mpsc_pbuf.c.obj)
                0x000000000000280c                mpsc_pbuf_free
 .text.nrfx_coredep_delay_us
                0x0000000000002900       0x2c zephyr/libzephyr.a(soc.c.obj)
 .text.nrf_gpio_pin_port_decode
                0x000000000000292c       0x78 zephyr/libzephyr.a(soc.c.obj)
 .text.nordicsemi_nrf53_init
                0x00000000000029a4       0x6c zephyr/libzephyr.a(soc.c.obj)
 .text.pm_state_set
                0x0000000000002a10       0x14 zephyr/libzephyr.a(power.c.obj)
                0x0000000000002a10                pm_state_set
 .text.mbox_rx_init
                0x0000000000002a24       0x30 zephyr/libzephyr.a(sync_rtc.c.obj)
 .text.nrf_ipc_send_task_get
                0x0000000000002a54       0x38 zephyr/libzephyr.a(sync_rtc.c.obj)
 .text.nrfx_gppi_event_endpoint_setup
                0x0000000000002a8c       0x3c zephyr/libzephyr.a(sync_rtc.c.obj)
 .text.nrfx_gppi_event_endpoint_clear
                0x0000000000002ac8       0x38 zephyr/libzephyr.a(sync_rtc.c.obj)
 .text.nrf_ipc_receive_event_get
                0x0000000000002b00       0x38 zephyr/libzephyr.a(sync_rtc.c.obj)
 .text.nrfx_gppi_task_endpoint_setup
                0x0000000000002b38       0x3c zephyr/libzephyr.a(sync_rtc.c.obj)
 .text.nrfx_gppi_task_endpoint_clear
                0x0000000000002b74       0x38 zephyr/libzephyr.a(sync_rtc.c.obj)
 .text.free_resources
                0x0000000000002bac       0x50 zephyr/libzephyr.a(sync_rtc.c.obj)
 .text.ppi_rtc_to_ipc
                0x0000000000002bfc       0x44 zephyr/libzephyr.a(sync_rtc.c.obj)
 .text.ppi_ipc_to_rtc
                0x0000000000002c40       0x40 zephyr/libzephyr.a(sync_rtc.c.obj)
 .text.remote_callback
                0x0000000000002c80       0x40 zephyr/libzephyr.a(sync_rtc.c.obj)
 .text.mbox_callback
                0x0000000000002cc0       0x44 zephyr/libzephyr.a(sync_rtc.c.obj)
 .text.sync_rtc_setup
                0x0000000000002d04       0xe4 zephyr/libzephyr.a(sync_rtc.c.obj)
 .text.z_arm_platform_init
                0x0000000000002de8        0x4 zephyr/libzephyr.a(soc_nrf_common.S.obj)
                0x0000000000002de8                z_arm_platform_init
 .text.log_backend_is_active
                0x0000000000002dec       0x34 zephyr/libzephyr.a(log_core.c.obj)
 .text.log_backend_init
                0x0000000000002e20       0x38 zephyr/libzephyr.a(log_core.c.obj)
 .text.log_backend_is_ready
                0x0000000000002e58       0x3c zephyr/libzephyr.a(log_core.c.obj)
 .text.log_backend_panic
                0x0000000000002e94       0x34 zephyr/libzephyr.a(log_core.c.obj)
 .text.log_backend_dropped
                0x0000000000002ec8       0x3c zephyr/libzephyr.a(log_core.c.obj)
 .text.log_backend_msg_process
                0x0000000000002f04       0x58 zephyr/libzephyr.a(log_core.c.obj)
 .text.msg_process
                0x0000000000002f5c       0x48 zephyr/libzephyr.a(log_core.c.obj)
 .text.log_backend_notify
                0x0000000000002fa4       0x44 zephyr/libzephyr.a(log_core.c.obj)
 .text.log_backend_notify_all
                0x0000000000002fe8       0x30 zephyr/libzephyr.a(log_core.c.obj)
 .text.activate_foreach_backend
                0x0000000000003018       0x50 zephyr/libzephyr.a(log_core.c.obj)
 .text.z_log_init
                0x0000000000003068       0xbc zephyr/libzephyr.a(log_core.c.obj)
 .text.thread_set
                0x0000000000003124       0x28 zephyr/libzephyr.a(log_core.c.obj)
 .text.log_process_thread_timer_expiry_fn
                0x000000000000314c       0x10 zephyr/libzephyr.a(log_core.c.obj)
 .text.enable_logger
                0x000000000000315c       0x5c zephyr/libzephyr.a(log_core.c.obj)
 .text.log_format_func_t_get
                0x00000000000031b8        0xc zephyr/libzephyr.a(log_core.c.obj)
                0x00000000000031b8                log_format_func_t_get
 .text.log_set_timestamp_func
                0x00000000000031c4       0x1c zephyr/libzephyr.a(log_core.c.obj)
                0x00000000000031c4                log_set_timestamp_func
 .text.z_log_notify_backend_enabled
                0x00000000000031e0       0x20 zephyr/libzephyr.a(log_core.c.obj)
                0x00000000000031e0                z_log_notify_backend_enabled
 .text.z_log_dropped
                0x0000000000003200       0x30 zephyr/libzephyr.a(log_core.c.obj)
                0x0000000000003200                z_log_dropped
 .text.z_log_dropped_read_and_clear
                0x0000000000003230       0x18 zephyr/libzephyr.a(log_core.c.obj)
                0x0000000000003230                z_log_dropped_read_and_clear
 .text.dropped_notify
                0x0000000000003248       0x40 zephyr/libzephyr.a(log_core.c.obj)
                0x0000000000003248                dropped_notify
 .text.z_log_dropped_pending
                0x0000000000003288       0x14 zephyr/libzephyr.a(log_core.c.obj)
                0x0000000000003288                z_log_dropped_pending
 .text.z_log_msg_init
                0x000000000000329c       0x14 zephyr/libzephyr.a(log_core.c.obj)
                0x000000000000329c                z_log_msg_init
 .text.log_core_init
                0x00000000000032b0       0x28 zephyr/libzephyr.a(log_core.c.obj)
                0x00000000000032b0                log_core_init
 .text.z_log_msg_alloc
                0x00000000000032d8       0x14 zephyr/libzephyr.a(log_core.c.obj)
                0x00000000000032d8                z_log_msg_alloc
 .text.z_log_msg_claim
                0x00000000000032ec       0x10 zephyr/libzephyr.a(log_core.c.obj)
                0x00000000000032ec                z_log_msg_claim
 .text.z_log_msg_free
                0x00000000000032fc       0x10 zephyr/libzephyr.a(log_core.c.obj)
                0x00000000000032fc                z_log_msg_free
 .text.z_log_msg_pending
                0x000000000000330c       0x10 zephyr/libzephyr.a(log_core.c.obj)
                0x000000000000330c                z_log_msg_pending
 .text.z_impl_log_process
                0x000000000000331c       0x48 zephyr/libzephyr.a(log_core.c.obj)
                0x000000000000331c                z_impl_log_process
 .text.z_impl_log_panic
                0x0000000000003364       0x58 zephyr/libzephyr.a(log_core.c.obj)
                0x0000000000003364                z_impl_log_panic
 .text.z_log_msg_post_finalize
                0x00000000000033bc       0xf4 zephyr/libzephyr.a(log_core.c.obj)
 .text.z_log_msg_commit
                0x00000000000034b0       0x24 zephyr/libzephyr.a(log_core.c.obj)
                0x00000000000034b0                z_log_msg_commit
 .text.log_process_thread_func
                0x00000000000034d4       0xac zephyr/libzephyr.a(log_core.c.obj)
 .text.log_backend_id_set
                0x0000000000003580       0x34 zephyr/libzephyr.a(log_mgmt.c.obj)
 .text.log_backend_activate
                0x00000000000035b4       0x3c zephyr/libzephyr.a(log_mgmt.c.obj)
 .text.log_source_name_get
                0x00000000000035f0       0x20 zephyr/libzephyr.a(log_mgmt.c.obj)
                0x00000000000035f0                log_source_name_get
 .text.log_backend_enable
                0x0000000000003610       0x28 zephyr/libzephyr.a(log_mgmt.c.obj)
                0x0000000000003610                log_backend_enable
 .text.cbprintf_package_copy
                0x0000000000003638       0x30 zephyr/libzephyr.a(log_msg.c.obj)
 .text.z_impl_z_log_msg_static_create
                0x0000000000003668       0xbc zephyr/libzephyr.a(log_msg.c.obj)
                0x0000000000003668                z_impl_z_log_msg_static_create
 .text.z_impl_z_log_msg_runtime_vcreate
                0x0000000000003724       0xd8 zephyr/libzephyr.a(log_msg.c.obj)
                0x0000000000003724                z_impl_z_log_msg_runtime_vcreate
 .text.print_formatted
                0x00000000000037fc       0x28 zephyr/libzephyr.a(log_output.c.obj)
 .text.timestamp_print
                0x0000000000003824       0x8c zephyr/libzephyr.a(log_output.c.obj)
 .text.color_print
                0x00000000000038b0       0x2c zephyr/libzephyr.a(log_output.c.obj)
 .text.ids_print
                0x00000000000038dc       0x6c zephyr/libzephyr.a(log_output.c.obj)
 .text.prefix_print
                0x0000000000003948       0x74 zephyr/libzephyr.a(log_output.c.obj)
 .text.newline_print
                0x00000000000039bc       0x28 zephyr/libzephyr.a(log_output.c.obj)
 .text.hexdump_line_print
                0x00000000000039e4       0xbc zephyr/libzephyr.a(log_output.c.obj)
 .text.out_func
                0x0000000000003aa0       0x60 zephyr/libzephyr.a(log_output.c.obj)
 .text.log_output_process
                0x0000000000003b00       0xa4 zephyr/libzephyr.a(log_output.c.obj)
                0x0000000000003b00                log_output_process
 .text.log_output_msg_process
                0x0000000000003ba4       0x6c zephyr/libzephyr.a(log_output.c.obj)
                0x0000000000003ba4                log_output_msg_process
 .text.log_output_dropped_process
                0x0000000000003c10       0x58 zephyr/libzephyr.a(log_output.c.obj)
                0x0000000000003c10                log_output_dropped_process
 .text.log_output_timestamp_freq_set
                0x0000000000003c68       0x2c zephyr/libzephyr.a(log_output.c.obj)
                0x0000000000003c68                log_output_timestamp_freq_set
 .text.log_backend_rtt_init
                0x0000000000003c94       0x1c zephyr/libzephyr.a(log_backend_rtt.c.obj)
 .text.format_set
                0x0000000000003cb0        0xc zephyr/libzephyr.a(log_backend_rtt.c.obj)
 .text.on_failed_write
                0x0000000000003cbc       0x2c zephyr/libzephyr.a(log_backend_rtt.c.obj)
 .text.on_write
                0x0000000000003ce8       0x38 zephyr/libzephyr.a(log_backend_rtt.c.obj)
 .text.data_out_block_mode
                0x0000000000003d20       0x70 zephyr/libzephyr.a(log_backend_rtt.c.obj)
 .text.panic    0x0000000000003d90       0x18 zephyr/libzephyr.a(log_backend_rtt.c.obj)
 .text.dropped  0x0000000000003da8       0x10 zephyr/libzephyr.a(log_backend_rtt.c.obj)
 .text.process  0x0000000000003db8       0x20 zephyr/libzephyr.a(log_backend_rtt.c.obj)
 .text.ipc_service_open_instance
                0x0000000000003dd8       0xc8 zephyr/libzephyr.a(ipc_service.c.obj)
                0x0000000000003dd8                ipc_service_open_instance
 .text.ipc_service_register_endpoint
                0x0000000000003ea0       0xd0 zephyr/libzephyr.a(ipc_service.c.obj)
                0x0000000000003ea0                ipc_service_register_endpoint
 .text.ipc_service_send
                0x0000000000003f70      0x128 zephyr/libzephyr.a(ipc_service.c.obj)
                0x0000000000003f70                ipc_service_send
 .text.get_available_ept_slot
                0x0000000000004098       0x10 zephyr/libzephyr.a(ipc_rpmsg_static_vrings.c.obj)
 .text.advertise_ept
                0x00000000000040a8       0x3c zephyr/libzephyr.a(ipc_rpmsg_static_vrings.c.obj)
 .text.send     0x00000000000040e4       0x48 zephyr/libzephyr.a(ipc_rpmsg_static_vrings.c.obj)
 .text.bound_cb
                0x000000000000412c       0x1c zephyr/libzephyr.a(ipc_rpmsg_static_vrings.c.obj)
 .text.mbox_init
                0x0000000000004148       0x6c zephyr/libzephyr.a(ipc_rpmsg_static_vrings.c.obj)
 .text.open     0x00000000000041b4       0xe0 zephyr/libzephyr.a(ipc_rpmsg_static_vrings.c.obj)
 .text.shared_memory_prepare
                0x0000000000004294       0x44 zephyr/libzephyr.a(ipc_rpmsg_static_vrings.c.obj)
 .text.ns_bind_cb
                0x00000000000042d8       0x78 zephyr/libzephyr.a(ipc_rpmsg.c.obj)
 .text.ipc_rpmsg_register_ept
                0x0000000000004350       0x48 zephyr/libzephyr.a(ipc_rpmsg.c.obj)
                0x0000000000004350                ipc_rpmsg_register_ept
 .text.ipc_rpmsg_init
                0x0000000000004398       0x6c zephyr/libzephyr.a(ipc_rpmsg.c.obj)
                0x0000000000004398                ipc_rpmsg_init
 .text.libmetal_setup
                0x0000000000004404       0x58 zephyr/libzephyr.a(ipc_static_vrings.c.obj)
 .text.vq_setup
                0x000000000000445c       0x84 zephyr/libzephyr.a(ipc_static_vrings.c.obj)
 .text.ipc_static_vrings_init
                0x00000000000044e0       0x54 zephyr/libzephyr.a(ipc_static_vrings.c.obj)
                0x00000000000044e0                ipc_static_vrings_init
 .text.pm_exit_pos_ops
                0x0000000000004534       0x20 zephyr/libzephyr.a(pm.c.obj)
 .text.pm_state_notify
                0x0000000000004554       0xcc zephyr/libzephyr.a(pm.c.obj)
 .text.pm_system_resume
                0x0000000000004620       0x48 zephyr/libzephyr.a(pm.c.obj)
                0x0000000000004620                pm_system_resume
 .text.pm_system_suspend
                0x0000000000004668      0x180 zephyr/libzephyr.a(pm.c.obj)
                0x0000000000004668                pm_system_suspend
 .text.pm_policy_next_state
                0x00000000000047e8       0x98 zephyr/libzephyr.a(policy.c.obj)
                0x00000000000047e8                pm_policy_next_state
 .text.pm_state_cpu_get_all
                0x0000000000004880       0x10 zephyr/libzephyr.a(state.c.obj)
                0x0000000000004880                pm_state_cpu_get_all
 .text.nrf_cc3xx_platform_abort_init
                0x0000000000004890       0x10 zephyr/libzephyr.a(nrf_cc3xx_platform_abort_zephyr.c.obj)
                0x0000000000004890                nrf_cc3xx_platform_abort_init
 .text.mutex_unlock_platform
                0x00000000000048a0       0x60 zephyr/libzephyr.a(nrf_cc3xx_platform_mutex_zephyr.c.obj)
 .text.mutex_lock_platform
                0x0000000000004900       0x74 zephyr/libzephyr.a(nrf_cc3xx_platform_mutex_zephyr.c.obj)
 .text.mutex_free_platform
                0x0000000000004974       0x4c zephyr/libzephyr.a(nrf_cc3xx_platform_mutex_zephyr.c.obj)
 .text.mutex_init_platform
                0x00000000000049c0       0x74 zephyr/libzephyr.a(nrf_cc3xx_platform_mutex_zephyr.c.obj)
 .text.nrf_cc3xx_platform_mutex_init
                0x0000000000004a34       0x28 zephyr/libzephyr.a(nrf_cc3xx_platform_mutex_zephyr.c.obj)
                0x0000000000004a34                nrf_cc3xx_platform_mutex_init
 .text.z_arm_cpu_idle_init
                0x0000000000004a5c        0xc zephyr/arch/arch/arm/core/aarch32/libarch__arm__core__aarch32.a(cpu_idle.S.obj)
                0x0000000000004a5c                z_arm_cpu_idle_init
 .text.arch_cpu_idle
                0x0000000000004a68       0x1c zephyr/arch/arch/arm/core/aarch32/libarch__arm__core__aarch32.a(cpu_idle.S.obj)
                0x0000000000004a68                arch_cpu_idle
 .text.arch_cpu_atomic_idle
                0x0000000000004a84       0x14 zephyr/arch/arch/arm/core/aarch32/libarch__arm__core__aarch32.a(cpu_idle.S.obj)
                0x0000000000004a84                arch_cpu_atomic_idle
 .text.esf_dump
                0x0000000000004a98      0x24c zephyr/arch/arch/arm/core/aarch32/libarch__arm__core__aarch32.a(fatal.c.obj)
 .text.__NVIC_EnableIRQ
                0x0000000000004ce4       0x1c zephyr/arch/arch/arm/core/aarch32/libarch__arm__core__aarch32.a(irq_manage.c.obj)
 .text.__NVIC_DisableIRQ
                0x0000000000004d00       0x24 zephyr/arch/arch/arm/core/aarch32/libarch__arm__core__aarch32.a(irq_manage.c.obj)
 .text.__NVIC_SetPriority
                0x0000000000004d24       0x28 zephyr/arch/arch/arm/core/aarch32/libarch__arm__core__aarch32.a(irq_manage.c.obj)
 .text.arch_irq_is_enabled
                0x0000000000004d4c       0x1c zephyr/arch/arch/arm/core/aarch32/libarch__arm__core__aarch32.a(irq_manage.c.obj)
                0x0000000000004d4c                arch_irq_is_enabled
 .text.z_arm_irq_priority_set
                0x0000000000004d68       0x4c zephyr/arch/arch/arm/core/aarch32/libarch__arm__core__aarch32.a(irq_manage.c.obj)
                0x0000000000004d68                z_arm_irq_priority_set
 .text.z_SysNmiOnReset
                0x0000000000004db4        0x8 zephyr/arch/arch/arm/core/aarch32/libarch__arm__core__aarch32.a(nmi_on_reset.S.obj)
                0x0000000000004db4                z_SysNmiOnReset
 .text.z_arm_prep_c
                0x0000000000004dbc       0x38 zephyr/arch/arch/arm/core/aarch32/libarch__arm__core__aarch32.a(prep_c.c.obj)
                0x0000000000004dbc                z_arm_prep_c
 .text.arch_swap
                0x0000000000004df4       0x38 zephyr/arch/arch/arm/core/aarch32/libarch__arm__core__aarch32.a(swap.c.obj)
                0x0000000000004df4                arch_swap
 .text.z_arm_pendsv
                0x0000000000004e2c       0x5c zephyr/arch/arch/arm/core/aarch32/libarch__arm__core__aarch32.a(swap_helper.S.obj)
                0x0000000000004e2c                z_arm_pendsv
 .text.z_arm_svc
                0x0000000000004e88       0x20 zephyr/arch/arch/arm/core/aarch32/libarch__arm__core__aarch32.a(swap_helper.S.obj)
                0x0000000000004e88                z_arm_svc
 .text.arch_new_thread
                0x0000000000004ea8       0x44 zephyr/arch/arch/arm/core/aarch32/libarch__arm__core__aarch32.a(thread.c.obj)
                0x0000000000004ea8                arch_new_thread
 .text.arch_switch_to_main_thread
                0x0000000000004eec       0x2c zephyr/arch/arch/arm/core/aarch32/libarch__arm__core__aarch32.a(thread.c.obj)
                0x0000000000004eec                arch_switch_to_main_thread
 .text._isr_wrapper
                0x0000000000004f18       0x40 zephyr/arch/arch/arm/core/aarch32/libarch__arm__core__aarch32.a(isr_wrapper.S.obj)
                0x0000000000004f18                _isr_wrapper
 .text._HandlerModeExit
                0x0000000000004f58       0x1c zephyr/arch/arch/arm/core/aarch32/cortex_m/libarch__arm__core__aarch32__cortex_m.a(exc_exit.S.obj)
                0x0000000000004f58                z_arm_exc_exit
                0x0000000000004f58                z_arm_int_exit
 .text.get_esf  0x0000000000004f74       0x88 zephyr/arch/arch/arm/core/aarch32/cortex_m/libarch__arm__core__aarch32__cortex_m.a(fault.c.obj)
 .text.mem_manage_fault
                0x0000000000004ffc      0x334 zephyr/arch/arch/arm/core/aarch32/cortex_m/libarch__arm__core__aarch32__cortex_m.a(fault.c.obj)
 .text.bus_fault
                0x0000000000005330      0x328 zephyr/arch/arch/arm/core/aarch32/cortex_m/libarch__arm__core__aarch32__cortex_m.a(fault.c.obj)
 .text.usage_fault
                0x0000000000005658      0x2ec zephyr/arch/arch/arm/core/aarch32/cortex_m/libarch__arm__core__aarch32__cortex_m.a(fault.c.obj)
 .text.hard_fault
                0x0000000000005944      0x29c zephyr/arch/arch/arm/core/aarch32/cortex_m/libarch__arm__core__aarch32__cortex_m.a(fault.c.obj)
 .text.debug_monitor
                0x0000000000005be0       0x60 zephyr/arch/arch/arm/core/aarch32/cortex_m/libarch__arm__core__aarch32__cortex_m.a(fault.c.obj)
 .text.reserved_exception
                0x0000000000005c40       0xdc zephyr/arch/arch/arm/core/aarch32/cortex_m/libarch__arm__core__aarch32__cortex_m.a(fault.c.obj)
 .text.z_arm_fault
                0x0000000000005d1c       0xac zephyr/arch/arch/arm/core/aarch32/cortex_m/libarch__arm__core__aarch32__cortex_m.a(fault.c.obj)
                0x0000000000005d1c                z_arm_fault
 .text.z_arm_fault_init
                0x0000000000005dc8       0x18 zephyr/arch/arch/arm/core/aarch32/cortex_m/libarch__arm__core__aarch32__cortex_m.a(fault.c.obj)
                0x0000000000005dc8                z_arm_fault_init
 .text.__fault  0x0000000000005de0       0x14 zephyr/arch/arch/arm/core/aarch32/cortex_m/libarch__arm__core__aarch32__cortex_m.a(fault_s.S.obj)
                0x0000000000005de0                z_arm_bus_fault
                0x0000000000005de0                z_arm_usage_fault
                0x0000000000005de0                z_arm_mpu_fault
                0x0000000000005de0                z_arm_exc_spurious
                0x0000000000005de0                z_arm_debug_monitor
                0x0000000000005de0                z_arm_hard_fault
 .text.z_arm_interrupt_init
                0x0000000000005df4       0x34 zephyr/arch/arch/arm/core/aarch32/cortex_m/libarch__arm__core__aarch32__cortex_m.a(irq_init.c.obj)
                0x0000000000005df4                z_arm_interrupt_init
 .text._reset_section
                0x0000000000005e28       0x68 zephyr/arch/arch/arm/core/aarch32/cortex_m/libarch__arm__core__aarch32__cortex_m.a(reset.S.obj)
                0x0000000000005e28                z_arm_reset
                0x0000000000005e28                __start
 .text.z_arm_clear_arm_mpu_config
                0x0000000000005e90       0x28 zephyr/arch/arch/arm/core/aarch32/cortex_m/libarch__arm__core__aarch32__cortex_m.a(scb.c.obj)
                0x0000000000005e90                z_arm_clear_arm_mpu_config
 .text.z_arm_init_arch_hw_at_boot
                0x0000000000005eb8       0x54 zephyr/arch/arch/arm/core/aarch32/cortex_m/libarch__arm__core__aarch32__cortex_m.a(scb.c.obj)
                0x0000000000005eb8                z_arm_init_arch_hw_at_boot
 .text.z_impl_k_thread_abort
                0x0000000000005f0c       0x34 zephyr/arch/arch/arm/core/aarch32/cortex_m/libarch__arm__core__aarch32__cortex_m.a(thread_abort.c.obj)
                0x0000000000005f0c                z_impl_k_thread_abort
 .text.z_arm_configure_static_mpu_regions
                0x0000000000005f40       0x40 zephyr/arch/arch/arm/core/aarch32/mpu/libarch__arm__core__aarch32__mpu.a(arm_core_mpu.c.obj)
                0x0000000000005f40                z_arm_configure_static_mpu_regions
 .text.mpu_init
                0x0000000000005f80       0x14 zephyr/arch/arch/arm/core/aarch32/mpu/libarch__arm__core__aarch32__mpu.a(arm_mpu.c.obj)
 .text.mpu_set_region
                0x0000000000005f94       0x14 zephyr/arch/arch/arm/core/aarch32/mpu/libarch__arm__core__aarch32__mpu.a(arm_mpu.c.obj)
 .text.mpu_region_get_conf
                0x0000000000005fa8       0x40 zephyr/arch/arch/arm/core/aarch32/mpu/libarch__arm__core__aarch32__mpu.a(arm_mpu.c.obj)
 .text.mpu_mark_areas_for_dynamic_regions
                0x0000000000005fe8       0x60 zephyr/arch/arch/arm/core/aarch32/mpu/libarch__arm__core__aarch32__mpu.a(arm_mpu.c.obj)
 .text.region_allocate_and_init
                0x0000000000006048       0x9c zephyr/arch/arch/arm/core/aarch32/mpu/libarch__arm__core__aarch32__mpu.a(arm_mpu.c.obj)
 .text.mpu_configure_regions_and_partition
                0x00000000000060e4      0x290 zephyr/arch/arch/arm/core/aarch32/mpu/libarch__arm__core__aarch32__mpu.a(arm_mpu.c.obj)
 .text.mpu_configure_static_mpu_regions
                0x0000000000006374       0x14 zephyr/arch/arch/arm/core/aarch32/mpu/libarch__arm__core__aarch32__mpu.a(arm_mpu.c.obj)
 .text.arm_core_mpu_enable
                0x0000000000006388       0x18 zephyr/arch/arch/arm/core/aarch32/mpu/libarch__arm__core__aarch32__mpu.a(arm_mpu.c.obj)
                0x0000000000006388                arm_core_mpu_enable
 .text.arm_core_mpu_disable
                0x00000000000063a0       0x14 zephyr/arch/arch/arm/core/aarch32/mpu/libarch__arm__core__aarch32__mpu.a(arm_mpu.c.obj)
                0x00000000000063a0                arm_core_mpu_disable
 .text.arm_core_mpu_configure_static_mpu_regions
                0x00000000000063b4       0x44 zephyr/arch/arch/arm/core/aarch32/mpu/libarch__arm__core__aarch32__mpu.a(arm_mpu.c.obj)
                0x00000000000063b4                arm_core_mpu_configure_static_mpu_regions
 .text.arm_core_mpu_mark_areas_for_dynamic_regions
                0x00000000000063f8       0x44 zephyr/arch/arch/arm/core/aarch32/mpu/libarch__arm__core__aarch32__mpu.a(arm_mpu.c.obj)
                0x00000000000063f8                arm_core_mpu_mark_areas_for_dynamic_regions
 .text.z_arm_mpu_init
                0x000000000000643c       0xb8 zephyr/arch/arch/arm/core/aarch32/mpu/libarch__arm__core__aarch32__mpu.a(arm_mpu.c.obj)
                0x000000000000643c                z_arm_mpu_init
 .text.__stdout_hook_install
                0x00000000000064f4        0xc zephyr/lib/libc/minimal/liblib__libc__minimal.a(stdout_console.c.obj)
                0x00000000000064f4                __stdout_hook_install
 .text.enable_cpunet
                0x0000000000006500       0x18 zephyr/boards/boards/arm/thingy53_nrf5340_cpuapp/libboards__arm__thingy53_nrf5340.a(board.c.obj)
 .text.get_hf_flags
                0x0000000000006518        0x8 zephyr/drivers/clock_control/libdrivers__clock_control.a(clock_control_nrf.c.obj)
 .text.get_subsys
                0x0000000000006520        0xc zephyr/drivers/clock_control/libdrivers__clock_control.a(clock_control_nrf.c.obj)
 .text.onoff_start
                0x000000000000652c       0x34 zephyr/drivers/clock_control/libdrivers__clock_control.a(clock_control_nrf.c.obj)
 .text.generic_hfclk_stop
                0x0000000000006560       0x28 zephyr/drivers/clock_control/libdrivers__clock_control.a(clock_control_nrf.c.obj)
 .text.sys_notify_init_spinwait
                0x0000000000006588       0x3c zephyr/drivers/clock_control/libdrivers__clock_control.a(clock_control_nrf.c.obj)
 .text.nrf_clock_is_running
                0x00000000000065c4       0x9c zephyr/drivers/clock_control/libdrivers__clock_control.a(clock_control_nrf.c.obj)
 .text.generic_hfclk_start
                0x0000000000006660       0x70 zephyr/drivers/clock_control/libdrivers__clock_control.a(clock_control_nrf.c.obj)
 .text.get_status
                0x00000000000066d0       0x40 zephyr/drivers/clock_control/libdrivers__clock_control.a(clock_control_nrf.c.obj)
 .text.stop     0x0000000000006710       0x60 zephyr/drivers/clock_control/libdrivers__clock_control.a(clock_control_nrf.c.obj)
 .text.onoff_stop
                0x0000000000006770       0x20 zephyr/drivers/clock_control/libdrivers__clock_control.a(clock_control_nrf.c.obj)
 .text.clock_event_handler
                0x0000000000006790       0x90 zephyr/drivers/clock_control/libdrivers__clock_control.a(clock_control_nrf.c.obj)
 .text.lfclk_spinwait
                0x0000000000006820       0xd8 zephyr/drivers/clock_control/libdrivers__clock_control.a(clock_control_nrf.c.obj)
 .text.api_blocking_start
                0x00000000000068f8       0x38 zephyr/drivers/clock_control/libdrivers__clock_control.a(clock_control_nrf.c.obj)
 .text.clk_init
                0x0000000000006930       0x60 zephyr/drivers/clock_control/libdrivers__clock_control.a(clock_control_nrf.c.obj)
 .text.z_nrf_clock_control_lf_on
                0x0000000000006990       0x98 zephyr/drivers/clock_control/libdrivers__clock_control.a(clock_control_nrf.c.obj)
                0x0000000000006990                z_nrf_clock_control_lf_on
 .text.rtt_console_init
                0x0000000000006a28       0x18 zephyr/drivers/console/libdrivers__console.a(rtt_console.c.obj)
 .text.rtt_console_out
                0x0000000000006a40       0x4c zephyr/drivers/console/libdrivers__console.a(rtt_console.c.obj)
 .text.get_dev  0x0000000000006a8c       0x1c zephyr/drivers/gpio/libdrivers__gpio.a(gpio_nrfx.c.obj)
 .text.gpio_manage_callback
                0x0000000000006aa8       0x94 zephyr/drivers/gpio/libdrivers__gpio.a(gpio_nrfx.c.obj)
 .text.nrf_gpio_pin_port_decode
                0x0000000000006b3c       0x78 zephyr/drivers/gpio/libdrivers__gpio.a(gpio_nrfx.c.obj)
 .text.gpio_fire_callbacks
                0x0000000000006bb4       0x7c zephyr/drivers/gpio/libdrivers__gpio.a(gpio_nrfx.c.obj)
 .text.gpio_nrfx_pin_interrupt_configure
                0x0000000000006c30       0xb0 zephyr/drivers/gpio/libdrivers__gpio.a(gpio_nrfx.c.obj)
 .text.gpio_nrfx_pin_configure
                0x0000000000006ce0      0x150 zephyr/drivers/gpio/libdrivers__gpio.a(gpio_nrfx.c.obj)
 .text.gpio_nrfx_init
                0x0000000000006e30       0x3c zephyr/drivers/gpio/libdrivers__gpio.a(gpio_nrfx.c.obj)
 .text.i2c_nrfx_twim_recover_bus
                0x0000000000006e6c       0x40 zephyr/drivers/i2c/libdrivers__i2c.a(i2c_nrfx_twim.c.obj)
 .text.i2c_nrfx_twim_configure
                0x0000000000006eac       0xa8 zephyr/drivers/i2c/libdrivers__i2c.a(i2c_nrfx_twim.c.obj)
 .text.i2c_nrfx_twim_transfer
                0x0000000000006f54      0x4d0 zephyr/drivers/i2c/libdrivers__i2c.a(i2c_nrfx_twim.c.obj)
 .text.event_handler
                0x0000000000007424       0x40 zephyr/drivers/i2c/libdrivers__i2c.a(i2c_nrfx_twim.c.obj)
 .text.i2c_nrfx_twim_init
                0x0000000000007464       0xf8 zephyr/drivers/i2c/libdrivers__i2c.a(i2c_nrfx_twim.c.obj)
 .text.get_nrf_spim_frequency
                0x000000000000755c       0x88 zephyr/drivers/spi/libdrivers__spi.a(spi_nrfx_spim.c.obj)
 .text.gpio_pin_set_raw
                0x00000000000075e4       0x60 zephyr/drivers/spi/libdrivers__spi.a(spi_nrfx_spim.c.obj)
 .text.gpio_pin_set
                0x0000000000007644       0x6c zephyr/drivers/spi/libdrivers__spi.a(spi_nrfx_spim.c.obj)
 .text.z_impl_gpio_pin_configure
                0x00000000000076b0      0x1c4 zephyr/drivers/spi/libdrivers__spi.a(spi_nrfx_spim.c.obj)
 .text.configure
                0x0000000000007874      0x388 zephyr/drivers/spi/libdrivers__spi.a(spi_nrfx_spim.c.obj)
 .text.spi_context_wait_for_completion
                0x0000000000007bfc       0xac zephyr/drivers/spi/libdrivers__spi.a(spi_nrfx_spim.c.obj)
 .text.transfer_next_chunk
                0x0000000000007ca8       0xb4 zephyr/drivers/spi/libdrivers__spi.a(spi_nrfx_spim.c.obj)
 .text.event_handler
                0x0000000000007d5c      0x130 zephyr/drivers/spi/libdrivers__spi.a(spi_nrfx_spim.c.obj)
 .text.spi_context_cs_configure_all
                0x0000000000007e8c      0x100 zephyr/drivers/spi/libdrivers__spi.a(spi_nrfx_spim.c.obj)
 .text.gpio_pin_set_raw
                0x0000000000007f8c       0x60 zephyr/drivers/regulator/libdrivers__regulator.a(regulator_fixed.c.obj)
 .text.gpio_pin_set
                0x0000000000007fec       0x6c zephyr/drivers/regulator/libdrivers__regulator.a(regulator_fixed.c.obj)
 .text.z_impl_gpio_pin_configure
                0x0000000000008058      0x1c4 zephyr/drivers/regulator/libdrivers__regulator.a(regulator_fixed.c.obj)
 .text.common_init
                0x000000000000821c       0xf8 zephyr/drivers/regulator/libdrivers__regulator.a(regulator_fixed.c.obj)
 .text.regulator_fixed_init_sync
                0x0000000000008314      0x138 zephyr/drivers/regulator/libdrivers__regulator.a(regulator_fixed.c.obj)
 .text.baudrate_set
                0x000000000000844c      0x150 zephyr/drivers/serial/libdrivers__serial.a(uart_nrfx_uarte.c.obj)
 .text.uarte_nrfx_poll_out
                0x000000000000859c       0x5c zephyr/drivers/serial/libdrivers__serial.a(uart_nrfx_uarte.c.obj)
 .text.nrfx_gppi_event_endpoint_setup
                0x00000000000085f8       0x3c zephyr/drivers/serial/libdrivers__serial.a(uart_nrfx_uarte.c.obj)
 .text.nrfx_gppi_task_endpoint_setup
                0x0000000000008634       0x3c zephyr/drivers/serial/libdrivers__serial.a(uart_nrfx_uarte.c.obj)
 .text.endtx_stoptx_ppi_init
                0x0000000000008670       0xa0 zephyr/drivers/serial/libdrivers__serial.a(uart_nrfx_uarte.c.obj)
 .text.set_comparator
                0x0000000000008710       0x14 zephyr/drivers/timer/libdrivers__timer.a(nrf_rtc_timer.c.obj)
 .text.get_comparator
                0x0000000000008724       0x10 zephyr/drivers/timer/libdrivers__timer.a(nrf_rtc_timer.c.obj)
 .text.event_enable
                0x0000000000008734       0x14 zephyr/drivers/timer/libdrivers__timer.a(nrf_rtc_timer.c.obj)
 .text.event_disable
                0x0000000000008748       0x14 zephyr/drivers/timer/libdrivers__timer.a(nrf_rtc_timer.c.obj)
 .text.counter  0x000000000000875c        0xc zephyr/drivers/timer/libdrivers__timer.a(nrf_rtc_timer.c.obj)
 .text.compare_int_lock
                0x0000000000008768       0x44 zephyr/drivers/timer/libdrivers__timer.a(nrf_rtc_timer.c.obj)
 .text.channel_processing_check_and_clear
                0x00000000000087ac       0x6c zephyr/drivers/timer/libdrivers__timer.a(nrf_rtc_timer.c.obj)
 .text.compare_int_unlock
                0x0000000000008818       0x50 zephyr/drivers/timer/libdrivers__timer.a(nrf_rtc_timer.c.obj)
 .text.sys_clock_timeout_handler
                0x0000000000008868       0x78 zephyr/drivers/timer/libdrivers__timer.a(nrf_rtc_timer.c.obj)
 .text.z_nrf_rtc_timer_compare_evt_address_get
                0x00000000000088e0       0x3c zephyr/drivers/timer/libdrivers__timer.a(nrf_rtc_timer.c.obj)
                0x00000000000088e0                z_nrf_rtc_timer_compare_evt_address_get
 .text.z_nrf_rtc_timer_capture_task_address_get
                0x000000000000891c       0x44 zephyr/drivers/timer/libdrivers__timer.a(nrf_rtc_timer.c.obj)
                0x000000000000891c                z_nrf_rtc_timer_capture_task_address_get
 .text.z_nrf_rtc_timer_compare_read
                0x0000000000008960       0x3c zephyr/drivers/timer/libdrivers__timer.a(nrf_rtc_timer.c.obj)
                0x0000000000008960                z_nrf_rtc_timer_compare_read
 .text.z_nrf_rtc_timer_read
                0x000000000000899c       0x40 zephyr/drivers/timer/libdrivers__timer.a(nrf_rtc_timer.c.obj)
                0x000000000000899c                z_nrf_rtc_timer_read
 .text.compare_set_nolocks
                0x00000000000089dc       0x98 zephyr/drivers/timer/libdrivers__timer.a(nrf_rtc_timer.c.obj)
 .text.z_nrf_rtc_timer_set
                0x0000000000008a74       0x4c zephyr/drivers/timer/libdrivers__timer.a(nrf_rtc_timer.c.obj)
                0x0000000000008a74                z_nrf_rtc_timer_set
 .text.sys_clock_driver_init
                0x0000000000008ac0       0xa0 zephyr/drivers/timer/libdrivers__timer.a(nrf_rtc_timer.c.obj)
 .text.process_channel
                0x0000000000008b60       0x74 zephyr/drivers/timer/libdrivers__timer.a(nrf_rtc_timer.c.obj)
 .text.rtc_nrf_isr
                0x0000000000008bd4       0x44 zephyr/drivers/timer/libdrivers__timer.a(nrf_rtc_timer.c.obj)
                0x0000000000008bd4                rtc_nrf_isr
 .text.z_nrf_rtc_timer_chan_alloc
                0x0000000000008c18       0x50 zephyr/drivers/timer/libdrivers__timer.a(nrf_rtc_timer.c.obj)
                0x0000000000008c18                z_nrf_rtc_timer_chan_alloc
 .text.z_nrf_rtc_timer_chan_free
                0x0000000000008c68       0x4c zephyr/drivers/timer/libdrivers__timer.a(nrf_rtc_timer.c.obj)
                0x0000000000008c68                z_nrf_rtc_timer_chan_free
 .text.sys_clock_set_timeout
                0x0000000000008cb4       0x64 zephyr/drivers/timer/libdrivers__timer.a(nrf_rtc_timer.c.obj)
                0x0000000000008cb4                sys_clock_set_timeout
 .text.sys_clock_elapsed
                0x0000000000008d18       0x14 zephyr/drivers/timer/libdrivers__timer.a(nrf_rtc_timer.c.obj)
                0x0000000000008d18                sys_clock_elapsed
 .text.nrf_gpio_pin_port_decode
                0x0000000000008d2c       0x78 zephyr/drivers/pinctrl/libdrivers__pinctrl.a(pinctrl_nrf.c.obj)
 .text.pinctrl_configure_pins
                0x0000000000008da4      0x304 zephyr/drivers/pinctrl/libdrivers__pinctrl.a(pinctrl_nrf.c.obj)
                0x0000000000008da4                pinctrl_configure_pins
 .text.nrf_ipc_send_task_get
                0x00000000000090a8       0x38 zephyr/drivers/mbox/libdrivers__mbox.a(mbox_nrfx_ipc.c.obj)
 .text.nrfx_ipc_signal
                0x00000000000090e0       0x40 zephyr/drivers/mbox/libdrivers__mbox.a(mbox_nrfx_ipc.c.obj)
 .text.mbox_nrf_set_enabled
                0x0000000000009120      0x100 zephyr/drivers/mbox/libdrivers__mbox.a(mbox_nrfx_ipc.c.obj)
 .text.mbox_nrf_send
                0x0000000000009220       0x88 zephyr/drivers/mbox/libdrivers__mbox.a(mbox_nrfx_ipc.c.obj)
 .text.mbox_dispatcher
                0x00000000000092a8      0x11c zephyr/drivers/mbox/libdrivers__mbox.a(mbox_nrfx_ipc.c.obj)
 .text.enable_dt_channels
                0x00000000000093c4      0x10c zephyr/drivers/mbox/libdrivers__mbox.a(mbox_nrfx_ipc.c.obj)
 .text.mbox_nrf_init
                0x00000000000094d0       0x2c zephyr/drivers/mbox/libdrivers__mbox.a(mbox_nrfx_ipc.c.obj)
 .text.SystemCoreClockUpdate
                0x00000000000094fc       0x20 modules/hal_nordic/nrfx/libmodules__hal_nordic__nrfx.a(system_nrf5340_application.c.obj)
                0x00000000000094fc                SystemCoreClockUpdate
 .text.SystemInit
                0x000000000000951c      0x160 modules/hal_nordic/nrfx/libmodules__hal_nordic__nrfx.a(system_nrf5340_application.c.obj)
                0x000000000000951c                SystemInit
 .text.nrfx_flag32_alloc
                0x000000000000967c       0x48 modules/hal_nordic/nrfx/libmodules__hal_nordic__nrfx.a(nrfx_flag32_allocator.c.obj)
                0x000000000000967c                nrfx_flag32_alloc
 .text.nrfx_flag32_free
                0x00000000000096c4       0x3c modules/hal_nordic/nrfx/libmodules__hal_nordic__nrfx.a(nrfx_flag32_allocator.c.obj)
                0x00000000000096c4                nrfx_flag32_free
 .text.nrf_clock_is_running
                0x0000000000009700       0x9c modules/hal_nordic/nrfx/libmodules__hal_nordic__nrfx.a(nrfx_clock.c.obj)
 .text.clock_stop
                0x000000000000979c       0xe0 modules/hal_nordic/nrfx/libmodules__hal_nordic__nrfx.a(nrfx_clock.c.obj)
 .text.nrfx_clock_init
                0x000000000000987c       0x50 modules/hal_nordic/nrfx/libmodules__hal_nordic__nrfx.a(nrfx_clock.c.obj)
                0x000000000000987c                nrfx_clock_init
 .text.nrfx_clock_enable
                0x00000000000098cc       0x50 modules/hal_nordic/nrfx/libmodules__hal_nordic__nrfx.a(nrfx_clock.c.obj)
                0x00000000000098cc                nrfx_clock_enable
 .text.nrfx_clock_start
                0x000000000000991c      0x138 modules/hal_nordic/nrfx/libmodules__hal_nordic__nrfx.a(nrfx_clock.c.obj)
                0x000000000000991c                nrfx_clock_start
 .text.nrfx_clock_stop
                0x0000000000009a54       0x40 modules/hal_nordic/nrfx/libmodules__hal_nordic__nrfx.a(nrfx_clock.c.obj)
                0x0000000000009a54                nrfx_clock_stop
 .text.nrfx_power_clock_irq_handler
                0x0000000000009a94       0xc8 modules/hal_nordic/nrfx/libmodules__hal_nordic__nrfx.a(nrfx_clock.c.obj)
                0x0000000000009a94                nrfx_power_clock_irq_handler
 .text.nrfx_dppi_channel_alloc
                0x0000000000009b5c       0x10 modules/hal_nordic/nrfx/libmodules__hal_nordic__nrfx.a(nrfx_dppi.c.obj)
                0x0000000000009b5c                nrfx_dppi_channel_alloc
 .text.nrfx_dppi_channel_free
                0x0000000000009b6c       0x20 modules/hal_nordic/nrfx/libmodules__hal_nordic__nrfx.a(nrfx_dppi.c.obj)
                0x0000000000009b6c                nrfx_dppi_channel_free
 .text.nrf_gpio_latches_read_and_clear
                0x0000000000009b8c       0x40 modules/hal_nordic/nrfx/libmodules__hal_nordic__nrfx.a(nrfx_gpiote.c.obj)
 .text.pin_in_use
                0x0000000000009bcc       0x14 modules/hal_nordic/nrfx/libmodules__hal_nordic__nrfx.a(nrfx_gpiote.c.obj)
 .text.pin_in_use_by_te
                0x0000000000009be0       0x14 modules/hal_nordic/nrfx/libmodules__hal_nordic__nrfx.a(nrfx_gpiote.c.obj)
 .text.pin_has_trigger
                0x0000000000009bf4       0x18 modules/hal_nordic/nrfx/libmodules__hal_nordic__nrfx.a(nrfx_gpiote.c.obj)
 .text.pin_is_output
                0x0000000000009c0c       0x14 modules/hal_nordic/nrfx/libmodules__hal_nordic__nrfx.a(nrfx_gpiote.c.obj)
 .text.pin_te_get
                0x0000000000009c20       0x10 modules/hal_nordic/nrfx/libmodules__hal_nordic__nrfx.a(nrfx_gpiote.c.obj)
 .text.handler_in_use
                0x0000000000009c30       0x34 modules/hal_nordic/nrfx/libmodules__hal_nordic__nrfx.a(nrfx_gpiote.c.obj)
 .text.find_handler
                0x0000000000009c64       0x2c modules/hal_nordic/nrfx/libmodules__hal_nordic__nrfx.a(nrfx_gpiote.c.obj)
 .text.channel_handler_get
                0x0000000000009c90       0x20 modules/hal_nordic/nrfx/libmodules__hal_nordic__nrfx.a(nrfx_gpiote.c.obj)
 .text.call_handler
                0x0000000000009cb0       0x2c modules/hal_nordic/nrfx/libmodules__hal_nordic__nrfx.a(nrfx_gpiote.c.obj)
 .text.release_handler
                0x0000000000009cdc       0x74 modules/hal_nordic/nrfx/libmodules__hal_nordic__nrfx.a(nrfx_gpiote.c.obj)
 .text.pin_handler_trigger_uninit
                0x0000000000009d50       0x3c modules/hal_nordic/nrfx/libmodules__hal_nordic__nrfx.a(nrfx_gpiote.c.obj)
 .text.nrf_gpio_pin_port_decode
                0x0000000000009d8c       0x78 modules/hal_nordic/nrfx/libmodules__hal_nordic__nrfx.a(nrfx_gpiote.c.obj)
 .text.get_initial_sense
                0x0000000000009e04       0x34 modules/hal_nordic/nrfx/libmodules__hal_nordic__nrfx.a(nrfx_gpiote.c.obj)
 .text.nrf_gpiote_in_event_get
                0x0000000000009e38       0x38 modules/hal_nordic/nrfx/libmodules__hal_nordic__nrfx.a(nrfx_gpiote.c.obj)
 .text.pin_handler_set
                0x0000000000009e70       0x6c modules/hal_nordic/nrfx/libmodules__hal_nordic__nrfx.a(nrfx_gpiote.c.obj)
 .text.port_event_handle
                0x0000000000009edc       0x90 modules/hal_nordic/nrfx/libmodules__hal_nordic__nrfx.a(nrfx_gpiote.c.obj)
 .text.gpiote_evt_handle
                0x0000000000009f6c       0x44 modules/hal_nordic/nrfx/libmodules__hal_nordic__nrfx.a(nrfx_gpiote.c.obj)
 .text.nrfx_gpiote_input_configure
                0x0000000000009fb0      0x12c modules/hal_nordic/nrfx/libmodules__hal_nordic__nrfx.a(nrfx_gpiote.c.obj)
                0x0000000000009fb0                nrfx_gpiote_input_configure
 .text.nrfx_gpiote_output_configure
                0x000000000000a0dc       0xd8 modules/hal_nordic/nrfx/libmodules__hal_nordic__nrfx.a(nrfx_gpiote.c.obj)
                0x000000000000a0dc                nrfx_gpiote_output_configure
 .text.nrfx_gpiote_global_callback_set
                0x000000000000a1b4        0xc modules/hal_nordic/nrfx/libmodules__hal_nordic__nrfx.a(nrfx_gpiote.c.obj)
                0x000000000000a1b4                nrfx_gpiote_global_callback_set
 .text.nrfx_gpiote_channel_get
                0x000000000000a1c0       0x58 modules/hal_nordic/nrfx/libmodules__hal_nordic__nrfx.a(nrfx_gpiote.c.obj)
                0x000000000000a1c0                nrfx_gpiote_channel_get
 .text.nrfx_gpiote_init
                0x000000000000a218       0x54 modules/hal_nordic/nrfx/libmodules__hal_nordic__nrfx.a(nrfx_gpiote.c.obj)
                0x000000000000a218                nrfx_gpiote_init
 .text.nrfx_gpiote_is_init
                0x000000000000a26c       0x14 modules/hal_nordic/nrfx/libmodules__hal_nordic__nrfx.a(nrfx_gpiote.c.obj)
                0x000000000000a26c                nrfx_gpiote_is_init
 .text.nrfx_gpiote_channel_free
                0x000000000000a280       0x10 modules/hal_nordic/nrfx/libmodules__hal_nordic__nrfx.a(nrfx_gpiote.c.obj)
                0x000000000000a280                nrfx_gpiote_channel_free
 .text.nrfx_gpiote_channel_alloc
                0x000000000000a290       0x10 modules/hal_nordic/nrfx/libmodules__hal_nordic__nrfx.a(nrfx_gpiote.c.obj)
                0x000000000000a290                nrfx_gpiote_channel_alloc
 .text.nrfx_gpiote_trigger_enable
                0x000000000000a2a0       0xb4 modules/hal_nordic/nrfx/libmodules__hal_nordic__nrfx.a(nrfx_gpiote.c.obj)
                0x000000000000a2a0                nrfx_gpiote_trigger_enable
 .text.nrfx_gpiote_trigger_disable
                0x000000000000a354       0x44 modules/hal_nordic/nrfx/libmodules__hal_nordic__nrfx.a(nrfx_gpiote.c.obj)
                0x000000000000a354                nrfx_gpiote_trigger_disable
 .text.nrfx_gpiote_pin_uninit
                0x000000000000a398       0x2c modules/hal_nordic/nrfx/libmodules__hal_nordic__nrfx.a(nrfx_gpiote.c.obj)
                0x000000000000a398                nrfx_gpiote_pin_uninit
 .text.nrfx_gpiote_irq_handler
                0x000000000000a3c4       0x60 modules/hal_nordic/nrfx/libmodules__hal_nordic__nrfx.a(nrfx_gpiote.c.obj)
                0x000000000000a3c4                nrfx_gpiote_irq_handler
 .text.nrf_ipc_receive_event_get
                0x000000000000a424       0x38 modules/hal_nordic/nrfx/libmodules__hal_nordic__nrfx.a(nrfx_ipc.c.obj)
 .text.nrfx_ipc_init
                0x000000000000a45c       0x58 modules/hal_nordic/nrfx/libmodules__hal_nordic__nrfx.a(nrfx_ipc.c.obj)
                0x000000000000a45c                nrfx_ipc_init
 .text.nrfx_ipc_config_load
                0x000000000000a4b4       0x9c modules/hal_nordic/nrfx/libmodules__hal_nordic__nrfx.a(nrfx_ipc.c.obj)
                0x000000000000a4b4                nrfx_ipc_config_load
 .text.nrfx_ipc_receive_event_enable
                0x000000000000a550       0x48 modules/hal_nordic/nrfx/libmodules__hal_nordic__nrfx.a(nrfx_ipc.c.obj)
                0x000000000000a550                nrfx_ipc_receive_event_enable
 .text.nrfx_ipc_receive_event_disable
                0x000000000000a598       0x48 modules/hal_nordic/nrfx/libmodules__hal_nordic__nrfx.a(nrfx_ipc.c.obj)
                0x000000000000a598                nrfx_ipc_receive_event_disable
 .text.nrfx_ipc_irq_handler
                0x000000000000a5e0       0x44 modules/hal_nordic/nrfx/libmodules__hal_nordic__nrfx.a(nrfx_ipc.c.obj)
                0x000000000000a5e0                nrfx_ipc_irq_handler
 .text.nrf_gpio_pin_port_decode
                0x000000000000a624       0x78 modules/hal_nordic/nrfx/libmodules__hal_nordic__nrfx.a(nrfx_spim.c.obj)
 .text.spim_xfer
                0x000000000000a69c       0x94 modules/hal_nordic/nrfx/libmodules__hal_nordic__nrfx.a(nrfx_spim.c.obj)
 .text.irq_handler
                0x000000000000a730       0x48 modules/hal_nordic/nrfx/libmodules__hal_nordic__nrfx.a(nrfx_spim.c.obj)
 .text.nrfx_spim_init
                0x000000000000a778      0x128 modules/hal_nordic/nrfx/libmodules__hal_nordic__nrfx.a(nrfx_spim.c.obj)
                0x000000000000a778                nrfx_spim_init
 .text.nrfx_spim_uninit
                0x000000000000a8a0       0xb8 modules/hal_nordic/nrfx/libmodules__hal_nordic__nrfx.a(nrfx_spim.c.obj)
                0x000000000000a8a0                nrfx_spim_uninit
 .text.nrfx_spim_xfer
                0x000000000000a958      0x16c modules/hal_nordic/nrfx/libmodules__hal_nordic__nrfx.a(nrfx_spim.c.obj)
                0x000000000000a958                nrfx_spim_xfer
 .text.nrfx_spim_3_irq_handler
                0x000000000000aac4       0x14 modules/hal_nordic/nrfx/libmodules__hal_nordic__nrfx.a(nrfx_spim.c.obj)
                0x000000000000aac4                nrfx_spim_3_irq_handler
 .text.twi_process_error
                0x000000000000aad8       0x34 modules/hal_nordic/nrfx/libmodules__hal_nordic__nrfx.a(nrfx_twim.c.obj)
 .text.nrf_gpio_pin_port_decode
                0x000000000000ab0c       0x78 modules/hal_nordic/nrfx/libmodules__hal_nordic__nrfx.a(nrfx_twim.c.obj)
 .text.twim_xfer
                0x000000000000ab84      0x330 modules/hal_nordic/nrfx/libmodules__hal_nordic__nrfx.a(nrfx_twim.c.obj)
 .text.twim_irq_handler
                0x000000000000aeb4      0x204 modules/hal_nordic/nrfx/libmodules__hal_nordic__nrfx.a(nrfx_twim.c.obj)
 .text.nrfx_twim_init
                0x000000000000b0b8       0xc8 modules/hal_nordic/nrfx/libmodules__hal_nordic__nrfx.a(nrfx_twim.c.obj)
                0x000000000000b0b8                nrfx_twim_init
 .text.nrfx_twim_enable
                0x000000000000b180       0x5c modules/hal_nordic/nrfx/libmodules__hal_nordic__nrfx.a(nrfx_twim.c.obj)
                0x000000000000b180                nrfx_twim_enable
 .text.nrfx_twim_disable
                0x000000000000b1dc       0x74 modules/hal_nordic/nrfx/libmodules__hal_nordic__nrfx.a(nrfx_twim.c.obj)
                0x000000000000b1dc                nrfx_twim_disable
 .text.nrfx_twim_xfer
                0x000000000000b250       0xc4 modules/hal_nordic/nrfx/libmodules__hal_nordic__nrfx.a(nrfx_twim.c.obj)
                0x000000000000b250                nrfx_twim_xfer
 .text.nrfx_twim_1_irq_handler
                0x000000000000b314       0x14 modules/hal_nordic/nrfx/libmodules__hal_nordic__nrfx.a(nrfx_twim.c.obj)
                0x000000000000b314                nrfx_twim_1_irq_handler
 .text.nrf_gpio_pin_port_decode
                0x000000000000b328       0x78 modules/hal_nordic/nrfx/libmodules__hal_nordic__nrfx.a(nrfx_twi_twim.c.obj)
 .text.nrfx_twi_twim_bus_recover
                0x000000000000b3a0       0xb0 modules/hal_nordic/nrfx/libmodules__hal_nordic__nrfx.a(nrfx_twi_twim.c.obj)
                0x000000000000b3a0                nrfx_twi_twim_bus_recover
 .text.metal_generic_dev_open
                0x000000000000b450       0x40 modules/libmetal/libmetal/lib/libmetal.a(device.c.obj)
                0x000000000000b450                metal_generic_dev_open
 .text.metal_bus_find
                0x000000000000b490       0x40 modules/libmetal/libmetal/lib/libmetal.a(device.c.obj)
                0x000000000000b490                metal_bus_find
 .text.metal_bus_register
                0x000000000000b4d0       0x74 modules/libmetal/libmetal/lib/libmetal.a(device.c.obj)
                0x000000000000b4d0                metal_bus_register
 .text.metal_register_generic_device
                0x000000000000b544       0x40 modules/libmetal/libmetal/lib/libmetal.a(device.c.obj)
                0x000000000000b544                metal_register_generic_device
 .text.metal_init
                0x000000000000b584       0x3c modules/libmetal/libmetal/lib/libmetal.a(init.c.obj)
                0x000000000000b584                metal_init
 .text.metal_sys_init
                0x000000000000b5c0       0x10 modules/libmetal/libmetal/lib/libmetal.a(init.c.obj)
                0x000000000000b5c0                metal_sys_init
 .text.metal_zephyr_log_handler
                0x000000000000b5d0       0x38 modules/libmetal/libmetal/lib/libmetal.a(log.c.obj)
                0x000000000000b5d0                metal_zephyr_log_handler
 .text.virtio_create_virtqueues
                0x000000000000b608       0xa0 modules/open-amp/open-amp/lib/libopen_amp.a(virtio.c.obj)
                0x000000000000b608                virtio_create_virtqueues
 .text.rpmsg_is_address_set
                0x000000000000b6a8       0x28 modules/open-amp/open-amp/lib/libopen_amp.a(rpmsg.c.obj)
 .text.rpmsg_set_address
                0x000000000000b6d0       0x34 modules/open-amp/open-amp/lib/libopen_amp.a(rpmsg.c.obj)
 .text.rpmsg_send_offchannel_raw
                0x000000000000b704       0x44 modules/open-amp/open-amp/lib/libopen_amp.a(rpmsg.c.obj)
                0x000000000000b704                rpmsg_send_offchannel_raw
 .text.rpmsg_send_offchannel_nocopy
                0x000000000000b748       0x3c modules/open-amp/open-amp/lib/libopen_amp.a(rpmsg.c.obj)
                0x000000000000b748                rpmsg_send_offchannel_nocopy
 .text.rpmsg_register_endpoint
                0x000000000000b784       0x40 modules/open-amp/open-amp/lib/libopen_amp.a(rpmsg.c.obj)
                0x000000000000b784                rpmsg_register_endpoint
 .text.rpmsg_create_ept
                0x000000000000b7c4       0xd0 modules/open-amp/open-amp/lib/libopen_amp.a(rpmsg.c.obj)
                0x000000000000b7c4                rpmsg_create_ept
 .text._rpmsg_virtio_get_buffer_size
                0x000000000000b894       0x20 modules/open-amp/open-amp/lib/libopen_amp.a(rpmsg_virtio.c.obj)
 .text.rpmsg_virtio_rx_callback
                0x000000000000b8b4       0xe4 modules/open-amp/open-amp/lib/libopen_amp.a(rpmsg_virtio.c.obj)
 .text.rpmsg_virtio_send_offchannel_nocopy
                0x000000000000b998       0xd4 modules/open-amp/open-amp/lib/libopen_amp.a(rpmsg_virtio.c.obj)
 .text.__metal_sleep_usec
                0x000000000000ba6c       0x28 modules/open-amp/open-amp/lib/libopen_amp.a(rpmsg_virtio.c.obj)
 .text.rpmsg_virtio_send_offchannel_raw
                0x000000000000ba94       0x8c modules/open-amp/open-amp/lib/libopen_amp.a(rpmsg_virtio.c.obj)
 .text.rpmsg_virtio_get_buffer_size
                0x000000000000bb20       0x2c modules/open-amp/open-amp/lib/libopen_amp.a(rpmsg_virtio.c.obj)
                0x000000000000bb20                rpmsg_virtio_get_buffer_size
 .text.rpmsg_init_vdev_with_config
                0x000000000000bb4c      0x1d8 modules/open-amp/open-amp/lib/libopen_amp.a(rpmsg_virtio.c.obj)
                0x000000000000bb4c                rpmsg_init_vdev_with_config
 .text.rpmsg_init_vdev
                0x000000000000bd24       0x28 modules/open-amp/open-amp/lib/libopen_amp.a(rpmsg_virtio.c.obj)
                0x000000000000bd24                rpmsg_init_vdev
 .text._DoInit  0x000000000000bd4c       0x60 modules/segger/libmodules__segger.a(SEGGER_RTT.c.obj)
 .text.SEGGER_RTT_WriteSkipNoLock
                0x000000000000bdac       0xc8 modules/segger/libmodules__segger.a(SEGGER_RTT.c.obj)
                0x000000000000bdac                SEGGER_RTT_WriteSkipNoLock
 .text.SEGGER_RTT_WriteNoLock
                0x000000000000be74       0x6c modules/segger/libmodules__segger.a(SEGGER_RTT.c.obj)
                0x000000000000be74                SEGGER_RTT_WriteNoLock
 .text.SEGGER_RTT_HasDataUp
                0x000000000000bee0       0x20 modules/segger/libmodules__segger.a(SEGGER_RTT.c.obj)
                0x000000000000bee0                SEGGER_RTT_HasDataUp
 .text.zephyr_rtt_mutex_lock
                0x000000000000bf00       0x18 modules/segger/libmodules__segger.a(SEGGER_RTT_zephyr.c.obj)
                0x000000000000bf00                zephyr_rtt_mutex_lock
 .text.zephyr_rtt_mutex_unlock
                0x000000000000bf18       0x10 modules/segger/libmodules__segger.a(SEGGER_RTT_zephyr.c.obj)
                0x000000000000bf18                zephyr_rtt_mutex_unlock
 .text.z_device_state_init
                0x000000000000bf28       0x18 zephyr/kernel/libkernel.a(device.c.obj)
                0x000000000000bf28                z_device_state_init
 .text.z_sys_init_run_level
                0x000000000000bf40       0x50 zephyr/kernel/libkernel.a(device.c.obj)
                0x000000000000bf40                z_sys_init_run_level
 .text.reason_to_str
                0x000000000000bf90       0x40 zephyr/kernel/libkernel.a(fatal.c.obj)
 .text.thread_name_get
                0x000000000000bfd0       0x20 zephyr/kernel/libkernel.a(fatal.c.obj)
 .text.k_sys_fatal_error_handler
                0x000000000000bff0       0x64 zephyr/kernel/libkernel.a(fatal.c.obj)
                0x000000000000bff0                k_sys_fatal_error_handler
 .text.z_fatal_error
                0x000000000000c054      0x268 zephyr/kernel/libkernel.a(fatal.c.obj)
                0x000000000000c054                z_fatal_error
 .text.init_idle_thread
                0x000000000000c2bc       0x60 zephyr/kernel/libkernel.a(init.c.obj)
 .text.bg_thread_main
                0x000000000000c31c       0x34 zephyr/kernel/libkernel.a(init.c.obj)
 .text.switch_to_main_thread
                0x000000000000c350       0x14 zephyr/kernel/libkernel.a(init.c.obj)
 .text.z_bss_zero
                0x000000000000c364       0x18 zephyr/kernel/libkernel.a(init.c.obj)
                0x000000000000c364                z_bss_zero
 .text.z_init_cpu
                0x000000000000c37c       0x40 zephyr/kernel/libkernel.a(init.c.obj)
                0x000000000000c37c                z_init_cpu
 .text.prepare_multithreading
                0x000000000000c3bc       0x60 zephyr/kernel/libkernel.a(init.c.obj)
 .text.z_cstart
                0x000000000000c41c       0x90 zephyr/kernel/libkernel.a(init.c.obj)
                0x000000000000c41c                z_cstart
 .text.init_mem_slab_module
                0x000000000000c4ac       0x5c zephyr/kernel/libkernel.a(mem_slab.c.obj)
 .text.k_mem_slab_alloc
                0x000000000000c508       0xec zephyr/kernel/libkernel.a(mem_slab.c.obj)
                0x000000000000c508                k_mem_slab_alloc
 .text.k_mem_slab_free
                0x000000000000c5f4       0xd0 zephyr/kernel/libkernel.a(mem_slab.c.obj)
                0x000000000000c5f4                k_mem_slab_free
 .text.z_impl_k_thread_name_set
                0x000000000000c6c4       0x24 zephyr/kernel/libkernel.a(thread.c.obj)
                0x000000000000c6c4                z_impl_k_thread_name_set
 .text.schedule_new_thread
                0x000000000000c6e8       0x1c zephyr/kernel/libkernel.a(thread.c.obj)
 .text.z_spin_lock_valid
                0x000000000000c704       0x20 zephyr/kernel/libkernel.a(thread.c.obj)
                0x000000000000c704                z_spin_lock_valid
 .text.z_spin_unlock_valid
                0x000000000000c724       0x20 zephyr/kernel/libkernel.a(thread.c.obj)
                0x000000000000c724                z_spin_unlock_valid
 .text.z_spin_lock_set_owner
                0x000000000000c744       0x10 zephyr/kernel/libkernel.a(thread.c.obj)
                0x000000000000c744                z_spin_lock_set_owner
 .text.z_thread_monitor_exit
                0x000000000000c754       0xb4 zephyr/kernel/libkernel.a(thread.c.obj)
                0x000000000000c754                z_thread_monitor_exit
 .text.z_setup_new_thread
                0x000000000000c808      0x18c zephyr/kernel/libkernel.a(thread.c.obj)
                0x000000000000c808                z_setup_new_thread
 .text.z_impl_k_thread_create
                0x000000000000c994       0x94 zephyr/kernel/libkernel.a(thread.c.obj)
                0x000000000000c994                z_impl_k_thread_create
 .text.z_init_static_threads
                0x000000000000ca28       0xf4 zephyr/kernel/libkernel.a(thread.c.obj)
                0x000000000000ca28                z_init_static_threads
 .text.idle     0x000000000000cb1c       0x68 zephyr/kernel/libkernel.a(idle.c.obj)
                0x000000000000cb1c                idle
 .text.z_impl_k_mutex_lock
                0x000000000000cb84      0x228 zephyr/kernel/libkernel.a(mutex.c.obj)
                0x000000000000cb84                z_impl_k_mutex_lock
 .text.z_impl_k_mutex_unlock
                0x000000000000cdac      0x144 zephyr/kernel/libkernel.a(mutex.c.obj)
                0x000000000000cdac                z_impl_k_mutex_unlock
 .text.z_impl_k_sem_give
                0x000000000000cef0       0x88 zephyr/kernel/libkernel.a(sem.c.obj)
                0x000000000000cef0                z_impl_k_sem_give
 .text.z_impl_k_sem_take
                0x000000000000cf78      0x130 zephyr/kernel/libkernel.a(sem.c.obj)
                0x000000000000cf78                z_impl_k_sem_take
 .text.queue_submit_locked
                0x000000000000d0a8       0x7c zephyr/kernel/libkernel.a(work.c.obj)
 .text.submit_to_queue_locked
                0x000000000000d124       0x8c zephyr/kernel/libkernel.a(work.c.obj)
 .text.finalize_cancel_locked
                0x000000000000d1b0       0x60 zephyr/kernel/libkernel.a(work.c.obj)
 .text.work_queue_main
                0x000000000000d210      0x1e8 zephyr/kernel/libkernel.a(work.c.obj)
 .text.k_work_init
                0x000000000000d3f8       0x58 zephyr/kernel/libkernel.a(work.c.obj)
                0x000000000000d3f8                k_work_init
 .text.z_work_submit_to_queue
                0x000000000000d450       0xcc zephyr/kernel/libkernel.a(work.c.obj)
                0x000000000000d450                z_work_submit_to_queue
 .text.k_work_queue_init
                0x000000000000d51c       0x3c zephyr/kernel/libkernel.a(work.c.obj)
                0x000000000000d51c                k_work_queue_init
 .text.k_work_queue_start
                0x000000000000d558      0x110 zephyr/kernel/libkernel.a(work.c.obj)
                0x000000000000d558                k_work_queue_start
 .text.sliceable
                0x000000000000d668       0x3c zephyr/kernel/libkernel.a(sched.c.obj)
 .text.pended_on_thread
                0x000000000000d6a4       0x34 zephyr/kernel/libkernel.a(sched.c.obj)
 .text.z_sched_lock
                0x000000000000d6d8       0x74 zephyr/kernel/libkernel.a(sched.c.obj)
 .text.add_thread_timeout
                0x000000000000d74c       0x20 zephyr/kernel/libkernel.a(sched.c.obj)
 .text.z_reset_time_slice
                0x000000000000d76c       0x28 zephyr/kernel/libkernel.a(sched.c.obj)
                0x000000000000d76c                z_reset_time_slice
 .text.k_sched_time_slice_set
                0x000000000000d794       0xf0 zephyr/kernel/libkernel.a(sched.c.obj)
                0x000000000000d794                k_sched_time_slice_set
 .text.z_unpend_thread_no_timeout
                0x000000000000d884       0xa4 zephyr/kernel/libkernel.a(sched.c.obj)
                0x000000000000d884                z_unpend_thread_no_timeout
 .text.z_reschedule
                0x000000000000d928       0x90 zephyr/kernel/libkernel.a(sched.c.obj)
                0x000000000000d928                z_reschedule
 .text.k_sched_lock
                0x000000000000d9b8       0xa0 zephyr/kernel/libkernel.a(sched.c.obj)
                0x000000000000d9b8                k_sched_lock
 .text.z_priq_dumb_remove
                0x000000000000da58       0x48 zephyr/kernel/libkernel.a(sched.c.obj)
                0x000000000000da58                z_priq_dumb_remove
 .text.update_cache
                0x000000000000daa0       0x84 zephyr/kernel/libkernel.a(sched.c.obj)
 .text.move_thread_to_end_of_prio_q
                0x000000000000db24       0xb8 zephyr/kernel/libkernel.a(sched.c.obj)
 .text.slice_expired_locked
                0x000000000000dbdc       0x28 zephyr/kernel/libkernel.a(sched.c.obj)
 .text.z_time_slice
                0x000000000000dc04      0x118 zephyr/kernel/libkernel.a(sched.c.obj)
                0x000000000000dc04                z_time_slice
 .text.ready_thread
                0x000000000000dd1c       0xa8 zephyr/kernel/libkernel.a(sched.c.obj)
 .text.z_ready_thread
                0x000000000000ddc4       0xb0 zephyr/kernel/libkernel.a(sched.c.obj)
                0x000000000000ddc4                z_ready_thread
 .text.z_sched_start
                0x000000000000de74       0xb0 zephyr/kernel/libkernel.a(sched.c.obj)
                0x000000000000de74                z_sched_start
 .text.z_thread_timeout
                0x000000000000df24       0xdc zephyr/kernel/libkernel.a(sched.c.obj)
                0x000000000000df24                z_thread_timeout
 .text.unready_thread
                0x000000000000e000       0x38 zephyr/kernel/libkernel.a(sched.c.obj)
 .text.add_to_waitq_locked
                0x000000000000e038       0x88 zephyr/kernel/libkernel.a(sched.c.obj)
 .text.pend     0x000000000000e0c0       0xbc zephyr/kernel/libkernel.a(sched.c.obj)
 .text.z_pend_curr
                0x000000000000e17c       0x60 zephyr/kernel/libkernel.a(sched.c.obj)
                0x000000000000e17c                z_pend_curr
 .text.z_set_prio
                0x000000000000e1dc      0x164 zephyr/kernel/libkernel.a(sched.c.obj)
                0x000000000000e1dc                z_set_prio
 .text.z_impl_k_thread_suspend
                0x000000000000e340       0xec zephyr/kernel/libkernel.a(sched.c.obj)
                0x000000000000e340                z_impl_k_thread_suspend
 .text.k_sched_unlock
                0x000000000000e42c      0x118 zephyr/kernel/libkernel.a(sched.c.obj)
                0x000000000000e42c                k_sched_unlock
 .text.end_thread
                0x000000000000e544       0x64 zephyr/kernel/libkernel.a(sched.c.obj)
 .text.z_unpend1_no_timeout
                0x000000000000e5a8       0xb8 zephyr/kernel/libkernel.a(sched.c.obj)
                0x000000000000e5a8                z_unpend1_no_timeout
 .text.z_unpend_first_thread
                0x000000000000e660       0xc0 zephyr/kernel/libkernel.a(sched.c.obj)
                0x000000000000e660                z_unpend_first_thread
 .text.z_sched_init
                0x000000000000e720       0x18 zephyr/kernel/libkernel.a(sched.c.obj)
                0x000000000000e720                z_sched_init
 .text.z_impl_k_yield
                0x000000000000e738      0x158 zephyr/kernel/libkernel.a(sched.c.obj)
                0x000000000000e738                z_impl_k_yield
 .text.z_tick_sleep
                0x000000000000e890      0x17c zephyr/kernel/libkernel.a(sched.c.obj)
 .text.z_impl_k_sleep
                0x000000000000ea0c       0x94 zephyr/kernel/libkernel.a(sched.c.obj)
                0x000000000000ea0c                z_impl_k_sleep
 .text.z_impl_z_current_get
                0x000000000000eaa0        0xc zephyr/kernel/libkernel.a(sched.c.obj)
                0x000000000000eaa0                z_impl_z_current_get
 .text.z_thread_abort
                0x000000000000eaac      0x1b4 zephyr/kernel/libkernel.a(sched.c.obj)
                0x000000000000eaac                z_thread_abort
 .text.z_sched_wake
                0x000000000000ec60       0xd8 zephyr/kernel/libkernel.a(sched.c.obj)
                0x000000000000ec60                z_sched_wake
 .text.z_sched_wait
                0x000000000000ed38       0x28 zephyr/kernel/libkernel.a(sched.c.obj)
                0x000000000000ed38                z_sched_wait
 .text.z_data_copy
                0x000000000000ed60       0x34 zephyr/kernel/libkernel.a(xip.c.obj)
                0x000000000000ed60                z_data_copy
 .text.first    0x000000000000ed94       0x14 zephyr/kernel/libkernel.a(timeout.c.obj)
 .text.next     0x000000000000eda8       0x18 zephyr/kernel/libkernel.a(timeout.c.obj)
 .text.elapsed  0x000000000000edc0       0x18 zephyr/kernel/libkernel.a(timeout.c.obj)
 .text.next_timeout
                0x000000000000edd8       0x4c zephyr/kernel/libkernel.a(timeout.c.obj)
 .text.z_add_timeout
                0x000000000000ee24      0x1b8 zephyr/kernel/libkernel.a(timeout.c.obj)
                0x000000000000ee24                z_add_timeout
 .text.z_abort_timeout
                0x000000000000efdc       0xb8 zephyr/kernel/libkernel.a(timeout.c.obj)
                0x000000000000efdc                z_abort_timeout
 .text.z_get_next_timeout_expiry
                0x000000000000f094       0xa8 zephyr/kernel/libkernel.a(timeout.c.obj)
                0x000000000000f094                z_get_next_timeout_expiry
 .text.z_set_timeout_expiry
                0x000000000000f13c       0xd0 zephyr/kernel/libkernel.a(timeout.c.obj)
                0x000000000000f13c                z_set_timeout_expiry
 .text.sys_clock_announce
                0x000000000000f20c      0x190 zephyr/kernel/libkernel.a(timeout.c.obj)
                0x000000000000f20c                sys_clock_announce
 .text.sys_clock_tick_get
                0x000000000000f39c       0xbc zephyr/kernel/libkernel.a(timeout.c.obj)
                0x000000000000f39c                sys_clock_tick_get
 .text.z_timer_expiration_handler
                0x000000000000f458      0x1d8 zephyr/kernel/libkernel.a(timer.c.obj)
                0x000000000000f458                z_timer_expiration_handler
 .text.z_impl_k_timer_start
                0x000000000000f630       0xb0 zephyr/kernel/libkernel.a(timer.c.obj)
                0x000000000000f630                z_impl_k_timer_start
 .text.z_heap_aligned_alloc
                0x000000000000f6e0       0x70 zephyr/kernel/libkernel.a(mempool.c.obj)
 .text.k_aligned_alloc
                0x000000000000f750       0x78 zephyr/kernel/libkernel.a(mempool.c.obj)
                0x000000000000f750                k_aligned_alloc
 .text.k_thread_system_pool_assign
                0x000000000000f7c8        0xc zephyr/kernel/libkernel.a(mempool.c.obj)
                0x000000000000f7c8                k_thread_system_pool_assign
 .text.boot_banner
                0x000000000000f7d4       0x1c zephyr/kernel/libkernel.a(banner.c.obj)
                0x000000000000f7d4                boot_banner
 .text.statics_init
                0x000000000000f7f0       0x58 zephyr/kernel/libkernel.a(kheap.c.obj)
 .text.k_heap_aligned_alloc
                0x000000000000f848      0x168 zephyr/kernel/libkernel.a(kheap.c.obj)
                0x000000000000f848                k_heap_aligned_alloc
 .text.k_sys_work_q_init
                0x000000000000f9b0       0x34 zephyr/kernel/libkernel.a(system_work_q.c.obj)
 .text.nrf_cc3xx_platform_init_no_rng
                0x000000000000f9e4       0x38 /home/neuberfran/nordic_connect_sw2/nrfxlib/crypto/nrf_cc312_platform/lib/cortex-m33/soft-float/no-interrupts/libnrf_cc312_platform_0.9.15.a(nrf_cc3xx_platform.c.obj)
                0x000000000000f9e4                nrf_cc3xx_platform_init_no_rng
 .text.nrf_cc3xx_platform_abort
                0x000000000000fa1c       0x24 /home/neuberfran/nordic_connect_sw2/nrfxlib/crypto/nrf_cc312_platform/lib/cortex-m33/soft-float/no-interrupts/libnrf_cc312_platform_0.9.15.a(nrf_cc3xx_platform_abort.c.obj)
 .text.CC_PalAbort
                0x000000000000fa40       0x44 /home/neuberfran/nordic_connect_sw2/nrfxlib/crypto/nrf_cc312_platform/lib/cortex-m33/soft-float/no-interrupts/libnrf_cc312_platform_0.9.15.a(nrf_cc3xx_platform_abort.c.obj)
                0x000000000000fa40                CC_PalAbort
 .text.nrf_cc3xx_platform_set_abort
                0x000000000000fa84       0x10 /home/neuberfran/nordic_connect_sw2/nrfxlib/crypto/nrf_cc312_platform/lib/cortex-m33/soft-float/no-interrupts/libnrf_cc312_platform_0.9.15.a(nrf_cc3xx_platform_abort.c.obj)
                0x000000000000fa84                nrf_cc3xx_platform_set_abort
 .text.mutex_free
                0x000000000000fa94       0x28 /home/neuberfran/nordic_connect_sw2/nrfxlib/crypto/nrf_cc312_platform/lib/cortex-m33/soft-float/no-interrupts/libnrf_cc312_platform_0.9.15.a(nrf_cc3xx_platform_mutex.c.obj)
 .text.mutex_lock
                0x000000000000fabc       0x40 /home/neuberfran/nordic_connect_sw2/nrfxlib/crypto/nrf_cc312_platform/lib/cortex-m33/soft-float/no-interrupts/libnrf_cc312_platform_0.9.15.a(nrf_cc3xx_platform_mutex.c.obj)
 .text.mutex_unlock
                0x000000000000fafc       0x30 /home/neuberfran/nordic_connect_sw2/nrfxlib/crypto/nrf_cc312_platform/lib/cortex-m33/soft-float/no-interrupts/libnrf_cc312_platform_0.9.15.a(nrf_cc3xx_platform_mutex.c.obj)
 .text.mutex_init
                0x000000000000fb2c       0x1c /home/neuberfran/nordic_connect_sw2/nrfxlib/crypto/nrf_cc312_platform/lib/cortex-m33/soft-float/no-interrupts/libnrf_cc312_platform_0.9.15.a(nrf_cc3xx_platform_mutex.c.obj)
 .text.nrf_cc3xx_platform_set_mutexes
                0x000000000000fb48       0x68 /home/neuberfran/nordic_connect_sw2/nrfxlib/crypto/nrf_cc312_platform/lib/cortex-m33/soft-float/no-interrupts/libnrf_cc312_platform_0.9.15.a(nrf_cc3xx_platform_mutex.c.obj)
                0x000000000000fb48                nrf_cc3xx_platform_set_mutexes
 .text.CC_LibInitNoRng
                0x000000000000fbb0       0x28 /home/neuberfran/nordic_connect_sw2/nrfxlib/crypto/nrf_cc312_platform/lib/cortex-m33/soft-float/no-interrupts/libnrf_cc312_platform_0.9.15.a(cc_lib.c.obj)
                0x000000000000fbb0                CC_LibInitNoRng
 .text.CC_HalInit
                0x000000000000fbd8        0x4 /home/neuberfran/nordic_connect_sw2/nrfxlib/crypto/nrf_cc312_platform/lib/cortex-m33/soft-float/no-interrupts/libnrf_cc312_platform_0.9.15.a(cc_hal.c.obj)
                0x000000000000fbd8                CC_HalInit
 .text.CC_PalInit
                0x000000000000fbdc       0x5c /home/neuberfran/nordic_connect_sw2/nrfxlib/crypto/nrf_cc312_platform/lib/cortex-m33/soft-float/no-interrupts/libnrf_cc312_platform_0.9.15.a(cc_pal.c.obj)
                0x000000000000fbdc                CC_PalInit
 .text.CC_PalTerminate
                0x000000000000fc38       0x34 /home/neuberfran/nordic_connect_sw2/nrfxlib/crypto/nrf_cc312_platform/lib/cortex-m33/soft-float/no-interrupts/libnrf_cc312_platform_0.9.15.a(cc_pal.c.obj)
                0x000000000000fc38                CC_PalTerminate
 .text.CC_PalDmaInit
                0x000000000000fc6c        0x4 /home/neuberfran/nordic_connect_sw2/nrfxlib/crypto/nrf_cc312_platform/lib/cortex-m33/soft-float/no-interrupts/libnrf_cc312_platform_0.9.15.a(cc_pal_dma.c.obj)
                0x000000000000fc6c                CC_PalDmaInit
 .text.CC_PalDmaTerminate
                0x000000000000fc70        0x4 /home/neuberfran/nordic_connect_sw2/nrfxlib/crypto/nrf_cc312_platform/lib/cortex-m33/soft-float/no-interrupts/libnrf_cc312_platform_0.9.15.a(cc_pal_dma.c.obj)
                0x000000000000fc70                CC_PalDmaTerminate
 .text.CC_PalMutexCreate
                0x000000000000fc74       0x14 /home/neuberfran/nordic_connect_sw2/nrfxlib/crypto/nrf_cc312_platform/lib/cortex-m33/soft-float/no-interrupts/libnrf_cc312_platform_0.9.15.a(cc_pal_mutex.c.obj)
                0x000000000000fc74                CC_PalMutexCreate
 .text.CC_PalMutexDestroy
                0x000000000000fc88       0x14 /home/neuberfran/nordic_connect_sw2/nrfxlib/crypto/nrf_cc312_platform/lib/cortex-m33/soft-float/no-interrupts/libnrf_cc312_platform_0.9.15.a(cc_pal_mutex.c.obj)
                0x000000000000fc88                CC_PalMutexDestroy
 .text.CC_PalPowerSaveModeInit
                0x000000000000fc9c       0x3c /home/neuberfran/nordic_connect_sw2/nrfxlib/crypto/nrf_cc312_platform/lib/cortex-m33/soft-float/no-interrupts/libnrf_cc312_platform_0.9.15.a(cc_pal_pm.c.obj)
                0x000000000000fc9c                CC_PalPowerSaveModeInit
 .text._OffsetAbsSyms
                0x000000000000fcd8        0x2 zephyr/CMakeFiles/offsets.dir/./arch/arm/core/offsets/offsets.c.obj
                0x000000000000fcd8                _OffsetAbsSyms
 .text.cbprintf_via_va_list
                0x000000000000fcda        0xe zephyr/libzephyr.a(cbprintf_packaged.c.obj)
 .text.append_string
                0x000000000000fce8       0x2e zephyr/libzephyr.a(cbprintf_packaged.c.obj)
 .text.cbpprintf_external
                0x000000000000fd16       0x5e zephyr/libzephyr.a(cbprintf_packaged.c.obj)
                0x000000000000fd16                cbpprintf_external
 .text.sys_notify_validate
                0x000000000000fd74       0x2e zephyr/libzephyr.a(notify.c.obj)
                0x000000000000fd74                sys_notify_validate
 .text.arch_printk_char_out
                0x000000000000fda2        0x4 zephyr/libzephyr.a(printk.c.obj)
                0x000000000000fda2                arch_printk_char_out
 .text.str_out  0x000000000000fda6       0x30 zephyr/libzephyr.a(printk.c.obj)
 .text.vprintk  0x000000000000fdd6        0x8 zephyr/libzephyr.a(printk.c.obj)
                0x000000000000fdd6                vprintk
 .text.printk   0x000000000000fdde       0x1c zephyr/libzephyr.a(printk.c.obj)
                0x000000000000fdde                printk
 .text.snprintk
                0x000000000000fdfa       0x1c zephyr/libzephyr.a(printk.c.obj)
                0x000000000000fdfa                snprintk
 .text.set_state
                0x000000000000fe16       0x10 zephyr/libzephyr.a(onoff.c.obj)
 .text.notify_monitors
                0x000000000000fe26       0x44 zephyr/libzephyr.a(onoff.c.obj)
 .text.process_recheck
                0x000000000000fe6a       0x32 zephyr/libzephyr.a(onoff.c.obj)
 .text.validate_args
                0x000000000000fe9c       0x2a zephyr/libzephyr.a(onoff.c.obj)
 .text.notify_one
                0x000000000000fec6       0x26 zephyr/libzephyr.a(onoff.c.obj)
 .text.notify_all
                0x000000000000feec       0x2e zephyr/libzephyr.a(onoff.c.obj)
 .text.onoff_manager_init
                0x000000000000ff1a       0x38 zephyr/libzephyr.a(onoff.c.obj)
                0x000000000000ff1a                onoff_manager_init
 .text.z_thread_entry
                0x000000000000ff52       0x14 zephyr/libzephyr.a(thread_entry.c.obj)
                0x000000000000ff52                z_thread_entry
 .text.set_chunk_used
                0x000000000000ff66       0x38 zephyr/libzephyr.a(heap.c.obj)
 .text.chunk_mem
                0x000000000000ff9e       0x16 zephyr/libzephyr.a(heap.c.obj)
 .text.free_list_remove_bidx
                0x000000000000ffb4       0x6e zephyr/libzephyr.a(heap.c.obj)
 .text.free_list_add_bidx
                0x0000000000010022       0xa4 zephyr/libzephyr.a(heap.c.obj)
 .text.split_chunks
                0x00000000000100c6       0x86 zephyr/libzephyr.a(heap.c.obj)
 .text.mem_to_chunkid
                0x000000000001014c       0x16 zephyr/libzephyr.a(heap.c.obj)
 .text.free_list_add
                0x0000000000010162       0x52 zephyr/libzephyr.a(heap.c.obj)
 .text.alloc_chunk
                0x00000000000101b4       0xa2 zephyr/libzephyr.a(heap.c.obj)
 .text.sys_heap_alloc
                0x0000000000010256       0x7c zephyr/libzephyr.a(heap.c.obj)
                0x0000000000010256                sys_heap_alloc
 .text.extract_decimal
                0x00000000000102d2       0x26 zephyr/libzephyr.a(cbprintf_complete.c.obj)
 .text.extract_width
                0x00000000000102f8       0x5e zephyr/libzephyr.a(cbprintf_complete.c.obj)
 .text.extract_prec
                0x0000000000010356       0x64 zephyr/libzephyr.a(cbprintf_complete.c.obj)
 .text.extract_length
                0x00000000000103ba       0xce zephyr/libzephyr.a(cbprintf_complete.c.obj)
 .text.extract_specifier
                0x0000000000010488      0x122 zephyr/libzephyr.a(cbprintf_complete.c.obj)
 .text.extract_conversion
                0x00000000000105aa       0x44 zephyr/libzephyr.a(cbprintf_complete.c.obj)
 .text.conversion_radix
                0x00000000000105ee       0x2a zephyr/libzephyr.a(cbprintf_complete.c.obj)
 .text.encode_uint
                0x0000000000010618       0xa0 zephyr/libzephyr.a(cbprintf_complete.c.obj)
 .text.store_count
                0x00000000000106b8       0x3e zephyr/libzephyr.a(cbprintf_complete.c.obj)
 .text.outs     0x00000000000106f6       0x34 zephyr/libzephyr.a(cbprintf_complete.c.obj)
 .text.assert_post_action
                0x000000000001072a        0xe zephyr/libzephyr.a(assert.c.obj)
                0x000000000001072a                assert_post_action
 .text.assert_print
                0x0000000000010738       0x1c zephyr/libzephyr.a(assert.c.obj)
                0x0000000000010738                assert_print
 .text.free_space
                0x0000000000010754       0x2a zephyr/libzephyr.a(mpsc_pbuf.c.obj)
 .text.get_usage
                0x000000000001077e       0x24 zephyr/libzephyr.a(mpsc_pbuf.c.obj)
 .text.max_utilization_update
                0x00000000000107a2       0x26 zephyr/libzephyr.a(mpsc_pbuf.c.obj)
 .text.add_skip_item
                0x00000000000107c8       0x52 zephyr/libzephyr.a(mpsc_pbuf.c.obj)
 .text.drop_item_locked
                0x000000000001081a      0x114 zephyr/libzephyr.a(mpsc_pbuf.c.obj)
 .text.mpsc_pbuf_is_pending
                0x000000000001092e       0x18 zephyr/libzephyr.a(mpsc_pbuf.c.obj)
                0x000000000001092e                mpsc_pbuf_is_pending
 .text._ConfigAbsSyms
                0x0000000000010946        0x2 zephyr/libzephyr.a(configs.c.obj)
                0x0000000000010946                _ConfigAbsSyms
 .text.nrf_gpio_pin_present_check
                0x0000000000010948       0x24 zephyr/libzephyr.a(soc.c.obj)
 .text.nrf_gpio_pin_control_select
                0x000000000001096c       0x26 zephyr/libzephyr.a(soc.c.obj)
 .text.arch_busy_wait
                0x0000000000010992        0x8 zephyr/libzephyr.a(soc.c.obj)
                0x0000000000010992                arch_busy_wait
 .text.nrf_regulators_system_off
                0x000000000001099a        0xe zephyr/libzephyr.a(power.c.obj)
 .text.pm_state_exit_post_ops
                0x00000000000109a8        0xc zephyr/libzephyr.a(power.c.obj)
                0x00000000000109a8                pm_state_exit_post_ops
 .text.mbox_register_callback
                0x00000000000109b4       0x1e zephyr/libzephyr.a(sync_rtc.c.obj)
 .text.z_impl_mbox_set_enabled
                0x00000000000109d2       0x1a zephyr/libzephyr.a(sync_rtc.c.obj)
 .text.rtc_cb   0x00000000000109ec       0x14 zephyr/libzephyr.a(sync_rtc.c.obj)
 .text.log_msg_generic_get_wlen
                0x0000000000010a00       0x22 zephyr/libzephyr.a(log_core.c.obj)
 .text.dummy_timestamp
                0x0000000000010a22        0x4 zephyr/libzephyr.a(log_core.c.obj)
 .text.msg_filter_check
                0x0000000000010a26        0x4 zephyr/libzephyr.a(log_core.c.obj)
 .text.default_get_timestamp
                0x0000000000010a2a        0x8 zephyr/libzephyr.a(log_core.c.obj)
 .text.k_msleep
                0x0000000000010a32       0x2c zephyr/libzephyr.a(log_core.c.obj)
 .text.z_log_vprintk
                0x0000000000010a5e       0x1e zephyr/libzephyr.a(log_core.c.obj)
                0x0000000000010a5e                z_log_vprintk
 .text.notify_drop
                0x0000000000010a7c        0xa zephyr/libzephyr.a(log_core.c.obj)
 .text.z_log_get_tag
                0x0000000000010a86        0x4 zephyr/libzephyr.a(log_core.c.obj)
                0x0000000000010a86                z_log_get_tag
 .text.z_cbprintf_cpy
                0x0000000000010a8a       0x2c zephyr/libzephyr.a(log_msg.c.obj)
 .text.z_log_msg_finalize
                0x0000000000010ab6       0x30 zephyr/libzephyr.a(log_msg.c.obj)
                0x0000000000010ab6                z_log_msg_finalize
 .text.buffer_write
                0x0000000000010ae6       0x1a zephyr/libzephyr.a(log_output.c.obj)
 .text.cbvprintf
                0x0000000000010b00       0x10 zephyr/libzephyr.a(log_output.c.obj)
 .text.color_prefix
                0x0000000000010b10        0xc zephyr/libzephyr.a(log_output.c.obj)
 .text.color_postfix
                0x0000000000010b1c        0xc zephyr/libzephyr.a(log_output.c.obj)
 .text.postfix_print
                0x0000000000010b28       0x18 zephyr/libzephyr.a(log_output.c.obj)
 .text.log_msg_hexdump
                0x0000000000010b40       0x36 zephyr/libzephyr.a(log_output.c.obj)
 .text.log_output_flush
                0x0000000000010b76       0x1a zephyr/libzephyr.a(log_output.c.obj)
                0x0000000000010b76                log_output_flush
 .text.cr_out_func
                0x0000000000010b90       0x1c zephyr/libzephyr.a(log_output.c.obj)
 .text.k_msleep
                0x0000000000010bac       0x2c zephyr/libzephyr.a(log_backend_rtt.c.obj)
 .text.z_impl_mbox_send
                0x0000000000010bd8       0x1a zephyr/libzephyr.a(ipc_rpmsg_static_vrings.c.obj)
 .text.mbox_register_callback
                0x0000000000010bf2       0x1e zephyr/libzephyr.a(ipc_rpmsg_static_vrings.c.obj)
 .text.z_impl_mbox_set_enabled
                0x0000000000010c10       0x1a zephyr/libzephyr.a(ipc_rpmsg_static_vrings.c.obj)
 .text.shm_size
                0x0000000000010c2a       0x22 zephyr/libzephyr.a(ipc_rpmsg_static_vrings.c.obj)
 .text.virtio_notify_cb
                0x0000000000010c4c       0x12 zephyr/libzephyr.a(ipc_rpmsg_static_vrings.c.obj)
 .text.get_tx_buffer_size
                0x0000000000010c5e        0x8 zephyr/libzephyr.a(ipc_rpmsg_static_vrings.c.obj)
 .text.drop_tx_buffer
                0x0000000000010c66        0x6 zephyr/libzephyr.a(ipc_rpmsg_static_vrings.c.obj)
 .text.release_rx_buffer
                0x0000000000010c6c       0x16 zephyr/libzephyr.a(ipc_rpmsg_static_vrings.c.obj)
 .text.hold_rx_buffer
                0x0000000000010c82       0x16 zephyr/libzephyr.a(ipc_rpmsg_static_vrings.c.obj)
 .text.send_nocopy
                0x0000000000010c98       0x3c zephyr/libzephyr.a(ipc_rpmsg_static_vrings.c.obj)
 .text.get_tx_buffer
                0x0000000000010cd4       0x92 zephyr/libzephyr.a(ipc_rpmsg_static_vrings.c.obj)
 .text.get_ept_slot_with_name
                0x0000000000010d66       0x30 zephyr/libzephyr.a(ipc_rpmsg_static_vrings.c.obj)
 .text.get_ept  0x0000000000010d96       0x28 zephyr/libzephyr.a(ipc_rpmsg_static_vrings.c.obj)
 .text.rpmsg_service_unbind
                0x0000000000010dbe        0x8 zephyr/libzephyr.a(ipc_rpmsg_static_vrings.c.obj)
 .text.register_ept_on_host
                0x0000000000010dc6       0x72 zephyr/libzephyr.a(ipc_rpmsg_static_vrings.c.obj)
 .text.ns_bind_cb
                0x0000000000010e38       0x6e zephyr/libzephyr.a(ipc_rpmsg_static_vrings.c.obj)
 .text.register_ept_on_remote
                0x0000000000010ea6       0x3e zephyr/libzephyr.a(ipc_rpmsg_static_vrings.c.obj)
 .text.register_ept
                0x0000000000010ee4       0x4c zephyr/libzephyr.a(ipc_rpmsg_static_vrings.c.obj)
 .text.rpmsg_send
                0x0000000000010f30       0x1a zephyr/libzephyr.a(ipc_rpmsg_static_vrings.c.obj)
 .text.ept_cb   0x0000000000010f4a       0x2e zephyr/libzephyr.a(ipc_rpmsg_static_vrings.c.obj)
 .text.vr_shm_configure
                0x0000000000010f78       0x8c zephyr/libzephyr.a(ipc_rpmsg_static_vrings.c.obj)
 .text.mbox_callback
                0x0000000000011004       0x10 zephyr/libzephyr.a(ipc_rpmsg_static_vrings.c.obj)
 .text.mbox_callback_process
                0x0000000000011014       0x1e zephyr/libzephyr.a(ipc_rpmsg_static_vrings.c.obj)
 .text.backend_init
                0x0000000000011032       0x28 zephyr/libzephyr.a(ipc_rpmsg_static_vrings.c.obj)
 .text.rpmsg_service_unbind
                0x000000000001105a        0x8 zephyr/libzephyr.a(ipc_rpmsg.c.obj)
 .text.virtio_notify
                0x0000000000011062       0x12 zephyr/libzephyr.a(ipc_static_vrings.c.obj)
 .text.virtio_set_features
                0x0000000000011074        0x2 zephyr/libzephyr.a(ipc_static_vrings.c.obj)
 .text.virtio_set_status
                0x0000000000011076        0xc zephyr/libzephyr.a(ipc_static_vrings.c.obj)
 .text.virtio_get_features
                0x0000000000011082        0x4 zephyr/libzephyr.a(ipc_static_vrings.c.obj)
 .text.virtio_get_status
                0x0000000000011086       0x14 zephyr/libzephyr.a(ipc_static_vrings.c.obj)
 .text.virtqueue_allocate
                0x000000000001109a       0x1c zephyr/libzephyr.a(ipc_static_vrings.c.obj)
 .text.atomic_test_and_clear_bit
                0x00000000000110b6       0x30 zephyr/libzephyr.a(pm.c.obj)
 .text.atomic_set_bit
                0x00000000000110e6       0x1e zephyr/libzephyr.a(pm.c.obj)
 .text.pm_policy_state_lock_is_active
                0x0000000000011104        0x4 zephyr/libzephyr.a(policy.c.obj)
                0x0000000000011104                pm_policy_state_lock_is_active
 .text.abort_function
                0x0000000000011108        0x2 zephyr/libzephyr.a(nrf_cc3xx_platform_abort_zephyr.c.obj)
 .text.z_arm_fatal_error
                0x000000000001110a       0x18 zephyr/arch/arch/arm/core/aarch32/libarch__arm__core__aarch32.a(fatal.c.obj)
                0x000000000001110a                z_arm_fatal_error
 .text.z_do_kernel_oops
                0x0000000000011122        0xc zephyr/arch/arch/arm/core/aarch32/libarch__arm__core__aarch32.a(fatal.c.obj)
                0x0000000000011122                z_do_kernel_oops
 .text.arch_irq_enable
                0x000000000001112e        0xa zephyr/arch/arch/arm/core/aarch32/libarch__arm__core__aarch32.a(irq_manage.c.obj)
                0x000000000001112e                arch_irq_enable
 .text.arch_irq_disable
                0x0000000000011138        0xa zephyr/arch/arch/arm/core/aarch32/libarch__arm__core__aarch32.a(irq_manage.c.obj)
                0x0000000000011138                arch_irq_disable
 .text.z_irq_spurious
                0x0000000000011142        0xc zephyr/arch/arch/arm/core/aarch32/libarch__arm__core__aarch32.a(irq_manage.c.obj)
                0x0000000000011142                z_irq_spurious
 .text.z_arm_nmi
                0x000000000001114e        0xc zephyr/arch/arch/arm/core/aarch32/libarch__arm__core__aarch32.a(nmi.c.obj)
                0x000000000001114e                z_arm_nmi
 .text.configure_builtin_stack_guard