Archive member included to satisfy reference by file (symbol)

app/libapp.a(main.c.obj)      (--whole-archive)
zephyr/libzephyr.a(cbprintf_packaged.c.obj)
                              (--whole-archive)
zephyr/libzephyr.a(crc32c_sw.c.obj)
                              (--whole-archive)
zephyr/libzephyr.a(crc32_sw.c.obj)
                              (--whole-archive)
zephyr/libzephyr.a(crc16_sw.c.obj)
                              (--whole-archive)
zephyr/libzephyr.a(crc8_sw.c.obj)
                              (--whole-archive)
zephyr/libzephyr.a(crc7_sw.c.obj)
                              (--whole-archive)
zephyr/libzephyr.a(dec.c.obj)
                              (--whole-archive)
zephyr/libzephyr.a(fdtable.c.obj)
                              (--whole-archive)
zephyr/libzephyr.a(hex.c.obj)
                              (--whole-archive)
zephyr/libzephyr.a(notify.c.obj)
                              (--whole-archive)
zephyr/libzephyr.a(printk.c.obj)
                              (--whole-archive)
zephyr/libzephyr.a(onoff.c.obj)
                              (--whole-archive)
zephyr/libzephyr.a(rb.c.obj)  (--whole-archive)
zephyr/libzephyr.a(sem.c.obj)
                              (--whole-archive)
zephyr/libzephyr.a(thread_entry.c.obj)
                              (--whole-archive)
zephyr/libzephyr.a(timeutil.c.obj)
                              (--whole-archive)
zephyr/libzephyr.a(heap.c.obj)
                              (--whole-archive)
zephyr/libzephyr.a(heap-validate.c.obj)
                              (--whole-archive)
zephyr/libzephyr.a(bitarray.c.obj)
                              (--whole-archive)
zephyr/libzephyr.a(multi_heap.c.obj)
                              (--whole-archive)
zephyr/libzephyr.a(cbprintf_complete.c.obj)
                              (--whole-archive)
zephyr/libzephyr.a(cbprintf.c.obj)
                              (--whole-archive)
zephyr/libzephyr.a(assert.c.obj)
                              (--whole-archive)
zephyr/libzephyr.a(mpsc_pbuf.c.obj)
                              (--whole-archive)
zephyr/libzephyr.a(reboot.c.obj)
                              (--whole-archive)
zephyr/libzephyr.a(configs.c.obj)
                              (--whole-archive)
zephyr/libzephyr.a(soc.c.obj)
                              (--whole-archive)
zephyr/libzephyr.a(power.c.obj)
                              (--whole-archive)
zephyr/libzephyr.a(sync_rtc.c.obj)
                              (--whole-archive)
zephyr/libzephyr.a(soc_nrf_common.S.obj)
                              (--whole-archive)
zephyr/libzephyr.a(validate_base_addresses.c.obj)
                              (--whole-archive)
zephyr/libzephyr.a(validate_enabled_instances.c.obj)
                              (--whole-archive)
zephyr/libzephyr.a(thread_info.c.obj)
                              (--whole-archive)
zephyr/libzephyr.a(log_core.c.obj)
                              (--whole-archive)
zephyr/libzephyr.a(log_mgmt.c.obj)
                              (--whole-archive)
zephyr/libzephyr.a(log_msg.c.obj)
                              (--whole-archive)
zephyr/libzephyr.a(log_output.c.obj)
                              (--whole-archive)
zephyr/libzephyr.a(log_backend_rtt.c.obj)
                              (--whole-archive)
zephyr/libzephyr.a(ipc_service.c.obj)
                              (--whole-archive)
zephyr/libzephyr.a(ipc_rpmsg_static_vrings.c.obj)
                              (--whole-archive)
zephyr/libzephyr.a(ipc_rpmsg.c.obj)
                              (--whole-archive)
zephyr/libzephyr.a(ipc_static_vrings.c.obj)
                              (--whole-archive)
zephyr/libzephyr.a(pm.c.obj)  (--whole-archive)
zephyr/libzephyr.a(policy.c.obj)
                              (--whole-archive)
zephyr/libzephyr.a(state.c.obj)
                              (--whole-archive)
zephyr/libzephyr.a(tracing_none.c.obj)
                              (--whole-archive)
zephyr/libzephyr.a(flash_map_partition_manager.c.obj)
                              (--whole-archive)
zephyr/libzephyr.a(nrf_cc3xx_platform_abort_zephyr.c.obj)
                              (--whole-archive)
zephyr/libzephyr.a(nrf_cc3xx_platform_mutex_zephyr.c.obj)
                              (--whole-archive)
zephyr/arch/common/libarch__common.a(sw_isr_common.c.obj)
                              (--whole-archive)
zephyr/arch/arch/arm/core/aarch32/libarch__arm__core__aarch32.a(cpu_idle.S.obj)
                              (--whole-archive)
zephyr/arch/arch/arm/core/aarch32/libarch__arm__core__aarch32.a(fatal.c.obj)
                              (--whole-archive)
zephyr/arch/arch/arm/core/aarch32/libarch__arm__core__aarch32.a(irq_manage.c.obj)
                              (--whole-archive)
zephyr/arch/arch/arm/core/aarch32/libarch__arm__core__aarch32.a(nmi.c.obj)
                              (--whole-archive)
zephyr/arch/arch/arm/core/aarch32/libarch__arm__core__aarch32.a(nmi_on_reset.S.obj)
                              (--whole-archive)
[...]
Memory Configuration

Name             Origin             Length             Attributes
FLASH            0x0000000000000000 0x0000000000100000 xr
SRAM             0x0000000020000000 0x0000000000070000 xw
IDT_LIST         0x00000000fffff7ff 0x0000000000000800 xw
*default*        0x0000000000000000 0xffffffffffffffff

Linker script and memory map

LOAD zephyr/CMakeFiles/zephyr_final.dir/misc/empty_file.c.obj
LOAD zephyr/CMakeFiles/zephyr_final.dir/dev_handles.c.obj
LOAD zephyr/CMakeFiles/zephyr_final.dir/isr_tables.c.obj
LOAD zephyr/CMakeFiles/offsets.dir/./arch/arm/core/offsets/offsets.c.obj
                0x0000000000000020                _region_min_align = 0x20

.rel.plt        0x0000000000000000        0x0
 *(SORT_BY_ALIGNMENT(.rel.plt))
                [!provide]                        PROVIDE (__rel_iplt_start = .)
 *(SORT_BY_ALIGNMENT(.rel.iplt))
 .rel.iplt      0x0000000000000000        0x0 zephyr/CMakeFiles/zephyr_final.dir/isr_tables.c.obj
                [!provide]                        PROVIDE (__rel_iplt_end = .)

.rela.plt       0x0000000000000000        0x0
 *(SORT_BY_ALIGNMENT(.rela.plt))
                [!provide]                        PROVIDE (__rela_iplt_start = .)
 *(SORT_BY_ALIGNMENT(.rela.iplt))
                [!provide]                        PROVIDE (__rela_iplt_end = .)

.rel.dyn
 *(SORT_BY_ALIGNMENT(.rel.*))

.rela.dyn
 *(SORT_BY_ALIGNMENT(.rela.*))

/DISCARD/
 *(SORT_BY_ALIGNMENT(.plt))

/DISCARD/
 *(SORT_BY_ALIGNMENT(.iplt))
                0x0000000000000000                __rom_region_start = 0x0

rom_start       0x0000000000000000      0x154
                0x0000000000000000                . = 0x0
                0x0000000000000000                . = ALIGN (0x4)
                0x0000000000000000                . = ALIGN (0x80)
                0x0000000000000000                . = ALIGN (0x200)
                0x0000000000000000                _vector_start = .
 *(SORT_BY_ALIGNMENT(.exc_vector_table))
 *(SORT_BY_ALIGNMENT(.exc_vector_table.*))
 .exc_vector_table._vector_table_section
                0x0000000000000000       0x40 zephyr/arch/arch/arm/core/aarch32/cortex_m/libarch__arm__core__aarch32__cortex_m.a(vector_table.S.obj)
                0x0000000000000000                _vector_table
 *(SORT_BY_ALIGNMENT(.vectors))
                0x0000000000000154                _vector_end = .
                0x0000000000000040                . = ALIGN (0x4)
 *(SORT_BY_ALIGNMENT(.gnu.linkonce.irq_vector_table*))
 .gnu.linkonce.irq_vector_table
                0x0000000000000040      0x114 zephyr/CMakeFiles/zephyr_final.dir/isr_tables.c.obj
                0x0000000000000040                _irq_vector_table
                0x0000000000000154                _vector_end = .

text            0x0000000000000154     0xf1f4
                0x0000000000000154                __text_region_start = .
 *(SORT_BY_ALIGNMENT(.text))
 .text          0x0000000000000154       0x30 /home/neuberfran/zephyr-sdk-0.16.0/arm-zephyr-eabi/bin/../lib/gcc/arm-zephyr-eabi/12.2.0/thumb/v8-m.main/nofp/libgcc.a(_aeabi_uldivmod.o)
                0x0000000000000154                __aeabi_uldivmod
 .text          0x0000000000000184        0x4 /home/neuberfran/zephyr-sdk-0.16.0/arm-zephyr-eabi/bin/../lib/gcc/arm-zephyr-eabi/12.2.0/thumb/v8-m.main/nofp/libgcc.a(_dvmd_tls.o)
                0x0000000000000184                __aeabi_ldiv0
                0x0000000000000184                __aeabi_idiv0
 .text          0x0000000000000188      0x29c /home/neuberfran/zephyr-sdk-0.16.0/arm-zephyr-eabi/bin/../lib/gcc/arm-zephyr-eabi/12.2.0/thumb/v8-m.main/nofp/libgcc.a(_udivmoddi4.o)
                0x0000000000000188                __udivmoddi4
 *(SORT_BY_ALIGNMENT(.text.*))
 .text.ep_recv  0x0000000000000424       0x1c app/libapp.a(main.c.obj)
 .text.ep_bound
                0x0000000000000440       0x10 app/libapp.a(main.c.obj)
 .text.main     0x0000000000000450      0x338 app/libapp.a(main.c.obj)
                0x0000000000000450                main
 .text.cbvprintf_package
                0x0000000000000788      0x468 zephyr/libzephyr.a(cbprintf_packaged.c.obj)
                0x0000000000000788                cbvprintf_package
 .text.cbprintf_package_convert
                0x0000000000000bf0      0x318 zephyr/libzephyr.a(cbprintf_packaged.c.obj)
                0x0000000000000bf0                cbprintf_package_convert
 .text.__printk_hook_install
                0x0000000000000f08        0xc zephyr/libzephyr.a(printk.c.obj)
                0x0000000000000f08                __printk_hook_install
 .text.vsnprintk
                0x0000000000000f14       0x30 zephyr/libzephyr.a(printk.c.obj)
                0x0000000000000f14                vsnprintk
 .text.process_event
                0x0000000000000f44      0x16c zephyr/libzephyr.a(onoff.c.obj)
 .text.extract_flags
                0x00000000000010b0       0xc4 zephyr/libzephyr.a(cbprintf_complete.c.obj)
 .text.z_cbvprintf_impl
                0x0000000000001174      0x598 zephyr/libzephyr.a(cbprintf_complete.c.obj)
                0x0000000000001174                z_cbvprintf_impl
 .text.sys_reboot
                0x000000000000170c       0x28 zephyr/libzephyr.a(reboot.c.obj)
                0x000000000000170c                sys_reboot
 .text.nrfx_coredep_delay_us
                0x0000000000001734       0x2c zephyr/libzephyr.a(soc.c.obj)
 .text.nrf_gpio_pin_control_select
                0x0000000000001760       0x2c zephyr/libzephyr.a(soc.c.obj)
 .text.nordicsemi_nrf53_init
                0x000000000000178c       0x80 zephyr/libzephyr.a(soc.c.obj)
 .text.pm_state_set
                0x000000000000180c       0x14 zephyr/libzephyr.a(power.c.obj)
                0x000000000000180c                pm_state_set
 .text.mbox_rx_init
                0x0000000000001820       0x30 zephyr/libzephyr.a(sync_rtc.c.obj)
 .text.free_resources
                0x0000000000001850       0x24 zephyr/libzephyr.a(sync_rtc.c.obj)
 .text.ppi_rtc_to_ipc
                0x0000000000001874       0x38 zephyr/libzephyr.a(sync_rtc.c.obj)
 .text.ppi_ipc_to_rtc
                0x00000000000018ac       0x3c zephyr/libzephyr.a(sync_rtc.c.obj)
 .text.remote_callback
                0x00000000000018e8       0x40 zephyr/libzephyr.a(sync_rtc.c.obj)
 .text.sync_rtc_setup
                0x0000000000001928       0xe4 zephyr/libzephyr.a(sync_rtc.c.obj)
 .text.z_arm_platform_init
                0x0000000000001a0c        0x4 zephyr/libzephyr.a(soc_nrf_common.S.obj)
                0x0000000000001a0c                z_arm_platform_init
 .text.msg_process
                0x0000000000001a10       0x4c zephyr/libzephyr.a(log_core.c.obj)
 .text.log_backend_notify_all
                0x0000000000001a5c       0x3c zephyr/libzephyr.a(log_core.c.obj)
 .text.activate_foreach_backend
                0x0000000000001a98       0x64 zephyr/libzephyr.a(log_core.c.obj)
 .text.z_log_init
                0x0000000000001afc       0xa8 zephyr/libzephyr.a(log_core.c.obj)
 .text.thread_set
                0x0000000000001ba4       0x28 zephyr/libzephyr.a(log_core.c.obj)
 .text.log_process_thread_timer_expiry_fn
                0x0000000000001bcc       0x10 zephyr/libzephyr.a(log_core.c.obj)
 .text.enable_logger
                0x0000000000001bdc       0x5c zephyr/libzephyr.a(log_core.c.obj)
 .text.log_format_func_t_get
                0x0000000000001c38        0xc zephyr/libzephyr.a(log_core.c.obj)
                0x0000000000001c38                log_format_func_t_get
 .text.log_set_timestamp_func
                0x0000000000001c44       0x1c zephyr/libzephyr.a(log_core.c.obj)
                0x0000000000001c44                log_set_timestamp_func
 .text.z_log_notify_backend_enabled
                0x0000000000001c60       0x20 zephyr/libzephyr.a(log_core.c.obj)
                0x0000000000001c60                z_log_notify_backend_enabled
 .text.z_log_dropped
                0x0000000000001c80       0x30 zephyr/libzephyr.a(log_core.c.obj)
                0x0000000000001c80                z_log_dropped
 .text.z_log_dropped_read_and_clear
                0x0000000000001cb0       0x18 zephyr/libzephyr.a(log_core.c.obj)
                0x0000000000001cb0                z_log_dropped_read_and_clear
 .text.dropped_notify
                0x0000000000001cc8       0x44 zephyr/libzephyr.a(log_core.c.obj)
                0x0000000000001cc8                dropped_notify
 .text.z_log_dropped_pending
                0x0000000000001d0c       0x14 zephyr/libzephyr.a(log_core.c.obj)
                0x0000000000001d0c                z_log_dropped_pending
 .text.z_log_msg_init
                0x0000000000001d20       0x14 zephyr/libzephyr.a(log_core.c.obj)
                0x0000000000001d20                z_log_msg_init
 .text.log_core_init
                0x0000000000001d34       0x28 zephyr/libzephyr.a(log_core.c.obj)
                0x0000000000001d34                log_core_init
 .text.z_log_msg_alloc
                0x0000000000001d5c       0x14 zephyr/libzephyr.a(log_core.c.obj)
                0x0000000000001d5c                z_log_msg_alloc
 .text.z_log_msg_claim
                0x0000000000001d70       0x10 zephyr/libzephyr.a(log_core.c.obj)
                0x0000000000001d70                z_log_msg_claim
 .text.z_log_msg_free
                0x0000000000001d80       0x10 zephyr/libzephyr.a(log_core.c.obj)
                0x0000000000001d80                z_log_msg_free
 .text.z_log_msg_pending
                0x0000000000001d90       0x10 zephyr/libzephyr.a(log_core.c.obj)
                0x0000000000001d90                z_log_msg_pending
 .text.z_impl_log_process
                0x0000000000001da0       0x48 zephyr/libzephyr.a(log_core.c.obj)
                0x0000000000001da0                z_impl_log_process
 .text.z_impl_log_panic
                0x0000000000001de8       0x5c zephyr/libzephyr.a(log_core.c.obj)
                0x0000000000001de8                z_impl_log_panic
 .text.z_log_msg_post_finalize
                0x0000000000001e44       0x80 zephyr/libzephyr.a(log_core.c.obj)
 .text.z_log_msg_commit
                0x0000000000001ec4       0x24 zephyr/libzephyr.a(log_core.c.obj)
                0x0000000000001ec4                z_log_msg_commit
 .text.log_process_thread_func
                0x0000000000001ee8       0x70 zephyr/libzephyr.a(log_core.c.obj)
 .text.log_source_name_get
                0x0000000000001f58       0x20 zephyr/libzephyr.a(log_mgmt.c.obj)
                0x0000000000001f58                log_source_name_get
 .text.log_backend_enable
                0x0000000000001f78       0x24 zephyr/libzephyr.a(log_mgmt.c.obj)
                0x0000000000001f78                log_backend_enable
 .text.cbprintf_package_copy
                0x0000000000001f9c       0x30 zephyr/libzephyr.a(log_msg.c.obj)
 .text.print_formatted
                0x0000000000001fcc       0x28 zephyr/libzephyr.a(log_output.c.obj)
 .text.timestamp_print
                0x0000000000001ff4       0x8c zephyr/libzephyr.a(log_output.c.obj)
 .text.color_print
                0x0000000000002080       0x2c zephyr/libzephyr.a(log_output.c.obj)
 .text.ids_print
                0x00000000000020ac       0x6c zephyr/libzephyr.a(log_output.c.obj)
 .text.prefix_print
                0x0000000000002118       0x74 zephyr/libzephyr.a(log_output.c.obj)
 .text.newline_print
                0x000000000000218c       0x28 zephyr/libzephyr.a(log_output.c.obj)
 .text.hexdump_line_print
                0x00000000000021b4       0xbc zephyr/libzephyr.a(log_output.c.obj)
 .text.log_output_process
                0x0000000000002270       0x78 zephyr/libzephyr.a(log_output.c.obj)
                0x0000000000002270                log_output_process
 .text.log_output_msg_process
                0x00000000000022e8       0x6c zephyr/libzephyr.a(log_output.c.obj)
                0x00000000000022e8                log_output_msg_process
 .text.log_output_dropped_process
                0x0000000000002354       0x58 zephyr/libzephyr.a(log_output.c.obj)
                0x0000000000002354                log_output_dropped_process
 .text.log_output_timestamp_freq_set
                0x00000000000023ac       0x2c zephyr/libzephyr.a(log_output.c.obj)
                0x00000000000023ac                log_output_timestamp_freq_set
 .text.log_backend_rtt_init
                0x00000000000023d8       0x1c zephyr/libzephyr.a(log_backend_rtt.c.obj)
 .text.format_set
                0x00000000000023f4        0xc zephyr/libzephyr.a(log_backend_rtt.c.obj)
 .text.on_failed_write
                0x0000000000002400       0x2c zephyr/libzephyr.a(log_backend_rtt.c.obj)
 .text.on_write
                0x000000000000242c       0x38 zephyr/libzephyr.a(log_backend_rtt.c.obj)
 .text.data_out_block_mode
                0x0000000000002464       0x70 zephyr/libzephyr.a(log_backend_rtt.c.obj)
 .text.panic    0x00000000000024d4       0x18 zephyr/libzephyr.a(log_backend_rtt.c.obj)
 .text.dropped  0x00000000000024ec       0x10 zephyr/libzephyr.a(log_backend_rtt.c.obj)
 .text.process  0x00000000000024fc       0x20 zephyr/libzephyr.a(log_backend_rtt.c.obj)
 .text.ipc_service_open_instance
                0x000000000000251c       0xc8 zephyr/libzephyr.a(ipc_service.c.obj)
                0x000000000000251c                ipc_service_open_instance
 .text.ipc_service_register_endpoint
                0x00000000000025e4       0xd0 zephyr/libzephyr.a(ipc_service.c.obj)
                0x00000000000025e4                ipc_service_register_endpoint
 .text.ipc_service_send
                0x00000000000026b4      0x128 zephyr/libzephyr.a(ipc_service.c.obj)
                0x00000000000026b4                ipc_service_send
 .text.get_available_ept_slot
                0x00000000000027dc       0x10 zephyr/libzephyr.a(ipc_rpmsg_static_vrings.c.obj)
 .text.advertise_ept
                0x00000000000027ec       0x3c zephyr/libzephyr.a(ipc_rpmsg_static_vrings.c.obj)
 .text.send     0x0000000000002828       0x48 zephyr/libzephyr.a(ipc_rpmsg_static_vrings.c.obj)
 .text.bound_cb
                0x0000000000002870       0x1c zephyr/libzephyr.a(ipc_rpmsg_static_vrings.c.obj)
 .text.mbox_init
                0x000000000000288c       0x6c zephyr/libzephyr.a(ipc_rpmsg_static_vrings.c.obj)
 .text.open     0x00000000000028f8       0xe0 zephyr/libzephyr.a(ipc_rpmsg_static_vrings.c.obj)
 .text.shared_memory_prepare
                0x00000000000029d8       0x44 zephyr/libzephyr.a(ipc_rpmsg_static_vrings.c.obj)
 .text.ns_bind_cb
                0x0000000000002a1c       0x78 zephyr/libzephyr.a(ipc_rpmsg.c.obj)
 .text.ipc_rpmsg_register_ept
                0x0000000000002a94       0x48 zephyr/libzephyr.a(ipc_rpmsg.c.obj)
                0x0000000000002a94                ipc_rpmsg_register_ept
 .text.ipc_rpmsg_init
                0x0000000000002adc       0x6c zephyr/libzephyr.a(ipc_rpmsg.c.obj)
                0x0000000000002adc                ipc_rpmsg_init
 .text.libmetal_setup
                0x0000000000002b48       0x58 zephyr/libzephyr.a(ipc_static_vrings.c.obj)
 .text.vq_setup
                0x0000000000002ba0       0x84 zephyr/libzephyr.a(ipc_static_vrings.c.obj)
 .text.ipc_static_vrings_init
                0x0000000000002c24       0x54 zephyr/libzephyr.a(ipc_static_vrings.c.obj)
                0x0000000000002c24                ipc_static_vrings_init
 .text.pm_state_notify
                0x0000000000002c78       0x5c zephyr/libzephyr.a(pm.c.obj)
 .text.pm_exit_pos_ops
                0x0000000000002cd4       0x20 zephyr/libzephyr.a(pm.c.obj)
 .text.pm_system_resume
                0x0000000000002cf4       0x48 zephyr/libzephyr.a(pm.c.obj)
                0x0000000000002cf4                pm_system_resume
 .text.pm_system_suspend
                0x0000000000002d3c      0x104 zephyr/libzephyr.a(pm.c.obj)
                0x0000000000002d3c                pm_system_suspend
 .text.pm_policy_next_state
                0x0000000000002e40       0x98 zephyr/libzephyr.a(policy.c.obj)
                0x0000000000002e40                pm_policy_next_state
 .text.pm_state_cpu_get_all
                0x0000000000002ed8       0x10 zephyr/libzephyr.a(state.c.obj)
                0x0000000000002ed8                pm_state_cpu_get_all
 .text.nrf_cc3xx_platform_abort_init
                0x0000000000002ee8       0x10 zephyr/libzephyr.a(nrf_cc3xx_platform_abort_zephyr.c.obj)
                0x0000000000002ee8                nrf_cc3xx_platform_abort_init
 .text.mutex_unlock_platform
                0x0000000000002ef8       0x60 zephyr/libzephyr.a(nrf_cc3xx_platform_mutex_zephyr.c.obj)
 .text.mutex_lock_platform
                0x0000000000002f58       0x74 zephyr/libzephyr.a(nrf_cc3xx_platform_mutex_zephyr.c.obj)
 .text.mutex_free_platform
                0x0000000000002fcc       0x4c zephyr/libzephyr.a(nrf_cc3xx_platform_mutex_zephyr.c.obj)
 .text.mutex_init_platform
                0x0000000000003018       0x74 zephyr/libzephyr.a(nrf_cc3xx_platform_mutex_zephyr.c.obj)
 .text.nrf_cc3xx_platform_mutex_init
                0x000000000000308c       0x28 zephyr/libzephyr.a(nrf_cc3xx_platform_mutex_zephyr.c.obj)
                0x000000000000308c                nrf_cc3xx_platform_mutex_init
 .text.z_arm_cpu_idle_init
                0x00000000000030b4        0xc zephyr/arch/arch/arm/core/aarch32/libarch__arm__core__aarch32.a(cpu_idle.S.obj)
                0x00000000000030b4                z_arm_cpu_idle_init
 .text.arch_cpu_idle
                0x00000000000030c0       0x1c zephyr/arch/arch/arm/core/aarch32/libarch__arm__core__aarch32.a(cpu_idle.S.obj)
                0x00000000000030c0                arch_cpu_idle
 .text.arch_cpu_atomic_idle
                0x00000000000030dc       0x14 zephyr/arch/arch/arm/core/aarch32/libarch__arm__core__aarch32.a(cpu_idle.S.obj)
                0x00000000000030dc                arch_cpu_atomic_idle
 .text.esf_dump
                0x00000000000030f0      0x24c zephyr/arch/arch/arm/core/aarch32/libarch__arm__core__aarch32.a(fatal.c.obj)
 .text.__NVIC_EnableIRQ
                0x000000000000333c       0x1c zephyr/arch/arch/arm/core/aarch32/libarch__arm__core__aarch32.a(irq_manage.c.obj)
 .text.__NVIC_DisableIRQ
                0x0000000000003358       0x24 zephyr/arch/arch/arm/core/aarch32/libarch__arm__core__aarch32.a(irq_manage.c.obj)
 .text.__NVIC_SetPriority
                0x000000000000337c       0x28 zephyr/arch/arch/arm/core/aarch32/libarch__arm__core__aarch32.a(irq_manage.c.obj)
 .text.arch_irq_is_enabled
                0x00000000000033a4       0x1c zephyr/arch/arch/arm/core/aarch32/libarch__arm__core__aarch32.a(irq_manage.c.obj)
                0x00000000000033a4                arch_irq_is_enabled
 .text.z_SysNmiOnReset
                0x00000000000033c0        0x8 zephyr/arch/arch/arm/core/aarch32/libarch__arm__core__aarch32.a(nmi_on_reset.S.obj)
                0x00000000000033c0                z_SysNmiOnReset
 .text.z_arm_prep_c
                0x00000000000033c8       0x38 zephyr/arch/arch/arm/core/aarch32/libarch__arm__core__aarch32.a(prep_c.c.obj)
                0x00000000000033c8                z_arm_prep_c
 .text.arch_swap
                0x0000000000003400       0x38 zephyr/arch/arch/arm/core/aarch32/libarch__arm__core__aarch32.a(swap.c.obj)
                0x0000000000003400                arch_swap
 .text.z_arm_pendsv
                0x0000000000003438       0x5c zephyr/arch/arch/arm/core/aarch32/libarch__arm__core__aarch32.a(swap_helper.S.obj)
                0x0000000000003438                z_arm_pendsv
 .text.z_arm_svc
                0x0000000000003494       0x20 zephyr/arch/arch/arm/core/aarch32/libarch__arm__core__aarch32.a(swap_helper.S.obj)
                0x0000000000003494                z_arm_svc
 .text.arch_new_thread
                0x00000000000034b4       0x44 zephyr/arch/arch/arm/core/aarch32/libarch__arm__core__aarch32.a(thread.c.obj)
                0x00000000000034b4                arch_new_thread
 .text.arch_switch_to_main_thread
                0x00000000000034f8       0x2c zephyr/arch/arch/arm/core/aarch32/libarch__arm__core__aarch32.a(thread.c.obj)
                0x00000000000034f8                arch_switch_to_main_thread
 .text._isr_wrapper
                0x0000000000003524       0x40 zephyr/arch/arch/arm/core/aarch32/libarch__arm__core__aarch32.a(isr_wrapper.S.obj)
                0x0000000000003524                _isr_wrapper
 .text._HandlerModeExit
                0x0000000000003564       0x1c zephyr/arch/arch/arm/core/aarch32/cortex_m/libarch__arm__core__aarch32__cortex_m.a(exc_exit.S.obj)
                0x0000000000003564                z_arm_exc_exit
                0x0000000000003564                z_arm_int_exit
 .text.get_esf  0x0000000000003580       0x88 zephyr/arch/arch/arm/core/aarch32/cortex_m/libarch__arm__core__aarch32__cortex_m.a(fault.c.obj)
 .text.mem_manage_fault
                0x0000000000003608      0x2f0 zephyr/arch/arch/arm/core/aarch32/cortex_m/libarch__arm__core__aarch32__cortex_m.a(fault.c.obj)
 .text.bus_fault
                0x00000000000038f8      0x328 zephyr/arch/arch/arm/core/aarch32/cortex_m/libarch__arm__core__aarch32__cortex_m.a(fault.c.obj)
 .text.usage_fault
                0x0000000000003c20      0x2ec zephyr/arch/arch/arm/core/aarch32/cortex_m/libarch__arm__core__aarch32__cortex_m.a(fault.c.obj)
 .text.hard_fault
                0x0000000000003f0c      0x240 zephyr/arch/arch/arm/core/aarch32/cortex_m/libarch__arm__core__aarch32__cortex_m.a(fault.c.obj)
 .text.debug_monitor
                0x000000000000414c       0x60 zephyr/arch/arch/arm/core/aarch32/cortex_m/libarch__arm__core__aarch32__cortex_m.a(fault.c.obj)
 .text.reserved_exception
                0x00000000000041ac       0xdc zephyr/arch/arch/arm/core/aarch32/cortex_m/libarch__arm__core__aarch32__cortex_m.a(fault.c.obj)
 .text.z_arm_fault
                0x0000000000004288       0x74 zephyr/arch/arch/arm/core/aarch32/cortex_m/libarch__arm__core__aarch32__cortex_m.a(fault.c.obj)
                0x0000000000004288                z_arm_fault
 .text.z_arm_fault_init
                0x00000000000042fc       0x18 zephyr/arch/arch/arm/core/aarch32/cortex_m/libarch__arm__core__aarch32__cortex_m.a(fault.c.obj)
                0x00000000000042fc                z_arm_fault_init
 .text.__fault  0x0000000000004314       0x14 zephyr/arch/arch/arm/core/aarch32/cortex_m/libarch__arm__core__aarch32__cortex_m.a(fault_s.S.obj)
                0x0000000000004314                z_arm_bus_fault
                0x0000000000004314                z_arm_usage_fault
                0x0000000000004314                z_arm_mpu_fault
                0x0000000000004314                z_arm_exc_spurious
                0x0000000000004314                z_arm_debug_monitor
                0x0000000000004314                z_arm_hard_fault
 .text.z_arm_interrupt_init
                0x0000000000004328       0x34 zephyr/arch/arch/arm/core/aarch32/cortex_m/libarch__arm__core__aarch32__cortex_m.a(irq_init.c.obj)
                0x0000000000004328                z_arm_interrupt_init
 .text._reset_section
                0x000000000000435c       0x68 zephyr/arch/arch/arm/core/aarch32/cortex_m/libarch__arm__core__aarch32__cortex_m.a(reset.S.obj)
                0x000000000000435c                z_arm_reset
                0x000000000000435c                __start
 .text.__NVIC_SystemReset
                0x00000000000043c4       0x24 zephyr/arch/arch/arm/core/aarch32/cortex_m/libarch__arm__core__aarch32__cortex_m.a(scb.c.obj)
 .text.z_arm_clear_arm_mpu_config
                0x00000000000043e8       0x28 zephyr/arch/arch/arm/core/aarch32/cortex_m/libarch__arm__core__aarch32__cortex_m.a(scb.c.obj)
                0x00000000000043e8                z_arm_clear_arm_mpu_config
 .text.z_arm_init_arch_hw_at_boot
                0x0000000000004410       0x54 zephyr/arch/arch/arm/core/aarch32/cortex_m/libarch__arm__core__aarch32__cortex_m.a(scb.c.obj)
                0x0000000000004410                z_arm_init_arch_hw_at_boot
 .text.z_impl_k_thread_abort
                0x0000000000004464       0x34 zephyr/arch/arch/arm/core/aarch32/cortex_m/libarch__arm__core__aarch32__cortex_m.a(thread_abort.c.obj)
                0x0000000000004464                z_impl_k_thread_abort
 .text.z_arm_configure_static_mpu_regions
                0x0000000000004498       0x40 zephyr/arch/arch/arm/core/aarch32/mpu/libarch__arm__core__aarch32__mpu.a(arm_core_mpu.c.obj)
                0x0000000000004498                z_arm_configure_static_mpu_regions
 .text.mpu_init
                0x00000000000044d8       0x14 zephyr/arch/arch/arm/core/aarch32/mpu/libarch__arm__core__aarch32__mpu.a(arm_mpu.c.obj)
 .text.mpu_set_region
                0x00000000000044ec       0x14 zephyr/arch/arch/arm/core/aarch32/mpu/libarch__arm__core__aarch32__mpu.a(arm_mpu.c.obj)
 .text.mpu_region_get_conf
                0x0000000000004500       0x40 zephyr/arch/arch/arm/core/aarch32/mpu/libarch__arm__core__aarch32__mpu.a(arm_mpu.c.obj)
 .text.mpu_mark_areas_for_dynamic_regions
                0x0000000000004540       0x60 zephyr/arch/arch/arm/core/aarch32/mpu/libarch__arm__core__aarch32__mpu.a(arm_mpu.c.obj)
 .text.region_allocate_and_init
                0x00000000000045a0       0x9c zephyr/arch/arch/arm/core/aarch32/mpu/libarch__arm__core__aarch32__mpu.a(arm_mpu.c.obj)
 .text.mpu_configure_regions_and_partition
                0x000000000000463c      0x290 zephyr/arch/arch/arm/core/aarch32/mpu/libarch__arm__core__aarch32__mpu.a(arm_mpu.c.obj)
 .text.mpu_configure_static_mpu_regions
                0x00000000000048cc       0x14 zephyr/arch/arch/arm/core/aarch32/mpu/libarch__arm__core__aarch32__mpu.a(arm_mpu.c.obj)
 .text.arm_core_mpu_enable
                0x00000000000048e0       0x18 zephyr/arch/arch/arm/core/aarch32/mpu/libarch__arm__core__aarch32__mpu.a(arm_mpu.c.obj)
                0x00000000000048e0                arm_core_mpu_enable
 .text.arm_core_mpu_disable
                0x00000000000048f8       0x14 zephyr/arch/arch/arm/core/aarch32/mpu/libarch__arm__core__aarch32__mpu.a(arm_mpu.c.obj)
                0x00000000000048f8                arm_core_mpu_disable
 .text.z_arm_mpu_init
                0x000000000000490c       0x44 zephyr/arch/arch/arm/core/aarch32/mpu/libarch__arm__core__aarch32__mpu.a(arm_mpu.c.obj)
                0x000000000000490c                z_arm_mpu_init
 .text.__stdout_hook_install
                0x0000000000004950        0xc zephyr/lib/libc/minimal/liblib__libc__minimal.a(stdout_console.c.obj)
                0x0000000000004950                __stdout_hook_install
 .text.enable_cpunet
                0x000000000000495c       0x18 zephyr/boards/boards/arm/thingy53_nrf5340_cpuapp/libboards__arm__thingy53_nrf5340.a(board.c.obj)
 .text.get_hf_flags
                0x0000000000004974        0x8 zephyr/drivers/clock_control/libdrivers__clock_control.a(clock_control_nrf.c.obj)
 .text.get_subsys
                0x000000000000497c       0x18 zephyr/drivers/clock_control/libdrivers__clock_control.a(clock_control_nrf.c.obj)
 .text.onoff_stop
                0x0000000000004994       0x20 zephyr/drivers/clock_control/libdrivers__clock_control.a(clock_control_nrf.c.obj)
 .text.onoff_start
                0x00000000000049b4       0x34 zephyr/drivers/clock_control/libdrivers__clock_control.a(clock_control_nrf.c.obj)
 .text.clock_event_handler
                0x00000000000049e8       0x4c zephyr/drivers/clock_control/libdrivers__clock_control.a(clock_control_nrf.c.obj)
 .text.generic_hfclk_start
                0x0000000000004a34       0x70 zephyr/drivers/clock_control/libdrivers__clock_control.a(clock_control_nrf.c.obj)
 .text.generic_hfclk_stop
                0x0000000000004aa4       0x28 zephyr/drivers/clock_control/libdrivers__clock_control.a(clock_control_nrf.c.obj)
 .text.lfclk_spinwait
                0x0000000000004acc       0xd8 zephyr/drivers/clock_control/libdrivers__clock_control.a(clock_control_nrf.c.obj)
 .text.api_blocking_start
                0x0000000000004ba4       0x38 zephyr/drivers/clock_control/libdrivers__clock_control.a(clock_control_nrf.c.obj)
 .text.clk_init
                0x0000000000004bdc       0x60 zephyr/drivers/clock_control/libdrivers__clock_control.a(clock_control_nrf.c.obj)
 .text.z_nrf_clock_control_lf_on
                0x0000000000004c3c       0x4c zephyr/drivers/clock_control/libdrivers__clock_control.a(clock_control_nrf.c.obj)
                0x0000000000004c3c                z_nrf_clock_control_lf_on
 .text.rtt_console_init
                0x0000000000004c88       0x18 zephyr/drivers/console/libdrivers__console.a(rtt_console.c.obj)
 .text.rtt_console_out
                0x0000000000004ca0       0x4c zephyr/drivers/console/libdrivers__console.a(rtt_console.c.obj)
 .text.get_dev  0x0000000000004cec       0x1c zephyr/drivers/gpio/libdrivers__gpio.a(gpio_nrfx.c.obj)
 .text.gpio_nrfx_pin_interrupt_configure
                0x0000000000004d08       0xc8 zephyr/drivers/gpio/libdrivers__gpio.a(gpio_nrfx.c.obj)
 .text.gpio_nrfx_pin_configure
                0x0000000000004dd0      0x10c zephyr/drivers/gpio/libdrivers__gpio.a(gpio_nrfx.c.obj)
 .text.gpio_nrfx_init
                0x0000000000004edc       0x3c zephyr/drivers/gpio/libdrivers__gpio.a(gpio_nrfx.c.obj)
 .text.i2c_nrfx_twim_recover_bus
                0x0000000000004f18       0x40 zephyr/drivers/i2c/libdrivers__i2c.a(i2c_nrfx_twim.c.obj)
 .text.i2c_nrfx_twim_configure
                0x0000000000004f58       0xa8 zephyr/drivers/i2c/libdrivers__i2c.a(i2c_nrfx_twim.c.obj)
 .text.i2c_nrfx_twim_transfer
                0x0000000000005000      0x4d0 zephyr/drivers/i2c/libdrivers__i2c.a(i2c_nrfx_twim.c.obj)
 .text.event_handler
                0x00000000000054d0       0x40 zephyr/drivers/i2c/libdrivers__i2c.a(i2c_nrfx_twim.c.obj)
 .text.i2c_nrfx_twim_init
                0x0000000000005510       0xf8 zephyr/drivers/i2c/libdrivers__i2c.a(i2c_nrfx_twim.c.obj)
 .text.get_nrf_spim_frequency
                0x0000000000005608       0x88 zephyr/drivers/spi/libdrivers__spi.a(spi_nrfx_spim.c.obj)
 .text.configure
                0x0000000000005690      0x388 zephyr/drivers/spi/libdrivers__spi.a(spi_nrfx_spim.c.obj)
 .text.spi_context_wait_for_completion
                0x0000000000005a18       0xac zephyr/drivers/spi/libdrivers__spi.a(spi_nrfx_spim.c.obj)
 .text.transfer_next_chunk
                0x0000000000005ac4       0xb4 zephyr/drivers/spi/libdrivers__spi.a(spi_nrfx_spim.c.obj)
 .text.event_handler
                0x0000000000005b78      0x130 zephyr/drivers/spi/libdrivers__spi.a(spi_nrfx_spim.c.obj)
 .text.spi_context_cs_configure_all
                0x0000000000005ca8      0x100 zephyr/drivers/spi/libdrivers__spi.a(spi_nrfx_spim.c.obj)
 .text.common_init
                0x0000000000005da8       0xf8 zephyr/drivers/regulator/libdrivers__regulator.a(regulator_fixed.c.obj)
 .text.regulator_fixed_init_sync
                0x0000000000005ea0       0xc8 zephyr/drivers/regulator/libdrivers__regulator.a(regulator_fixed.c.obj)
 .text.baudrate_set
                0x0000000000005f68      0x150 zephyr/drivers/serial/libdrivers__serial.a(uart_nrfx_uarte.c.obj)
 .text.uarte_nrfx_poll_out
                0x00000000000060b8       0x5c zephyr/drivers/serial/libdrivers__serial.a(uart_nrfx_uarte.c.obj)
 .text.endtx_stoptx_ppi_init
                0x0000000000006114       0x98 zephyr/drivers/serial/libdrivers__serial.a(uart_nrfx_uarte.c.obj)
 .text.set_comparator
                0x00000000000061ac       0x14 zephyr/drivers/timer/libdrivers__timer.a(nrf_rtc_timer.c.obj)
 .text.get_comparator
                0x00000000000061c0       0x10 zephyr/drivers/timer/libdrivers__timer.a(nrf_rtc_timer.c.obj)
 .text.event_enable
                0x00000000000061d0       0x14 zephyr/drivers/timer/libdrivers__timer.a(nrf_rtc_timer.c.obj)
 .text.event_disable
                0x00000000000061e4       0x14 zephyr/drivers/timer/libdrivers__timer.a(nrf_rtc_timer.c.obj)
 .text.counter  0x00000000000061f8        0xc zephyr/drivers/timer/libdrivers__timer.a(nrf_rtc_timer.c.obj)
 .text.compare_int_lock
                0x0000000000006204       0x44 zephyr/drivers/timer/libdrivers__timer.a(nrf_rtc_timer.c.obj)
 .text.channel_processing_check_and_clear
                0x0000000000006248       0x6c zephyr/drivers/timer/libdrivers__timer.a(nrf_rtc_timer.c.obj)
 .text.compare_int_unlock
                0x00000000000062b4       0x50 zephyr/drivers/timer/libdrivers__timer.a(nrf_rtc_timer.c.obj)
 .text.sys_clock_timeout_handler
                0x0000000000006304       0x78 zephyr/drivers/timer/libdrivers__timer.a(nrf_rtc_timer.c.obj)
 .text.z_nrf_rtc_timer_compare_evt_address_get
                0x000000000000637c       0x10 zephyr/drivers/timer/libdrivers__timer.a(nrf_rtc_timer.c.obj)
                0x000000000000637c                z_nrf_rtc_timer_compare_evt_address_get
 .text.z_nrf_rtc_timer_compare_read
                0x000000000000638c       0x10 zephyr/drivers/timer/libdrivers__timer.a(nrf_rtc_timer.c.obj)
                0x000000000000638c                z_nrf_rtc_timer_compare_read
 .text.z_nrf_rtc_timer_read
                0x000000000000639c       0x40 zephyr/drivers/timer/libdrivers__timer.a(nrf_rtc_timer.c.obj)
                0x000000000000639c                z_nrf_rtc_timer_read
 .text.compare_set_nolocks
                0x00000000000063dc       0x98 zephyr/drivers/timer/libdrivers__timer.a(nrf_rtc_timer.c.obj)
 .text.sys_clock_driver_init
                0x0000000000006474       0xa0 zephyr/drivers/timer/libdrivers__timer.a(nrf_rtc_timer.c.obj)
 .text.process_channel
                0x0000000000006514       0x74 zephyr/drivers/timer/libdrivers__timer.a(nrf_rtc_timer.c.obj)
 .text.rtc_nrf_isr
                0x0000000000006588       0x44 zephyr/drivers/timer/libdrivers__timer.a(nrf_rtc_timer.c.obj)
                0x0000000000006588                rtc_nrf_isr
 .text.z_nrf_rtc_timer_chan_alloc
                0x00000000000065cc       0x50 zephyr/drivers/timer/libdrivers__timer.a(nrf_rtc_timer.c.obj)
                0x00000000000065cc                z_nrf_rtc_timer_chan_alloc
 .text.z_nrf_rtc_timer_chan_free
                0x000000000000661c       0x1c zephyr/drivers/timer/libdrivers__timer.a(nrf_rtc_timer.c.obj)
                0x000000000000661c                z_nrf_rtc_timer_chan_free
 .text.sys_clock_set_timeout
                0x0000000000006638       0x64 zephyr/drivers/timer/libdrivers__timer.a(nrf_rtc_timer.c.obj)
                0x0000000000006638                sys_clock_set_timeout
 .text.sys_clock_elapsed
                0x000000000000669c       0x14 zephyr/drivers/timer/libdrivers__timer.a(nrf_rtc_timer.c.obj)
                0x000000000000669c                sys_clock_elapsed
 .text.nrf_gpio_cfg
                0x00000000000066b0       0x4c zephyr/drivers/pinctrl/libdrivers__pinctrl.a(pinctrl_nrf.c.obj)
 .text.nrf_gpio_pin_write
                0x00000000000066fc       0x3c zephyr/drivers/pinctrl/libdrivers__pinctrl.a(pinctrl_nrf.c.obj)
 .text.pinctrl_configure_pins
                0x0000000000006738      0x33c zephyr/drivers/pinctrl/libdrivers__pinctrl.a(pinctrl_nrf.c.obj)
                0x0000000000006738                pinctrl_configure_pins
 .text.mbox_nrf_set_enabled
                0x0000000000006a74      0x100 zephyr/drivers/mbox/libdrivers__mbox.a(mbox_nrfx_ipc.c.obj)
 .text.mbox_nrf_send
                0x0000000000006b74       0x94 zephyr/drivers/mbox/libdrivers__mbox.a(mbox_nrfx_ipc.c.obj)
 .text.mbox_dispatcher
                0x0000000000006c08      0x11c zephyr/drivers/mbox/libdrivers__mbox.a(mbox_nrfx_ipc.c.obj)
 .text.enable_dt_channels
                0x0000000000006d24      0x10c zephyr/drivers/mbox/libdrivers__mbox.a(mbox_nrfx_ipc.c.obj)
 .text.mbox_nrf_init
                0x0000000000006e30       0x2c zephyr/drivers/mbox/libdrivers__mbox.a(mbox_nrfx_ipc.c.obj)
 .text.k_sys_fatal_error_handler
                0x0000000000006e5c       0x64 modules/nrf/lib/fatal_error/lib..__nrf__lib__fatal_error.a(fatal_error.c.obj)
                0x0000000000006e5c                k_sys_fatal_error_handler
 .text.SystemCoreClockUpdate
                0x0000000000006ec0       0x20 modules/hal_nordic/nrfx/libmodules__hal_nordic__nrfx.a(system_nrf5340_application.c.obj)
                0x0000000000006ec0                SystemCoreClockUpdate
 .text.SystemInit
                0x0000000000006ee0      0x160 modules/hal_nordic/nrfx/libmodules__hal_nordic__nrfx.a(system_nrf5340_application.c.obj)
                0x0000000000006ee0                SystemInit
 .text.nrfx_flag32_alloc
                0x0000000000007040       0x48 modules/hal_nordic/nrfx/libmodules__hal_nordic__nrfx.a(nrfx_flag32_allocator.c.obj)
                0x0000000000007040                nrfx_flag32_alloc
 .text.nrfx_flag32_free
                0x0000000000007088       0x3c modules/hal_nordic/nrfx/libmodules__hal_nordic__nrfx.a(nrfx_flag32_allocator.c.obj)
                0x0000000000007088                nrfx_flag32_free
 .text.nrfx_clock_init
                0x00000000000070c4       0x24 modules/hal_nordic/nrfx/libmodules__hal_nordic__nrfx.a(nrfx_clock.c.obj)
                0x00000000000070c4                nrfx_clock_init
 .text.nrfx_power_clock_irq_handler
                0x00000000000070e8       0xc8 modules/hal_nordic/nrfx/libmodules__hal_nordic__nrfx.a(nrfx_clock.c.obj)
                0x00000000000070e8                nrfx_power_clock_irq_handler
 .text.nrfx_dppi_channel_alloc
                0x00000000000071b0       0x10 modules/hal_nordic/nrfx/libmodules__hal_nordic__nrfx.a(nrfx_dppi.c.obj)
                0x00000000000071b0                nrfx_dppi_channel_alloc
 .text.nrfx_dppi_channel_free
                0x00000000000071c0       0x20 modules/hal_nordic/nrfx/libmodules__hal_nordic__nrfx.a(nrfx_dppi.c.obj)
                0x00000000000071c0                nrfx_dppi_channel_free
 .text.nrf_gpio_reconfigure
                0x00000000000071e0       0xb8 modules/hal_nordic/nrfx/libmodules__hal_nordic__nrfx.a(nrfx_gpiote.c.obj)
 .text.nrf_gpio_cfg_default
                0x0000000000007298       0x2c modules/hal_nordic/nrfx/libmodules__hal_nordic__nrfx.a(nrfx_gpiote.c.obj)
 .text.nrf_gpio_latches_read_and_clear
                0x00000000000072c4       0x40 modules/hal_nordic/nrfx/libmodules__hal_nordic__nrfx.a(nrfx_gpiote.c.obj)
 .text.pin_in_use
                0x0000000000007304       0x14 modules/hal_nordic/nrfx/libmodules__hal_nordic__nrfx.a(nrfx_gpiote.c.obj)
 .text.pin_in_use_by_te
                0x0000000000007318       0x14 modules/hal_nordic/nrfx/libmodules__hal_nordic__nrfx.a(nrfx_gpiote.c.obj)
 .text.pin_has_trigger
                0x000000000000732c       0x18 modules/hal_nordic/nrfx/libmodules__hal_nordic__nrfx.a(nrfx_gpiote.c.obj)
 .text.pin_is_output
                0x0000000000007344       0x14 modules/hal_nordic/nrfx/libmodules__hal_nordic__nrfx.a(nrfx_gpiote.c.obj)
 .text.pin_te_get
                0x0000000000007358       0x10 modules/hal_nordic/nrfx/libmodules__hal_nordic__nrfx.a(nrfx_gpiote.c.obj)
 .text.handler_in_use
                0x0000000000007368       0x34 modules/hal_nordic/nrfx/libmodules__hal_nordic__nrfx.a(nrfx_gpiote.c.obj)
 .text.find_handler
                0x000000000000739c       0x2c modules/hal_nordic/nrfx/libmodules__hal_nordic__nrfx.a(nrfx_gpiote.c.obj)
 .text.get_initial_sense
                0x00000000000073c8       0x4c modules/hal_nordic/nrfx/libmodules__hal_nordic__nrfx.a(nrfx_gpiote.c.obj)
 .text.channel_handler_get
                0x0000000000007414       0x20 modules/hal_nordic/nrfx/libmodules__hal_nordic__nrfx.a(nrfx_gpiote.c.obj)
 .text.call_handler
                0x0000000000007434       0x2c modules/hal_nordic/nrfx/libmodules__hal_nordic__nrfx.a(nrfx_gpiote.c.obj)
 .text.next_sense_cond_call_handler
                0x0000000000007460       0x84 modules/hal_nordic/nrfx/libmodules__hal_nordic__nrfx.a(nrfx_gpiote.c.obj)
 .text.release_handler
                0x00000000000074e4       0x44 modules/hal_nordic/nrfx/libmodules__hal_nordic__nrfx.a(nrfx_gpiote.c.obj)
 .text.pin_handler_trigger_uninit
                0x0000000000007528       0x3c modules/hal_nordic/nrfx/libmodules__hal_nordic__nrfx.a(nrfx_gpiote.c.obj)
 .text.pin_handler_set
                0x0000000000007564       0x6c modules/hal_nordic/nrfx/libmodules__hal_nordic__nrfx.a(nrfx_gpiote.c.obj)
 .text.port_event_handle
                0x00000000000075d0       0xa8 modules/hal_nordic/nrfx/libmodules__hal_nordic__nrfx.a(nrfx_gpiote.c.obj)
 .text.gpiote_evt_handle
                0x0000000000007678       0x44 modules/hal_nordic/nrfx/libmodules__hal_nordic__nrfx.a(nrfx_gpiote.c.obj)
 .text.nrfx_gpiote_input_configure
                0x00000000000076bc      0x12c modules/hal_nordic/nrfx/libmodules__hal_nordic__nrfx.a(nrfx_gpiote.c.obj)
                0x00000000000076bc                nrfx_gpiote_input_configure
 .text.nrfx_gpiote_output_configure
                0x00000000000077e8       0xd8 modules/hal_nordic/nrfx/libmodules__hal_nordic__nrfx.a(nrfx_gpiote.c.obj)
                0x00000000000077e8                nrfx_gpiote_output_configure
 .text.nrfx_gpiote_global_callback_set
                0x00000000000078c0        0xc modules/hal_nordic/nrfx/libmodules__hal_nordic__nrfx.a(nrfx_gpiote.c.obj)
                0x00000000000078c0                nrfx_gpiote_global_callback_set
 .text.nrfx_gpiote_channel_get
                0x00000000000078cc       0x30 modules/hal_nordic/nrfx/libmodules__hal_nordic__nrfx.a(nrfx_gpiote.c.obj)
                0x00000000000078cc                nrfx_gpiote_channel_get
 .text.nrfx_gpiote_init
                0x00000000000078fc       0x54 modules/hal_nordic/nrfx/libmodules__hal_nordic__nrfx.a(nrfx_gpiote.c.obj)
                0x00000000000078fc                nrfx_gpiote_init
 .text.nrfx_gpiote_is_init
                0x0000000000007950       0x14 modules/hal_nordic/nrfx/libmodules__hal_nordic__nrfx.a(nrfx_gpiote.c.obj)
                0x0000000000007950                nrfx_gpiote_is_init
 .text.nrfx_gpiote_channel_free
                0x0000000000007964       0x10 modules/hal_nordic/nrfx/libmodules__hal_nordic__nrfx.a(nrfx_gpiote.c.obj)
                0x0000000000007964                nrfx_gpiote_channel_free
 .text.nrfx_gpiote_channel_alloc
                0x0000000000007974       0x10 modules/hal_nordic/nrfx/libmodules__hal_nordic__nrfx.a(nrfx_gpiote.c.obj)
                0x0000000000007974                nrfx_gpiote_channel_alloc
 .text.nrfx_gpiote_trigger_enable
                0x0000000000007984       0x64 modules/hal_nordic/nrfx/libmodules__hal_nordic__nrfx.a(nrfx_gpiote.c.obj)
                0x0000000000007984                nrfx_gpiote_trigger_enable
 .text.nrfx_gpiote_trigger_disable
                0x00000000000079e8       0x44 modules/hal_nordic/nrfx/libmodules__hal_nordic__nrfx.a(nrfx_gpiote.c.obj)
                0x00000000000079e8                nrfx_gpiote_trigger_disable
 .text.nrfx_gpiote_pin_uninit
                0x0000000000007a2c       0x2c modules/hal_nordic/nrfx/libmodules__hal_nordic__nrfx.a(nrfx_gpiote.c.obj)
                0x0000000000007a2c                nrfx_gpiote_pin_uninit
 .text.nrfx_gpiote_irq_handler
                0x0000000000007a58       0x60 modules/hal_nordic/nrfx/libmodules__hal_nordic__nrfx.a(nrfx_gpiote.c.obj)
                0x0000000000007a58                nrfx_gpiote_irq_handler
 .text.nrfx_ipc_init
                0x0000000000007ab8       0x30 modules/hal_nordic/nrfx/libmodules__hal_nordic__nrfx.a(nrfx_ipc.c.obj)
                0x0000000000007ab8                nrfx_ipc_init
 .text.nrfx_ipc_config_load
                0x0000000000007ae8       0x4c modules/hal_nordic/nrfx/libmodules__hal_nordic__nrfx.a(nrfx_ipc.c.obj)
                0x0000000000007ae8                nrfx_ipc_config_load
 .text.nrfx_ipc_receive_event_enable
                0x0000000000007b34       0x10 modules/hal_nordic/nrfx/libmodules__hal_nordic__nrfx.a(nrfx_ipc.c.obj)
                0x0000000000007b34                nrfx_ipc_receive_event_enable
 .text.nrfx_ipc_receive_event_disable
                0x0000000000007b44       0x10 modules/hal_nordic/nrfx/libmodules__hal_nordic__nrfx.a(nrfx_ipc.c.obj)
                0x0000000000007b44                nrfx_ipc_receive_event_disable
 .text.nrfx_ipc_irq_handler
                0x0000000000007b54       0x40 modules/hal_nordic/nrfx/libmodules__hal_nordic__nrfx.a(nrfx_ipc.c.obj)
                0x0000000000007b54                nrfx_ipc_irq_handler
 .text.nrf_gpio_cfg
                0x0000000000007b94       0x4c modules/hal_nordic/nrfx/libmodules__hal_nordic__nrfx.a(nrfx_spim.c.obj)
 .text.nrf_gpio_cfg_default
                0x0000000000007be0       0x2c modules/hal_nordic/nrfx/libmodules__hal_nordic__nrfx.a(nrfx_spim.c.obj)
 .text.nrf_gpio_pin_write
                0x0000000000007c0c       0x3c modules/hal_nordic/nrfx/libmodules__hal_nordic__nrfx.a(nrfx_spim.c.obj)
 .text.configure_pins
                0x0000000000007c48      0x160 modules/hal_nordic/nrfx/libmodules__hal_nordic__nrfx.a(nrfx_spim.c.obj)
 .text.spim_xfer
                0x0000000000007da8       0x94 modules/hal_nordic/nrfx/libmodules__hal_nordic__nrfx.a(nrfx_spim.c.obj)
 .text.nrfx_spim_init
                0x0000000000007e3c       0xe0 modules/hal_nordic/nrfx/libmodules__hal_nordic__nrfx.a(nrfx_spim.c.obj)
                0x0000000000007e3c                nrfx_spim_init
 .text.nrfx_spim_uninit
                0x0000000000007f1c       0x80 modules/hal_nordic/nrfx/libmodules__hal_nordic__nrfx.a(nrfx_spim.c.obj)
                0x0000000000007f1c                nrfx_spim_uninit
 .text.nrfx_spim_xfer
                0x0000000000007f9c       0x60 modules/hal_nordic/nrfx/libmodules__hal_nordic__nrfx.a(nrfx_spim.c.obj)
                0x0000000000007f9c                nrfx_spim_xfer
 .text.nrfx_spim_3_irq_handler
                0x0000000000007ffc       0x14 modules/hal_nordic/nrfx/libmodules__hal_nordic__nrfx.a(nrfx_spim.c.obj)
                0x0000000000007ffc                nrfx_spim_3_irq_handler
 .text.twi_process_error
                0x0000000000008010       0x34 modules/hal_nordic/nrfx/libmodules__hal_nordic__nrfx.a(nrfx_twim.c.obj)
 .text.twim_pins_configure
                0x0000000000008044       0xac modules/hal_nordic/nrfx/libmodules__hal_nordic__nrfx.a(nrfx_twim.c.obj)
 .text.twim_xfer
                0x00000000000080f0      0x2b0 modules/hal_nordic/nrfx/libmodules__hal_nordic__nrfx.a(nrfx_twim.c.obj)
 .text.twim_irq_handler
                0x00000000000083a0      0x1d4 modules/hal_nordic/nrfx/libmodules__hal_nordic__nrfx.a(nrfx_twim.c.obj)
 .text.nrfx_twim_init
                0x0000000000008574       0x94 modules/hal_nordic/nrfx/libmodules__hal_nordic__nrfx.a(nrfx_twim.c.obj)
                0x0000000000008574                nrfx_twim_init
 .text.nrfx_twim_enable
                0x0000000000008608       0x20 modules/hal_nordic/nrfx/libmodules__hal_nordic__nrfx.a(nrfx_twim.c.obj)
                0x0000000000008608                nrfx_twim_enable
 .text.nrfx_twim_disable
                0x0000000000008628       0x3c modules/hal_nordic/nrfx/libmodules__hal_nordic__nrfx.a(nrfx_twim.c.obj)
                0x0000000000008628                nrfx_twim_disable
 .text.nrfx_twim_xfer
                0x0000000000008664       0x20 modules/hal_nordic/nrfx/libmodules__hal_nordic__nrfx.a(nrfx_twim.c.obj)
                0x0000000000008664                nrfx_twim_xfer
 .text.nrfx_twim_1_irq_handler
                0x0000000000008684       0x14 modules/hal_nordic/nrfx/libmodules__hal_nordic__nrfx.a(nrfx_twim.c.obj)
                0x0000000000008684                nrfx_twim_1_irq_handler
 .text.nrfx_twi_twim_bus_recover
                0x0000000000008698       0xc4 modules/hal_nordic/nrfx/libmodules__hal_nordic__nrfx.a(nrfx_twi_twim.c.obj)
                0x0000000000008698                nrfx_twi_twim_bus_recover
 .text.metal_generic_dev_open
                0x000000000000875c       0x40 modules/libmetal/libmetal/lib/libmetal.a(device.c.obj)
                0x000000000000875c                metal_generic_dev_open
 .text.metal_bus_find
                0x000000000000879c       0x40 modules/libmetal/libmetal/lib/libmetal.a(device.c.obj)
                0x000000000000879c                metal_bus_find
 .text.metal_bus_register
                0x00000000000087dc       0x74 modules/libmetal/libmetal/lib/libmetal.a(device.c.obj)
                0x00000000000087dc                metal_bus_register
 .text.metal_register_generic_device
                0x0000000000008850       0x40 modules/libmetal/libmetal/lib/libmetal.a(device.c.obj)
                0x0000000000008850                metal_register_generic_device
 .text.metal_init
                0x0000000000008890       0x3c modules/libmetal/libmetal/lib/libmetal.a(init.c.obj)
                0x0000000000008890                metal_init
 .text.metal_sys_init
                0x00000000000088cc       0x10 modules/libmetal/libmetal/lib/libmetal.a(init.c.obj)
                0x00000000000088cc                metal_sys_init
 .text.metal_zephyr_log_handler
                0x00000000000088dc       0x38 modules/libmetal/libmetal/lib/libmetal.a(log.c.obj)
                0x00000000000088dc                metal_zephyr_log_handler
 .text.virtio_create_virtqueues
                0x0000000000008914       0xa0 modules/open-amp/open-amp/lib/libopen_amp.a(virtio.c.obj)
                0x0000000000008914                virtio_create_virtqueues
 .text.rpmsg_is_address_set
                0x00000000000089b4       0x28 modules/open-amp/open-amp/lib/libopen_amp.a(rpmsg.c.obj)
 .text.rpmsg_set_address
                0x00000000000089dc       0x34 modules/open-amp/open-amp/lib/libopen_amp.a(rpmsg.c.obj)
 .text.rpmsg_send_offchannel_raw
                0x0000000000008a10       0x44 modules/open-amp/open-amp/lib/libopen_amp.a(rpmsg.c.obj)
                0x0000000000008a10                rpmsg_send_offchannel_raw
 .text.rpmsg_send_offchannel_nocopy
                0x0000000000008a54       0x3c modules/open-amp/open-amp/lib/libopen_amp.a(rpmsg.c.obj)
                0x0000000000008a54                rpmsg_send_offchannel_nocopy
 .text.rpmsg_register_endpoint
                0x0000000000008a90       0x40 modules/open-amp/open-amp/lib/libopen_amp.a(rpmsg.c.obj)
                0x0000000000008a90                rpmsg_register_endpoint
 .text.rpmsg_create_ept
                0x0000000000008ad0       0xd0 modules/open-amp/open-amp/lib/libopen_amp.a(rpmsg.c.obj)
                0x0000000000008ad0                rpmsg_create_ept
 .text._rpmsg_virtio_get_buffer_size
                0x0000000000008ba0       0x20 modules/open-amp/open-amp/lib/libopen_amp.a(rpmsg_virtio.c.obj)
 .text.__metal_sleep_usec
                0x0000000000008bc0       0x28 modules/open-amp/open-amp/lib/libopen_amp.a(rpmsg_virtio.c.obj)
 .text.rpmsg_virtio_send_offchannel_raw
                0x0000000000008be8       0x60 modules/open-amp/open-amp/lib/libopen_amp.a(rpmsg_virtio.c.obj)
 .text.rpmsg_virtio_get_buffer_size
                0x0000000000008c48       0x2c modules/open-amp/open-amp/lib/libopen_amp.a(rpmsg_virtio.c.obj)
                0x0000000000008c48                rpmsg_virtio_get_buffer_size
 .text.rpmsg_init_vdev_with_config
                0x0000000000008c74      0x1d8 modules/open-amp/open-amp/lib/libopen_amp.a(rpmsg_virtio.c.obj)
                0x0000000000008c74                rpmsg_init_vdev_with_config
 .text.rpmsg_init_vdev
                0x0000000000008e4c       0x28 modules/open-amp/open-amp/lib/libopen_amp.a(rpmsg_virtio.c.obj)
                0x0000000000008e4c                rpmsg_init_vdev
 .text._DoInit  0x0000000000008e74       0x60 modules/segger/libmodules__segger.a(SEGGER_RTT.c.obj)
 .text.SEGGER_RTT_WriteSkipNoLock
                0x0000000000008ed4       0xc8 modules/segger/libmodules__segger.a(SEGGER_RTT.c.obj)
                0x0000000000008ed4                SEGGER_RTT_WriteSkipNoLock
 .text.SEGGER_RTT_WriteNoLock
                0x0000000000008f9c       0x6c modules/segger/libmodules__segger.a(SEGGER_RTT.c.obj)
                0x0000000000008f9c                SEGGER_RTT_WriteNoLock
 .text.SEGGER_RTT_HasDataUp
                0x0000000000009008       0x20 modules/segger/libmodules__segger.a(SEGGER_RTT.c.obj)
                0x0000000000009008                SEGGER_RTT_HasDataUp
 .text.zephyr_rtt_mutex_lock
                0x0000000000009028       0x18 modules/segger/libmodules__segger.a(SEGGER_RTT_zephyr.c.obj)
                0x0000000000009028                zephyr_rtt_mutex_lock
 .text.zephyr_rtt_mutex_unlock
                0x0000000000009040       0x10 modules/segger/libmodules__segger.a(SEGGER_RTT_zephyr.c.obj)
                0x0000000000009040                zephyr_rtt_mutex_unlock
 .text.z_device_state_init
                0x0000000000009050       0x18 zephyr/kernel/libkernel.a(device.c.obj)
                0x0000000000009050                z_device_state_init
 .text.z_sys_init_run_level
                0x0000000000009068       0x50 zephyr/kernel/libkernel.a(device.c.obj)
                0x0000000000009068                z_sys_init_run_level
 .text.reason_to_str
                0x00000000000090b8       0x40 zephyr/kernel/libkernel.a(fatal.c.obj)
 .text.thread_name_get
                0x00000000000090f8       0x20 zephyr/kernel/libkernel.a(fatal.c.obj)
 .text.z_fatal_error
                0x0000000000009118      0x238 zephyr/kernel/libkernel.a(fatal.c.obj)
                0x0000000000009118                z_fatal_error
 .text.init_idle_thread
                0x0000000000009350       0x60 zephyr/kernel/libkernel.a(init.c.obj)
 .text.bg_thread_main
                0x00000000000093b0       0x34 zephyr/kernel/libkernel.a(init.c.obj)
 .text.switch_to_main_thread
                0x00000000000093e4       0x14 zephyr/kernel/libkernel.a(init.c.obj)
 .text.z_bss_zero
                0x00000000000093f8       0x18 zephyr/kernel/libkernel.a(init.c.obj)
                0x00000000000093f8                z_bss_zero
 .text.z_init_cpu
                0x0000000000009410       0x40 zephyr/kernel/libkernel.a(init.c.obj)
                0x0000000000009410                z_init_cpu
 .text.prepare_multithreading
                0x0000000000009450       0x60 zephyr/kernel/libkernel.a(init.c.obj)
 .text.z_cstart
                0x00000000000094b0       0x90 zephyr/kernel/libkernel.a(init.c.obj)
                0x00000000000094b0                z_cstart
 .text.init_mem_slab_module
                0x0000000000009540       0x24 zephyr/kernel/libkernel.a(mem_slab.c.obj)
 .text.k_mem_slab_alloc
                0x0000000000009564       0x68 zephyr/kernel/libkernel.a(mem_slab.c.obj)
                0x0000000000009564                k_mem_slab_alloc
 .text.z_thread_monitor_exit
                0x00000000000095cc       0x40 zephyr/kernel/libkernel.a(thread.c.obj)
                0x00000000000095cc                z_thread_monitor_exit
 .text.z_impl_k_thread_name_set
                0x000000000000960c       0x24 zephyr/kernel/libkernel.a(thread.c.obj)
                0x000000000000960c                z_impl_k_thread_name_set
 .text.schedule_new_thread
                0x0000000000009630       0x1c zephyr/kernel/libkernel.a(thread.c.obj)
 .text.z_setup_new_thread
                0x000000000000964c       0xc8 zephyr/kernel/libkernel.a(thread.c.obj)
                0x000000000000964c                z_setup_new_thread
 .text.z_init_static_threads
                0x0000000000009714       0x94 zephyr/kernel/libkernel.a(thread.c.obj)
                0x0000000000009714                z_init_static_threads
 .text.idle     0x00000000000097a8       0x3c zephyr/kernel/libkernel.a(idle.c.obj)
                0x00000000000097a8                idle
 .text.z_impl_k_mutex_lock
                0x00000000000097e4       0xfc zephyr/kernel/libkernel.a(mutex.c.obj)
                0x00000000000097e4                z_impl_k_mutex_lock
 .text.z_impl_k_mutex_unlock
                0x00000000000098e0       0x7c zephyr/kernel/libkernel.a(mutex.c.obj)
                0x00000000000098e0                z_impl_k_mutex_unlock
 .text.z_impl_k_sem_give
                0x000000000000995c       0x48 zephyr/kernel/libkernel.a(sem.c.obj)
                0x000000000000995c                z_impl_k_sem_give
 .text.z_impl_k_sem_take
                0x00000000000099a4       0x50 zephyr/kernel/libkernel.a(sem.c.obj)
                0x00000000000099a4                z_impl_k_sem_take
 .text.queue_submit_locked
                0x00000000000099f4       0x7c zephyr/kernel/libkernel.a(work.c.obj)
 .text.finalize_cancel_locked
                0x0000000000009a70       0x60 zephyr/kernel/libkernel.a(work.c.obj)
 .text.work_queue_main
                0x0000000000009ad0       0xf0 zephyr/kernel/libkernel.a(work.c.obj)
 .text.k_work_queue_start
                0x0000000000009bc0       0x7c zephyr/kernel/libkernel.a(work.c.obj)
                0x0000000000009bc0                k_work_queue_start
 .text.sliceable
                0x0000000000009c3c       0x3c zephyr/kernel/libkernel.a(sched.c.obj)
 .text.add_thread_timeout
                0x0000000000009c78       0x20 zephyr/kernel/libkernel.a(sched.c.obj)
 .text.z_reset_time_slice
                0x0000000000009c98       0x28 zephyr/kernel/libkernel.a(sched.c.obj)
                0x0000000000009c98                z_reset_time_slice
 .text.k_sched_time_slice_set
                0x0000000000009cc0       0x74 zephyr/kernel/libkernel.a(sched.c.obj)
                0x0000000000009cc0                k_sched_time_slice_set
 .text.z_reschedule
                0x0000000000009d34       0x2c zephyr/kernel/libkernel.a(sched.c.obj)
                0x0000000000009d34                z_reschedule
 .text.k_sched_lock
                0x0000000000009d60       0x34 zephyr/kernel/libkernel.a(sched.c.obj)
                0x0000000000009d60                k_sched_lock
 .text.update_cache
                0x0000000000009d94       0x50 zephyr/kernel/libkernel.a(sched.c.obj)
 .text.move_thread_to_end_of_prio_q
                0x0000000000009de4       0x8c zephyr/kernel/libkernel.a(sched.c.obj)
 .text.slice_expired_locked
                0x0000000000009e70       0x28 zephyr/kernel/libkernel.a(sched.c.obj)
 .text.z_time_slice
                0x0000000000009e98       0x78 zephyr/kernel/libkernel.a(sched.c.obj)
                0x0000000000009e98                z_time_slice
 .text.ready_thread
                0x0000000000009f10       0x78 zephyr/kernel/libkernel.a(sched.c.obj)
 .text.z_sched_start
                0x0000000000009f88       0x3c zephyr/kernel/libkernel.a(sched.c.obj)
                0x0000000000009f88                z_sched_start
 .text.unready_thread
                0x0000000000009fc4       0x38 zephyr/kernel/libkernel.a(sched.c.obj)
 .text.z_pend_curr
                0x0000000000009ffc       0x28 zephyr/kernel/libkernel.a(sched.c.obj)
                0x0000000000009ffc                z_pend_curr
 .text.z_set_prio
                0x000000000000a024       0xbc zephyr/kernel/libkernel.a(sched.c.obj)
                0x000000000000a024                z_set_prio
 .text.z_impl_k_thread_suspend
                0x000000000000a0e0       0x74 zephyr/kernel/libkernel.a(sched.c.obj)
                0x000000000000a0e0                z_impl_k_thread_suspend
 .text.k_sched_unlock
                0x000000000000a154       0x40 zephyr/kernel/libkernel.a(sched.c.obj)
                0x000000000000a154                k_sched_unlock
 .text.end_thread
                0x000000000000a194       0x64 zephyr/kernel/libkernel.a(sched.c.obj)
 .text.z_sched_init
                0x000000000000a1f8       0x18 zephyr/kernel/libkernel.a(sched.c.obj)
                0x000000000000a1f8                z_sched_init
 .text.z_impl_k_yield
                0x000000000000a210       0x8c zephyr/kernel/libkernel.a(sched.c.obj)
                0x000000000000a210                z_impl_k_yield
 .text.z_tick_sleep
                0x000000000000a29c       0x98 zephyr/kernel/libkernel.a(sched.c.obj)
 .text.z_impl_k_sleep
                0x000000000000a334       0x54 zephyr/kernel/libkernel.a(sched.c.obj)
                0x000000000000a334                z_impl_k_sleep
 .text.z_impl_z_current_get
                0x000000000000a388        0xc zephyr/kernel/libkernel.a(sched.c.obj)
                0x000000000000a388                z_impl_z_current_get
 .text.z_thread_abort
                0x000000000000a394       0x70 zephyr/kernel/libkernel.a(sched.c.obj)
                0x000000000000a394                z_thread_abort
 .text.z_sched_wait
                0x000000000000a404       0x28 zephyr/kernel/libkernel.a(sched.c.obj)
                0x000000000000a404                z_sched_wait
 .text.z_data_copy
                0x000000000000a42c       0x34 zephyr/kernel/libkernel.a(xip.c.obj)
                0x000000000000a42c                z_data_copy
 .text.first    0x000000000000a460       0x14 zephyr/kernel/libkernel.a(timeout.c.obj)
 .text.next     0x000000000000a474       0x18 zephyr/kernel/libkernel.a(timeout.c.obj)
 .text.elapsed  0x000000000000a48c       0x18 zephyr/kernel/libkernel.a(timeout.c.obj)
 .text.next_timeout
                0x000000000000a4a4       0x4c zephyr/kernel/libkernel.a(timeout.c.obj)
 .text.z_add_timeout
                0x000000000000a4f0      0x114 zephyr/kernel/libkernel.a(timeout.c.obj)
                0x000000000000a4f0                z_add_timeout
 .text.sys_clock_announce
                0x000000000000a604       0xc4 zephyr/kernel/libkernel.a(timeout.c.obj)
                0x000000000000a604                sys_clock_announce
 .text.sys_clock_tick_get
                0x000000000000a6c8       0x40 zephyr/kernel/libkernel.a(timeout.c.obj)
                0x000000000000a6c8                sys_clock_tick_get
 .text.z_timer_expiration_handler
                0x000000000000a708       0xdc zephyr/kernel/libkernel.a(timer.c.obj)
                0x000000000000a708                z_timer_expiration_handler
 .text.z_impl_k_timer_start
                0x000000000000a7e4       0xb0 zephyr/kernel/libkernel.a(timer.c.obj)
                0x000000000000a7e4                z_impl_k_timer_start
 .text.k_aligned_alloc
                0x000000000000a894       0x14 zephyr/kernel/libkernel.a(mempool.c.obj)
                0x000000000000a894                k_aligned_alloc
 .text.k_thread_system_pool_assign
                0x000000000000a8a8        0xc zephyr/kernel/libkernel.a(mempool.c.obj)
                0x000000000000a8a8                k_thread_system_pool_assign
 .text.boot_banner
                0x000000000000a8b4       0x1c zephyr/kernel/libkernel.a(banner.c.obj)
                0x000000000000a8b4                boot_banner
 .text.statics_init
                0x000000000000a8d0       0x24 zephyr/kernel/libkernel.a(kheap.c.obj)
 .text.k_sys_work_q_init
                0x000000000000a8f4       0x34 zephyr/kernel/libkernel.a(system_work_q.c.obj)
 .text.nrf_cc3xx_platform_init_no_rng
                0x000000000000a928       0x38 /home/neuberfran/nordic_connect_sw2/nrfxlib/crypto/nrf_cc312_platform/lib/cortex-m33/soft-float/no-interrupts/libnrf_cc312_platform_0.9.15.a(nrf_cc3xx_platform.c.obj)
                0x000000000000a928                nrf_cc3xx_platform_init_no_rng
 .text.nrf_cc3xx_platform_abort
                0x000000000000a960       0x24 /home/neuberfran/nordic_connect_sw2/nrfxlib/crypto/nrf_cc312_platform/lib/cortex-m33/soft-float/no-interrupts/libnrf_cc312_platform_0.9.15.a(nrf_cc3xx_platform_abort.c.obj)
 .text.CC_PalAbort
                0x000000000000a984       0x44 /home/neuberfran/nordic_connect_sw2/nrfxlib/crypto/nrf_cc312_platform/lib/cortex-m33/soft-float/no-interrupts/libnrf_cc312_platform_0.9.15.a(nrf_cc3xx_platform_abort.c.obj)
                0x000000000000a984                CC_PalAbort
 .text.nrf_cc3xx_platform_set_abort
                0x000000000000a9c8       0x10 /home/neuberfran/nordic_connect_sw2/nrfxlib/crypto/nrf_cc312_platform/lib/cortex-m33/soft-float/no-interrupts/libnrf_cc312_platform_0.9.15.a(nrf_cc3xx_platform_abort.c.obj)
                0x000000000000a9c8                nrf_cc3xx_platform_set_abort
 .text.mutex_free
                0x000000000000a9d8       0x28 /home/neuberfran/nordic_connect_sw2/nrfxlib/crypto/nrf_cc312_platform/lib/cortex-m33/soft-float/no-interrupts/libnrf_cc312_platform_0.9.15.a(nrf_cc3xx_platform_mutex.c.obj)
 .text.mutex_lock
                0x000000000000aa00       0x40 /home/neuberfran/nordic_connect_sw2/nrfxlib/crypto/nrf_cc312_platform/lib/cortex-m33/soft-float/no-interrupts/libnrf_cc312_platform_0.9.15.a(nrf_cc3xx_platform_mutex.c.obj)
 .text.mutex_unlock
                0x000000000000aa40       0x30 /home/neuberfran/nordic_connect_sw2/nrfxlib/crypto/nrf_cc312_platform/lib/cortex-m33/soft-float/no-interrupts/libnrf_cc312_platform_0.9.15.a(nrf_cc3xx_platform_mutex.c.obj)
 .text.mutex_init
                0x000000000000aa70       0x1c /home/neuberfran/nordic_connect_sw2/nrfxlib/crypto/nrf_cc312_platform/lib/cortex-m33/soft-float/no-interrupts/libnrf_cc312_platform_0.9.15.a(nrf_cc3xx_platform_mutex.c.obj)
 .text.nrf_cc3xx_platform_set_mutexes
                0x000000000000aa8c       0x68 /home/neuberfran/nordic_connect_sw2/nrfxlib/crypto/nrf_cc312_platform/lib/cortex-m33/soft-float/no-interrupts/libnrf_cc312_platform_0.9.15.a(nrf_cc3xx_platform_mutex.c.obj)
                0x000000000000aa8c                nrf_cc3xx_platform_set_mutexes
 .text.CC_LibInitNoRng
                0x000000000000aaf4       0x28 /home/neuberfran/nordic_connect_sw2/nrfxlib/crypto/nrf_cc312_platform/lib/cortex-m33/soft-float/no-interrupts/libnrf_cc312_platform_0.9.15.a(cc_lib.c.obj)
                0x000000000000aaf4                CC_LibInitNoRng
 .text.CC_HalInit
                0x000000000000ab1c        0x4 /home/neuberfran/nordic_connect_sw2/nrfxlib/crypto/nrf_cc312_platform/lib/cortex-m33/soft-float/no-interrupts/libnrf_cc312_platform_0.9.15.a(cc_hal.c.obj)
                0x000000000000ab1c                CC_HalInit
 .text.CC_PalInit
                0x000000000000ab20       0x5c /home/neuberfran/nordic_connect_sw2/nrfxlib/crypto/nrf_cc312_platform/lib/cortex-m33/soft-float/no-interrupts/libnrf_cc312_platform_0.9.15.a(cc_pal.c.obj)
                0x000000000000ab20                CC_PalInit
 .text.CC_PalTerminate
                0x000000000000ab7c       0x34 /home/neuberfran/nordic_connect_sw2/nrfxlib/crypto/nrf_cc312_platform/lib/cortex-m33/soft-float/no-interrupts/libnrf_cc312_platform_0.9.15.a(cc_pal.c.obj)
                0x000000000000ab7c                CC_PalTerminate
 .text.CC_PalDmaInit
                0x000000000000abb0        0x4 /home/neuberfran/nordic_connect_sw2/nrfxlib/crypto/nrf_cc312_platform/lib/cortex-m33/soft-float/no-interrupts/libnrf_cc312_platform_0.9.15.a(cc_pal_dma.c.obj)
                0x000000000000abb0                CC_PalDmaInit
 .text.CC_PalDmaTerminate
                0x000000000000abb4        0x4 /home/neuberfran/nordic_connect_sw2/nrfxlib/crypto/nrf_cc312_platform/lib/cortex-m33/soft-float/no-interrupts/libnrf_cc312_platform_0.9.15.a(cc_pal_dma.c.obj)
                0x000000000000abb4                CC_PalDmaTerminate
 .text.CC_PalMutexCreate
                0x000000000000abb8       0x14 /home/neuberfran/nordic_connect_sw2/nrfxlib/crypto/nrf_cc312_platform/lib/cortex-m33/soft-float/no-interrupts/libnrf_cc312_platform_0.9.15.a(cc_pal_mutex.c.obj)
                0x000000000000abb8                CC_PalMutexCreate
 .text.CC_PalMutexDestroy
                0x000000000000abcc       0x14 /home/neuberfran/nordic_connect_sw2/nrfxlib/crypto/nrf_cc312_platform/lib/cortex-m33/soft-float/no-interrupts/libnrf_cc312_platform_0.9.15.a(cc_pal_mutex.c.obj)
                0x000000000000abcc                CC_PalMutexDestroy
 .text.CC_PalPowerSaveModeInit
                0x000000000000abe0       0x3c /home/neuberfran/nordic_connect_sw2/nrfxlib/crypto/nrf_cc312_platform/lib/cortex-m33/soft-float/no-interrupts/libnrf_cc312_platform_0.9.15.a(cc_pal_pm.c.obj)
                0x000000000000abe0                CC_PalPowerSaveModeInit
 .text._OffsetAbsSyms
                0x000000000000ac1c        0x2 zephyr/CMakeFiles/offsets.dir/./arch/arm/core/offsets/offsets.c.obj
                0x000000000000ac1c                _OffsetAbsSyms
 .text.cbprintf_via_va_list
                0x000000000000ac1e        0xe zephyr/libzephyr.a(cbprintf_packaged.c.obj)
 .text.get_package_len
                0x000000000000ac2c       0x2a zephyr/libzephyr.a(cbprintf_packaged.c.obj)
 .text.append_string
                0x000000000000ac56       0x2e zephyr/libzephyr.a(cbprintf_packaged.c.obj)
 .text.cbpprintf_external
                0x000000000000ac84       0x5e zephyr/libzephyr.a(cbprintf_packaged.c.obj)
                0x000000000000ac84                cbpprintf_external
 .text.sys_notify_validate
                0x000000000000ace2       0x2e zephyr/libzephyr.a(notify.c.obj)
                0x000000000000ace2                sys_notify_validate
 .text.sys_notify_finalize
                0x000000000000ad10       0x1a zephyr/libzephyr.a(notify.c.obj)
                0x000000000000ad10                sys_notify_finalize
 .text.arch_printk_char_out
                0x000000000000ad2a        0x4 zephyr/libzephyr.a(printk.c.obj)
                0x000000000000ad2a                arch_printk_char_out
 .text.str_out  0x000000000000ad2e       0x30 zephyr/libzephyr.a(printk.c.obj)
 .text.vprintk  0x000000000000ad5e        0x8 zephyr/libzephyr.a(printk.c.obj)
                0x000000000000ad5e                vprintk
 .text.printk   0x000000000000ad66       0x1c zephyr/libzephyr.a(printk.c.obj)
                0x000000000000ad66                printk
 .text.snprintk
                0x000000000000ad82       0x1c zephyr/libzephyr.a(printk.c.obj)
                0x000000000000ad82                snprintk
 .text.set_state
                0x000000000000ad9e       0x10 zephyr/libzephyr.a(onoff.c.obj)
 .text.notify_monitors
                0x000000000000adae       0x44 zephyr/libzephyr.a(onoff.c.obj)
 .text.process_recheck
                0x000000000000adf2       0x32 zephyr/libzephyr.a(onoff.c.obj)
 .text.process_complete
                0x000000000000ae24       0xa2 zephyr/libzephyr.a(onoff.c.obj)
 .text.validate_args
                0x000000000000aec6       0x2a zephyr/libzephyr.a(onoff.c.obj)
 .text.notify_one
                0x000000000000aef0       0x26 zephyr/libzephyr.a(onoff.c.obj)
 .text.notify_all
                0x000000000000af16       0x2e zephyr/libzephyr.a(onoff.c.obj)
 .text.transition_complete
                0x000000000000af44       0x1c zephyr/libzephyr.a(onoff.c.obj)
 .text.onoff_manager_init
                0x000000000000af60       0x3a zephyr/libzephyr.a(onoff.c.obj)
                0x000000000000af60                onoff_manager_init
 .text.onoff_request
                0x000000000000af9a       0xc2 zephyr/libzephyr.a(onoff.c.obj)
                0x000000000000af9a                onoff_request
 .text.onoff_sync_lock
                0x000000000000b05c       0x16 zephyr/libzephyr.a(onoff.c.obj)
                0x000000000000b05c                onoff_sync_lock
 .text.onoff_sync_finalize
                0x000000000000b072       0x4a zephyr/libzephyr.a(onoff.c.obj)
                0x000000000000b072                onoff_sync_finalize
 .text.z_thread_entry
                0x000000000000b0bc       0x14 zephyr/libzephyr.a(thread_entry.c.obj)
                0x000000000000b0bc                z_thread_entry
 .text.set_chunk_used
                0x000000000000b0d0       0x38 zephyr/libzephyr.a(heap.c.obj)
 .text.chunk_mem
                0x000000000000b108       0x16 zephyr/libzephyr.a(heap.c.obj)
 .text.free_list_remove_bidx
                0x000000000000b11e       0x6e zephyr/libzephyr.a(heap.c.obj)
 .text.free_list_add_bidx
                0x000000000000b18c       0xa4 zephyr/libzephyr.a(heap.c.obj)
 .text.split_chunks
                0x000000000000b230       0x86 zephyr/libzephyr.a(heap.c.obj)
 .text.mem_to_chunkid
                0x000000000000b2b6       0x16 zephyr/libzephyr.a(heap.c.obj)
 .text.free_list_add
                0x000000000000b2cc       0x52 zephyr/libzephyr.a(heap.c.obj)
 .text.alloc_chunk
                0x000000000000b31e       0xa2 zephyr/libzephyr.a(heap.c.obj)
 .text.sys_heap_alloc
                0x000000000000b3c0       0x7c zephyr/libzephyr.a(heap.c.obj)
                0x000000000000b3c0                sys_heap_alloc
 .text.sys_heap_aligned_alloc
                0x000000000000b43c      0x11e zephyr/libzephyr.a(heap.c.obj)
                0x000000000000b43c                sys_heap_aligned_alloc
 .text.sys_heap_init
                0x000000000000b55a       0xfc zephyr/libzephyr.a(heap.c.obj)
                0x000000000000b55a                sys_heap_init
 .text.extract_decimal
                0x000000000000b656       0x26 zephyr/libzephyr.a(cbprintf_complete.c.obj)
 .text.extract_width
                0x000000000000b67c       0x5e zephyr/libzephyr.a(cbprintf_complete.c.obj)
 .text.extract_prec
                0x000000000000b6da       0x64 zephyr/libzephyr.a(cbprintf_complete.c.obj)
 .text.extract_length
                0x000000000000b73e       0xce zephyr/libzephyr.a(cbprintf_complete.c.obj)
 .text.extract_specifier
                0x000000000000b80c      0x122 zephyr/libzephyr.a(cbprintf_complete.c.obj)
 .text.extract_conversion
                0x000000000000b92e       0x44 zephyr/libzephyr.a(cbprintf_complete.c.obj)
 .text.conversion_radix
                0x000000000000b972       0x2a zephyr/libzephyr.a(cbprintf_complete.c.obj)
 .text.encode_uint
                0x000000000000b99c       0xa0 zephyr/libzephyr.a(cbprintf_complete.c.obj)
 .text.store_count
                0x000000000000ba3c       0x3e zephyr/libzephyr.a(cbprintf_complete.c.obj)
 .text.outs     0x000000000000ba7a       0x34 zephyr/libzephyr.a(cbprintf_complete.c.obj)
 .text.free_space
                0x000000000000baae       0x2a zephyr/libzephyr.a(mpsc_pbuf.c.obj)
 .text.get_usage
                0x000000000000bad8       0x24 zephyr/libzephyr.a(mpsc_pbuf.c.obj)
 .text.max_utilization_update
                0x000000000000bafc       0x26 zephyr/libzephyr.a(mpsc_pbuf.c.obj)
 .text.add_skip_item
                0x000000000000bb22       0x52 zephyr/libzephyr.a(mpsc_pbuf.c.obj)
 .text.drop_item_locked
                0x000000000000bb74      0x114 zephyr/libzephyr.a(mpsc_pbuf.c.obj)
 .text.mpsc_pbuf_init
                0x000000000000bc88       0x42 zephyr/libzephyr.a(mpsc_pbuf.c.obj)
                0x000000000000bc88                mpsc_pbuf_init
 .text.mpsc_pbuf_alloc
                0x000000000000bcca      0x11c zephyr/libzephyr.a(mpsc_pbuf.c.obj)
                0x000000000000bcca                mpsc_pbuf_alloc
 .text.mpsc_pbuf_commit
                0x000000000000bde6       0x52 zephyr/libzephyr.a(mpsc_pbuf.c.obj)
                0x000000000000bde6                mpsc_pbuf_commit
 .text.mpsc_pbuf_claim
                0x000000000000be38       0xe2 zephyr/libzephyr.a(mpsc_pbuf.c.obj)
                0x000000000000be38                mpsc_pbuf_claim
 .text.mpsc_pbuf_free
                0x000000000000bf1a       0x7a zephyr/libzephyr.a(mpsc_pbuf.c.obj)
                0x000000000000bf1a                mpsc_pbuf_free
 .text.mpsc_pbuf_is_pending
                0x000000000000bf94       0x18 zephyr/libzephyr.a(mpsc_pbuf.c.obj)
                0x000000000000bf94                mpsc_pbuf_is_pending
 .text._ConfigAbsSyms
                0x000000000000bfac        0x2 zephyr/libzephyr.a(configs.c.obj)
                0x000000000000bfac                _ConfigAbsSyms
 .text.arch_busy_wait
                0x000000000000bfae        0x8 zephyr/libzephyr.a(soc.c.obj)
                0x000000000000bfae                arch_busy_wait
 .text.nrf_regulators_system_off
                0x000000000000bfb6        0xe zephyr/libzephyr.a(power.c.obj)
 .text.pm_state_exit_post_ops
                0x000000000000bfc4        0xc zephyr/libzephyr.a(power.c.obj)
                0x000000000000bfc4                pm_state_exit_post_ops
 .text.mbox_register_callback
                0x000000000000bfd0       0x1e zephyr/libzephyr.a(sync_rtc.c.obj)
 .text.z_impl_mbox_set_enabled
                0x000000000000bfee       0x1a zephyr/libzephyr.a(sync_rtc.c.obj)
 .text.rtc_cb   0x000000000000c008       0x14 zephyr/libzephyr.a(sync_rtc.c.obj)
 .text.mbox_callback
                0x000000000000c01c       0x1c zephyr/libzephyr.a(sync_rtc.c.obj)
 .text.log_msg_generic_get_wlen
                0x000000000000c038       0x22 zephyr/libzephyr.a(log_core.c.obj)
 .text.dummy_timestamp
                0x000000000000c05a        0x4 zephyr/libzephyr.a(log_core.c.obj)
 .text.msg_filter_check
                0x000000000000c05e        0x4 zephyr/libzephyr.a(log_core.c.obj)
 .text.default_get_timestamp
                0x000000000000c062        0x8 zephyr/libzephyr.a(log_core.c.obj)
 .text.k_msleep
                0x000000000000c06a       0x2c zephyr/libzephyr.a(log_core.c.obj)
 .text.z_log_vprintk
                0x000000000000c096       0x1e zephyr/libzephyr.a(log_core.c.obj)
                0x000000000000c096                z_log_vprintk
 .text.notify_drop
                0x000000000000c0b4        0xa zephyr/libzephyr.a(log_core.c.obj)
 .text.z_log_get_tag
                0x000000000000c0be        0x4 zephyr/libzephyr.a(log_core.c.obj)
                0x000000000000c0be                z_log_get_tag
 .text.z_cbprintf_cpy
                0x000000000000c0c2       0x2c zephyr/libzephyr.a(log_msg.c.obj)
 .text.z_log_msg_finalize
                0x000000000000c0ee       0x30 zephyr/libzephyr.a(log_msg.c.obj)
                0x000000000000c0ee                z_log_msg_finalize
 .text.z_impl_z_log_msg_static_create
                0x000000000000c11e       0x92 zephyr/libzephyr.a(log_msg.c.obj)
                0x000000000000c11e                z_impl_z_log_msg_static_create
 .text.z_impl_z_log_msg_runtime_vcreate
                0x000000000000c1b0       0x88 zephyr/libzephyr.a(log_msg.c.obj)
                0x000000000000c1b0                z_impl_z_log_msg_runtime_vcreate
 .text.buffer_write
                0x000000000000c238       0x1a zephyr/libzephyr.a(log_output.c.obj)
 .text.cbvprintf
                0x000000000000c252       0x10 zephyr/libzephyr.a(log_output.c.obj)
 .text.color_prefix
                0x000000000000c262        0xc zephyr/libzephyr.a(log_output.c.obj)
 .text.color_postfix
                0x000000000000c26e        0xc zephyr/libzephyr.a(log_output.c.obj)
 .text.postfix_print
                0x000000000000c27a       0x18 zephyr/libzephyr.a(log_output.c.obj)
 .text.log_msg_hexdump
                0x000000000000c292       0x36 zephyr/libzephyr.a(log_output.c.obj)
 .text.log_output_flush
                0x000000000000c2c8       0x1a zephyr/libzephyr.a(log_output.c.obj)
                0x000000000000c2c8                log_output_flush
 .text.out_func
                0x000000000000c2e2       0x30 zephyr/libzephyr.a(log_output.c.obj)
 .text.cr_out_func
                0x000000000000c312       0x1c zephyr/libzephyr.a(log_output.c.obj)
 .text.k_msleep
                0x000000000000c32e       0x2c zephyr/libzephyr.a(log_backend_rtt.c.obj)
 .text.z_impl_mbox_send
                0x000000000000c35a       0x1a zephyr/libzephyr.a(ipc_rpmsg_static_vrings.c.obj)
 .text.mbox_register_callback
                0x000000000000c374       0x1e zephyr/libzephyr.a(ipc_rpmsg_static_vrings.c.obj)
 .text.z_impl_mbox_set_enabled
                0x000000000000c392       0x1a zephyr/libzephyr.a(ipc_rpmsg_static_vrings.c.obj)
 .text.shm_size
                0x000000000000c3ac       0x22 zephyr/libzephyr.a(ipc_rpmsg_static_vrings.c.obj)
 .text.virtio_notify_cb
                0x000000000000c3ce       0x12 zephyr/libzephyr.a(ipc_rpmsg_static_vrings.c.obj)
 .text.get_tx_buffer_size
                0x000000000000c3e0        0x8 zephyr/libzephyr.a(ipc_rpmsg_static_vrings.c.obj)
 .text.drop_tx_buffer
                0x000000000000c3e8        0x6 zephyr/libzephyr.a(ipc_rpmsg_static_vrings.c.obj)
 .text.release_rx_buffer
                0x000000000000c3ee       0x16 zephyr/libzephyr.a(ipc_rpmsg_static_vrings.c.obj)
 .text.hold_rx_buffer
                0x000000000000c404       0x16 zephyr/libzephyr.a(ipc_rpmsg_static_vrings.c.obj)
 .text.send_nocopy
                0x000000000000c41a       0x3c zephyr/libzephyr.a(ipc_rpmsg_static_vrings.c.obj)
 .text.get_tx_buffer
                0x000000000000c456       0x92 zephyr/libzephyr.a(ipc_rpmsg_static_vrings.c.obj)
 .text.get_ept_slot_with_name
                0x000000000000c4e8       0x30 zephyr/libzephyr.a(ipc_rpmsg_static_vrings.c.obj)
 .text.get_ept  0x000000000000c518       0x28 zephyr/libzephyr.a(ipc_rpmsg_static_vrings.c.obj)
 .text.rpmsg_service_unbind
                0x000000000000c540        0x8 zephyr/libzephyr.a(ipc_rpmsg_static_vrings.c.obj)
 .text.register_ept_on_host
                0x000000000000c548       0x72 zephyr/libzephyr.a(ipc_rpmsg_static_vrings.c.obj)
 .text.ns_bind_cb
                0x000000000000c5ba       0x6e zephyr/libzephyr.a(ipc_rpmsg_static_vrings.c.obj)
 .text.register_ept_on_remote
                0x000000000000c628       0x3e zephyr/libzephyr.a(ipc_rpmsg_static_vrings.c.obj)
 .text.register_ept
                0x000000000000c666       0x4c zephyr/libzephyr.a(ipc_rpmsg_static_vrings.c.obj)
 .text.rpmsg_send
                0x000000000000c6b2       0x1a zephyr/libzephyr.a(ipc_rpmsg_static_vrings.c.obj)
 .text.ept_cb   0x000000000000c6cc       0x2e zephyr/libzephyr.a(ipc_rpmsg_static_vrings.c.obj)
 .text.vr_shm_configure
                0x000000000000c6fa       0x8c zephyr/libzephyr.a(ipc_rpmsg_static_vrings.c.obj)
 .text.mbox_callback
                0x000000000000c786       0x10 zephyr/libzephyr.a(ipc_rpmsg_static_vrings.c.obj)
 .text.mbox_callback_process
                0x000000000000c796       0x1e zephyr/libzephyr.a(ipc_rpmsg_static_vrings.c.obj)
 .text.backend_init
                0x000000000000c7b4       0x28 zephyr/libzephyr.a(ipc_rpmsg_static_vrings.c.obj)
 .text.rpmsg_service_unbind
                0x000000000000c7dc        0x8 zephyr/libzephyr.a(ipc_rpmsg.c.obj)
 .text.virtio_notify
                0x000000000000c7e4       0x12 zephyr/libzephyr.a(ipc_static_vrings.c.obj)
 .text.virtio_set_features
                0x000000000000c7f6        0x2 zephyr/libzephyr.a(ipc_static_vrings.c.obj)
 .text.virtio_set_status
                0x000000000000c7f8        0xc zephyr/libzephyr.a(ipc_static_vrings.c.obj)
 .text.virtio_get_features
                0x000000000000c804        0x4 zephyr/libzephyr.a(ipc_static_vrings.c.obj)
 .text.virtio_get_status
                0x000000000000c808       0x14 zephyr/libzephyr.a(ipc_static_vrings.c.obj)
 .text.virtqueue_allocate
                0x000000000000c81c       0x1c zephyr/libzephyr.a(ipc_static_vrings.c.obj)
 .text.atomic_test_and_clear_bit
                0x000000000000c838       0x30 zephyr/libzephyr.a(pm.c.obj)
 .text.atomic_set_bit
                0x000000000000c868       0x1e zephyr/libzephyr.a(pm.c.obj)
 .text.pm_policy_state_lock_is_active
                0x000000000000c886        0x4 zephyr/libzephyr.a(policy.c.obj)
                0x000000000000c886                pm_policy_state_lock_is_active
 .text.abort_function
                0x000000000000c88a        0x8 zephyr/libzephyr.a(nrf_cc3xx_platform_abort_zephyr.c.obj)
 .text.z_arm_fatal_error
                0x000000000000c892       0x18 zephyr/arch/arch/arm/core/aarch32/libarch__arm__core__aarch32.a(fatal.c.obj)
                0x000000000000c892                z_arm_fatal_error
 .text.z_do_kernel_oops
                0x000000000000c8aa        0xc zephyr/arch/arch/arm/core/aarch32/libarch__arm__core__aarch32.a(fatal.c.obj)
                0x000000000000c8aa                z_do_kernel_oops
 .text.arch_irq_enable
                0x000000000000c8b6        0xa zephyr/arch/arch/arm/core/aarch32/libarch__arm__core__aarch32.a(irq_manage.c.obj)
                0x000000000000c8b6                arch_irq_enable
 .text.arch_irq_disable
                0x000000000000c8c0        0xa zephyr/arch/arch/arm/core/aarch32/libarch__arm__core__aarch32.a(irq_manage.c.obj)
                0x000000000000c8c0                arch_irq_disable
 .text.z_arm_irq_priority_set
                0x000000000000c8ca        0xc zephyr/arch/arch/arm/core/aarch32/libarch__arm__core__aarch32.a(irq_manage.c.obj)
                0x000000000000c8ca                z_arm_irq_priority_set
 .text.z_irq_spurious
                0x000000000000c8d6        0xc zephyr/arch/arch/arm/core/aarch32/libarch__arm__core__aarch32.a(irq_manage.c.obj)
                0x000000000000c8d6                z_irq_spurious
 .text.z_arm_nmi
                0x000000000000c8e2        0xc zephyr/arch/arch/arm/core/aarch32/libarch__arm__core__aarch32.a(nmi.c.obj)
                0x000000000000c8e2                z_arm_nmi
 .text.configure_builtin_stack_guard
                0x000000000000c8ee        0xa zephyr/arch/arch/arm/core/aarch32/libarch__arm__core__aarch32.a(thread.c.obj)
                0x000000000000c8ee                configure_builtin_stack_guard
 .text.memory_fault_recoverable
                0x000000000000c8f8        0x4 zephyr/arch/arch/arm/core/aarch32/cortex_m/libarch__arm__core__aarch32__cortex_m.a(fault.c.obj)
 .text.fault_handle
                0x000000000000c8fc       0x4a zephyr/arch/arch/arm/core/aarch32/cortex_m/libarch__arm__core__aarch32__cortex_m.a(fault.c.obj)
 .text.sys_arch_reboot
                0x000000000000c946        0x6 zephyr/arch/arch/arm/core/aarch32/cortex_m/libarch__arm__core__aarch32__cortex_m.a(scb.c.obj)
                0x000000000000c946                sys_arch_reboot
 .text.arm_cmse_mpu_region_get
                0x000000000000c94c       0x14 zephyr/arch/arch/arm/core/aarch32/cortex_m/cmse/libarch__arm__core__aarch32__cortex_m__cmse.a(arm_core_cmse.c.obj)
                0x000000000000c94c                arm_cmse_mpu_region_get
 .text.region_init
                0x000000000000c960       0x28 zephyr/arch/arch/arm/core/aarch32/mpu/libarch__arm__core__aarch32__mpu.a(arm_mpu.c.obj)
 .text.mpu_partition_is_valid
                0x000000000000c988       0x24 zephyr/arch/arch/arm/core/aarch32/mpu/libarch__arm__core__aarch32__mpu.a(arm_mpu.c.obj)
 .text.get_region_index
                0x000000000000c9ac       0x22 zephyr/arch/arch/arm/core/aarch32/mpu/libarch__arm__core__aarch32__mpu.a(arm_mpu.c.obj)
 .text.mpu_configure_region
                0x000000000000c9ce       0x3e zephyr/arch/arch/arm/core/aarch32/mpu/libarch__arm__core__aarch32__mpu.a(arm_mpu.c.obj)
 .text.arm_core_mpu_configure_static_mpu_regions
                0x000000000000ca0c        0x8 zephyr/arch/arch/arm/core/aarch32/mpu/libarch__arm__core__aarch32__mpu.a(arm_mpu.c.obj)
                0x000000000000ca0c                arm_core_mpu_configure_static_mpu_regions
 .text.arm_core_mpu_mark_areas_for_dynamic_regions
                0x000000000000ca14        0x8 zephyr/arch/arch/arm/core/aarch32/mpu/libarch__arm__core__aarch32__mpu.a(arm_mpu.c.obj)
                0x000000000000ca14                arm_core_mpu_mark_areas_for_dynamic_regions
 .text.strcpy   0x000000000000ca1c       0x14 zephyr/lib/libc/minimal/liblib__libc__minimal.a(string.c.obj)
                0x000000000000ca1c                strcpy
 .text.strncpy  0x000000000000ca30       0x34 zephyr/lib/libc/minimal/liblib__libc__minimal.a(string.c.obj)
                0x000000000000ca30                strncpy
 .text.strlen   0x000000000000ca64       0x12 zephyr/lib/libc/minimal/liblib__libc__minimal.a(string.c.obj)
                0x000000000000ca64                strlen
 .text.strnlen  0x000000000000ca76       0x14 zephyr/lib/libc/minimal/liblib__libc__minimal.a(string.c.obj)
                0x000000000000ca76                strnlen
 .text.strcmp   0x000000000000ca8a       0x16 zephyr/lib/libc/minimal/liblib__libc__minimal.a(string.c.obj)
                0x000000000000ca8a                strcmp
 .text.strncmp  0x000000000000caa0       0x26 zephyr/lib/libc/minimal/liblib__libc__minimal.a(string.c.obj)
                0x000000000000caa0                strncmp
 .text.memcpy   0x000000000000cac6       0x5e zephyr/lib/libc/minimal/liblib__libc__minimal.a(string.c.obj)
                0x000000000000cac6                memcpy
 .text.memset   0x000000000000cb24       0x3c zephyr/lib/libc/minimal/liblib__libc__minimal.a(string.c.obj)
                0x000000000000cb24                memset
 .text._stdout_hook_default
                0x000000000000cb60        0x6 zephyr/lib/libc/minimal/liblib__libc__minimal.a(stdout_console.c.obj)
 .text.setup    0x000000000000cb66        0xa zephyr/boards/boards/arm/thingy53_nrf5340_cpuapp/libboards__arm__thingy53_nrf5340.a(board.c.obj)
 .text.nrf_clock_is_running
                0x000000000000cb70       0x74 zephyr/drivers/clock_control/libdrivers__clock_control.a(clock_control_nrf.c.obj)
 .text.get_sub_data
                0x000000000000cbe4        0xe zephyr/drivers/clock_control/libdrivers__clock_control.a(clock_control_nrf.c.obj)
 .text.get_sub_config
                0x000000000000cbf2        0xc zephyr/drivers/clock_control/libdrivers__clock_control.a(clock_control_nrf.c.obj)
 .text.get_onoff_manager
                0x000000000000cbfe        0xc zephyr/drivers/clock_control/libdrivers__clock_control.a(clock_control_nrf.c.obj)
 .text.get_status
                0x000000000000cc0a       0x10 zephyr/drivers/clock_control/libdrivers__clock_control.a(clock_control_nrf.c.obj)
 .text.set_off_state
                0x000000000000cc1a       0x32 zephyr/drivers/clock_control/libdrivers__clock_control.a(clock_control_nrf.c.obj)
 .text.set_starting_state
                0x000000000000cc4c       0x3c zephyr/drivers/clock_control/libdrivers__clock_control.a(clock_control_nrf.c.obj)
 .text.set_on_state
                0x000000000000cc88       0x26 zephyr/drivers/clock_control/libdrivers__clock_control.a(clock_control_nrf.c.obj)
 .text.clkstarted_handle
                0x000000000000ccae       0x24 zephyr/drivers/clock_control/libdrivers__clock_control.a(clock_control_nrf.c.obj)
 .text.stop     0x000000000000ccd2       0x2a zephyr/drivers/clock_control/libdrivers__clock_control.a(clock_control_nrf.c.obj)
 .text.api_stop
                0x000000000000ccfc        0xa zephyr/drivers/clock_control/libdrivers__clock_control.a(clock_control_nrf.c.obj)
 .text.async_start
                0x000000000000cd06       0x38 zephyr/drivers/clock_control/libdrivers__clock_control.a(clock_control_nrf.c.obj)
 .text.api_start
                0x000000000000cd3e       0x10 zephyr/drivers/clock_control/libdrivers__clock_control.a(clock_control_nrf.c.obj)
 .text.onoff_started_callback
                0x000000000000cd4e       0x10 zephyr/drivers/clock_control/libdrivers__clock_control.a(clock_control_nrf.c.obj)
 .text.hfclk_start
                0x000000000000cd5e        0xa zephyr/drivers/clock_control/libdrivers__clock_control.a(clock_control_nrf.c.obj)
 .text.hfclkaudio_start
                0x000000000000cd68        0xa zephyr/drivers/clock_control/libdrivers__clock_control.a(clock_control_nrf.c.obj)
 .text.hfclk192m_start
                0x000000000000cd72        0xa zephyr/drivers/clock_control/libdrivers__clock_control.a(clock_control_nrf.c.obj)
 .text.lfclk_start
                0x000000000000cd7c        0xa zephyr/drivers/clock_control/libdrivers__clock_control.a(clock_control_nrf.c.obj)
 .text.hfclk_stop
                0x000000000000cd86        0xa zephyr/drivers/clock_control/libdrivers__clock_control.a(clock_control_nrf.c.obj)
 .text.hfclkaudio_stop
                0x000000000000cd90        0xa zephyr/drivers/clock_control/libdrivers__clock_control.a(clock_control_nrf.c.obj)
 .text.hfclk192m_stop
                0x000000000000cd9a        0xa zephyr/drivers/clock_control/libdrivers__clock_control.a(clock_control_nrf.c.obj)
 .text.lfclk_stop
                0x000000000000cda4        0xa zephyr/drivers/clock_control/libdrivers__clock_control.a(clock_control_nrf.c.obj)
 .text.k_msleep
                0x000000000000cdae       0x2c zephyr/drivers/clock_control/libdrivers__clock_control.a(clock_control_nrf.c.obj)
 .text.blocking_start_callback
                0x000000000000cdda        0xa zephyr/drivers/clock_control/libdrivers__clock_control.a(clock_control_nrf.c.obj)
 .text.k_msleep
                0x000000000000cde4       0x2c zephyr/drivers/console/libdrivers__console.a(rtt_console.c.obj)
 .text.wait     0x000000000000ce10       0x12 zephyr/drivers/console/libdrivers__console.a(rtt_console.c.obj)
 .text.sys_slist_remove
                0x000000000000ce22       0x26 zephyr/drivers/gpio/libdrivers__gpio.a(gpio_nrfx.c.obj)
 .text.sys_slist_find_and_remove
                0x000000000000ce48       0x20 zephyr/drivers/gpio/libdrivers__gpio.a(gpio_nrfx.c.obj)
 .text.gpio_manage_callback
                0x000000000000ce68       0x34 zephyr/drivers/gpio/libdrivers__gpio.a(gpio_nrfx.c.obj)
 .text.gpio_fire_callbacks
                0x000000000000ce9c       0x40 zephyr/drivers/gpio/libdrivers__gpio.a(gpio_nrfx.c.obj)
 .text.get_drive
                0x000000000000cedc       0x86 zephyr/drivers/gpio/libdrivers__gpio.a(gpio_nrfx.c.obj)
 .text.get_pull
                0x000000000000cf62       0x18 zephyr/drivers/gpio/libdrivers__gpio.a(gpio_nrfx.c.obj)
 .text.gpio_nrfx_port_get_raw
                0x000000000000cf7a        0xc zephyr/drivers/gpio/libdrivers__gpio.a(gpio_nrfx.c.obj)
 .text.gpio_nrfx_port_set_masked_raw
                0x000000000000cf86       0x14 zephyr/drivers/gpio/libdrivers__gpio.a(gpio_nrfx.c.obj)
 .text.gpio_nrfx_port_set_bits_raw
                0x000000000000cf9a        0xa zephyr/drivers/gpio/libdrivers__gpio.a(gpio_nrfx.c.obj)
 .text.gpio_nrfx_port_clear_bits_raw
                0x000000000000cfa4        0xa zephyr/drivers/gpio/libdrivers__gpio.a(gpio_nrfx.c.obj)
 .text.gpio_nrfx_port_toggle_bits
                0x000000000000cfae       0x14 zephyr/drivers/gpio/libdrivers__gpio.a(gpio_nrfx.c.obj)
 .text.get_trigger
                0x000000000000cfc2       0x2c zephyr/drivers/gpio/libdrivers__gpio.a(gpio_nrfx.c.obj)
 .text.gpio_nrfx_manage_callback
                0x000000000000cfee        0xc zephyr/drivers/gpio/libdrivers__gpio.a(gpio_nrfx.c.obj)
 .text.nrfx_gpio_handler
                0x000000000000cffa       0x1e zephyr/drivers/gpio/libdrivers__gpio.a(gpio_nrfx.c.obj)
 .text.pinctrl_apply_state
                0x000000000000d018       0x20 zephyr/drivers/i2c/libdrivers__i2c.a(i2c_nrfx_twim.c.obj)
 .text.irq_connect1
                0x000000000000d038        0xe zephyr/drivers/i2c/libdrivers__i2c.a(i2c_nrfx_twim.c.obj)
 .text.z_impl_gpio_pin_configure
                0x000000000000d046       0x50 zephyr/drivers/spi/libdrivers__spi.a(spi_nrfx_spim.c.obj)
 .text.gpio_pin_configure_dt
                0x000000000000d096       0x16 zephyr/drivers/spi/libdrivers__spi.a(spi_nrfx_spim.c.obj)
 .text.gpio_pin_set_raw
                0x000000000000d0ac       0x20 zephyr/drivers/spi/libdrivers__spi.a(spi_nrfx_spim.c.obj)
 .text.gpio_pin_set